{"_id":"63689de0e80bff5a994fa4c0","area_name":"Jerusalem","shortCode":"","climbs":[{"_id":"1PlK1BjrVYCeXw/9Awfkqg==","name":"Sour Wine","yds":"V1-","grades":{"yds":"V1-","font":"5-","vscale":"V1-"},"fa":"Josef Lovin","type":{"bouldering":true},"safety":"UNSPECIFIED","metadata":{"lnglat":{"type":"Point","coordinates":[-105.24396,39.74262]},"left_right_index":0,"mp_id":"118858157","mp_crag_id":"118849936","climb_id":"1PlK1BjrVYCeXw/9Awfkqg==","areaRef":"flQKCkboWliQpU3xlJ5ZTg=="},"content":{"description":"Begin with a low start left of\n\nGolgotha\n\n, and move up on superb crimps. Take it slow, and juggle some topout holds!","protection":"Pads.","location":"Find the boulder positioned on the entrance to Jerusalem. It is the first route as you walk by."},"__v":0},{"_id":"N9GfD8yHU5Wt/rbA4VQxBA==","name":"Lamentations","yds":"5.8","grades":{"yds":"5.8","french":"5b"},"fa":"Jay Eggleston","type":{"trad":true,"tr":true},"safety":"UNSPECIFIED","metadata":{"lnglat":{"type":"Point","coordinates":[-105.24396,39.74262]},"left_right_index":5,"mp_id":"119286882","mp_crag_id":"118849936","climb_id":"N9GfD8yHU5Wt/rbA4VQxBA==","areaRef":"flQKCkboWliQpU3xlJ5ZTg=="},"content":{"description":"This is the left-facing dihedral on the far right side of the crag and right of the other climbs. It starts out very easy getting to the dihedral which contains a thin crack. The crack is fun and you may use some face holds shared with\n\nEzekiel\n\n. After the small roof near the top, the climb joins the\n\nEzekiel\n\ncrack to the left for the final few moves.","protection":"A standard rack up to a #2 Camalot with lots of small (finger-sized) cams. Anchor to a tree at the top.","location":"The climb goes up the left-facing dihedral on the right side of the crag. It is to the right of\n\nEzekiel\n\n. The first moves are easy and covered with much debris."},"__v":0},{"_id":"OrW63nqPUK+wyp59zxqiUg==","name":"Jeremiah","yds":"5.7","grades":{"yds":"5.7","french":"5a"},"fa":"","type":{"trad":true},"safety":"UNSPECIFIED","metadata":{"lnglat":{"type":"Point","coordinates":[-105.24396,39.74262]},"left_right_index":2,"mp_id":"118849961","mp_crag_id":"118849936","climb_id":"OrW63nqPUK+wyp59zxqiUg==","areaRef":"flQKCkboWliQpU3xlJ5ZTg=="},"content":{"description":"Climb the arete all the way to the top. From the ground, start out on some easy moves climbing about 8 feet before getting some good gear in a seam. Continue on the easy moves placing gear where it’s presented until you gain the unique dihedral arete feature. Enjoy the exposure, and take it to the top! There is great gear for the entirety, and this is a really fun 5.7.\n\nOnce reaching the ledge at the top, you can scramble on the left to reach a tree. It is best to bring your follower up.","protection":"A single rack to a #2.","location":"Start on the bottom left edge of Jerusalem roughly following the arete all the way to the top."},"__v":0},{"_id":"aBkxsUw5Xy2rzANW8it67w==","name":"Habakkuk","yds":"5.8+","grades":{"yds":"5.8+","french":"5b"},"fa":"","type":{"trad":true},"safety":"UNSPECIFIED","metadata":{"lnglat":{"type":"Point","coordinates":[-105.24396,39.74262]},"left_right_index":3,"mp_id":"118850012","mp_crag_id":"118849936","climb_id":"aBkxsUw5Xy2rzANW8it67w==","areaRef":"flQKCkboWliQpU3xlJ5ZTg=="},"content":{"description":"“‘Woe to him who piles up stolen goods and makes himself wealthy by extortion!\"\n\nStart just to the left of\n\nEzekiel\n\n. Habakkuk is the left of the two crack lines going up through the center of the face.\n\nClimb up easy terrain placing pro where you get it until you reach the ledge. Step up, place a high piece in the crack, and make a couple moves to a rest and the upper section of the climb. The top moves are the best, so enjoy!\n\nOnce reaching the ledge at the top, you can scramble on the left to reach a tree. It is best to bring your follower up.","protection":"A single rack to #2 and small gear for the crux.","location":"It is just right of\n\nJeremiah\n\n."},"__v":0},{"_id":"y9ABFP4LVzKUOtlYZMojMQ==","name":"Golgotha","yds":"V1","grades":{"yds":"V1","font":"5","vscale":"V1"},"fa":"Joe Lovin, 2020","type":{"bouldering":true},"safety":"UNSPECIFIED","metadata":{"lnglat":{"type":"Point","coordinates":[-105.24396,39.74262]},"left_right_index":1,"mp_id":"118851574","mp_crag_id":"118849936","climb_id":"y9ABFP4LVzKUOtlYZMojMQ==","areaRef":"flQKCkboWliQpU3xlJ5ZTg=="},"content":{"description":"Start low in the center of the face, and go straight up on crimps and jugs to the top.","protection":"Pad(s).","location":"On the trail just before arriving at Jerusalem."},"__v":0},{"_id":"0fKGYeAgV8qJSZI+ZEbLLA==","name":"Ezekiel","yds":"5.7","grades":{"yds":"5.7","french":"5a"},"fa":"","type":{"trad":true},"safety":"UNSPECIFIED","metadata":{"lnglat":{"type":"Point","coordinates":[-105.24396,39.74262]},"left_right_index":4,"mp_id":"118850171","mp_crag_id":"118849936","climb_id":"0fKGYeAgV8qJSZI+ZEbLLA==","areaRef":"flQKCkboWliQpU3xlJ5ZTg=="},"content":{"description":"\"I will take your heart of stone and give you a heart of flesh.\"\n\nClimb easy but steep, juggy terrain up to a small ledge. Proceed through a couple of cracks up the face and past a mini-roof and then up a shallow corner to the top. Decent gear for the first half leads to some bomber placements for the entire second half.\n\nOnce reaching the ledge at the top, you can scramble on the left to reach a tree. It is best to bring your follower up.","protection":"A single rack to a #2.","location":"Just right of\n\nHabakkuk\n\n, Ezekiel is the obvious, double crack feature going through the small overhang."},"__v":0}],"children":[],"ancestors":"1db1e8ba-a40e-587c-88a4-64f5ea814b8e,ab48aed5-2e8d-54bb-b099-6140fe1f098f,b34b81ad-639b-5002-8b62-fcc081599499,1ffa3b18-4f54-590a-9797-47633944b5b3,4505eee0-a1bb-5f14-b9ad-c004945fadd2,9c276b0e-c9a3-5395-b420-af4ebc560977,7e540a0a-46e8-5a58-90a5-4df1949e594e","pathTokens":["USA","Colorado","Golden","Lookout Mountain Road","Tiers of Zion","D. Zion West","Jerusalem"],"gradeContext":"US","aggregate":{"byGrade":[{"count":1,"label":"V1-"},{"count":1,"label":"5.8"},{"count":2,"label":"5.7"},{"count":1,"label":"5.8+"},{"count":1,"label":"V1"}],"byDiscipline":{"trad":{"total":4,"bands":{"unknown":0,"beginner":4,"intermediate":0,"advanced":0,"expert":0}},"bouldering":{"total":2,"bands":{"unknown":0,"beginner":1,"intermediate":1,"advanced":0,"expert":0}},"tr":{"total":1,"bands":{"unknown":0,"beginner":1,"intermediate":0,"advanced":0,"expert":0}}},"byGradeBand":{"unknown":0,"beginner":5,"intermediate":1,"advanced":0,"expert":0}},"metadata":{"isBoulder":false,"isDestination":false,"leaf":true,"lnglat":{"type":"Point","coordinates":[-105.24396,39.74262]},"bbox":[-105.24454479130762,39.742170339818145,-105.24337520869234,39.74306966018187],"left_right_index":-1,"ext_id":"118849936","area_id":"flQKCkboWliQpU3xlJ5ZTg==","polygon":{"type":"Polygon","coordinates":[[[-105.24454479130762,39.742170339818145],[-105.24337520869234,39.742170339818145],[-105.24337520869234,39.74306966018187],[-105.24454479130762,39.74306966018187],[-105.24454479130762,39.742170339818145]]]}},"content":{"description":""},"density":0,"totalClimbs":6,"__v":1,"createdAt":"2022-11-07T05:57:03.034Z","updatedAt":"2024-02-19T18:32:47.167Z"}