{"_id":"63689de0e80bff5a994fa553","area_name":"Deja Reve Area","shortCode":"","climbs":[{"_id":"QPAUC9gjXtS2s/jJhxsGIw==","name":"Deja Reve","yds":"V9-","grades":{"yds":"V9-","font":"7C","vscale":"V9-"},"fa":"Nick Chavis","type":{"bouldering":true},"safety":"UNSPECIFIED","metadata":{"lnglat":{"type":"Point","coordinates":[-105.40388,39.74113]},"left_right_index":999999,"mp_id":"121185579","mp_crag_id":"121185552","climb_id":"QPAUC9gjXtS2s/jJhxsGIw==","areaRef":"1IXDeimgVdWhc83lVZI3sQ=="},"content":{"description":"This has nice, features climbing with dynamic movement.","protection":"","location":"It is up the hill from the Moulin Rouge Boulder. You can see if from the boulder, up the hill a bit."},"__v":0}],"children":[],"ancestors":"1db1e8ba-a40e-587c-88a4-64f5ea814b8e,ab48aed5-2e8d-54bb-b099-6140fe1f098f,b34b81ad-639b-5002-8b62-fcc081599499,8af5df63-9dd1-5fb2-9ef1-c3c3860494f5,1de754f8-6d8a-5c18-b6ea-794fc033fbad,73bddf7d-bfed-506b-bafc-c9ff6cb347c6,d485c37a-29a0-55d5-a173-cde5559237b1","pathTokens":["USA","Colorado","Golden","Clear Creek Canyon","Clear Creek Canyon Bouldering","Bike Path Boulders (Near Catslab)","Deja Reve Area"],"gradeContext":"US","aggregate":{"byGrade":[{"count":1,"label":"V9-"}],"byDiscipline":{"bouldering":{"total":1,"bands":{"unknown":0,"beginner":0,"intermediate":0,"advanced":0,"expert":1}}},"byGradeBand":{"unknown":0,"beginner":0,"intermediate":0,"advanced":0,"expert":1}},"metadata":{"isBoulder":false,"isDestination":false,"leaf":true,"lnglat":{"type":"Point","coordinates":[-105.40388,39.74113]},"bbox":[-105.40446477866328,39.740680339818134,-105.40329522133673,39.741579660181856],"left_right_index":-1,"ext_id":"121185552","area_id":"1IXDeimgVdWhc83lVZI3sQ=="},"content":{"description":""},"density":0,"totalClimbs":1,"__v":1,"createdAt":"2022-11-07T05:57:04.433Z","updatedAt":"2024-01-15T16:44:17.523Z"}