{"_id":"63689de0e80bff5a994fa532","area_name":"Jerky Boulder (263)","shortCode":"","climbs":[{"_id":"x5xycAlPW5WYeo9uE4oLAw==","name":"Word to Your Mother","yds":"V6","grades":{"yds":"V6","font":"7A","vscale":"V6"},"fa":"unknown","type":{"alpine":true,"bouldering":true},"safety":"UNSPECIFIED","metadata":{"lnglat":{"type":"Point","coordinates":[-105.35987,39.73619]},"left_right_index":2,"mp_id":"120169972","mp_crag_id":"106141262","climb_id":"x5xycAlPW5WYeo9uE4oLAw==","areaRef":"fn1e1/HFVqClYbSSXX+uVA=="},"content":{"description":"Sit start under a roof on a right hand undercut and left hand sloper to join\n\nVanilla Ice\n\n, and top out straight above.","protection":"","location":"It is on the Vanilla Ice Boulder."},"__v":0},{"_id":"wKYTevxDXA2vq2pRCppSOA==","name":"Vanilla Ice","yds":"V6","grades":{"yds":"V6","font":"7A","vscale":"V6"},"fa":"unknown","type":{"alpine":true,"bouldering":true},"safety":"UNSPECIFIED","metadata":{"lnglat":{"type":"Point","coordinates":[-105.35987,39.73619]},"left_right_index":0,"mp_id":"120169955","mp_crag_id":"106141262","climb_id":"wKYTevxDXA2vq2pRCppSOA==","areaRef":"fn1e1/HFVqClYbSSXX+uVA=="},"content":{"description":"Sit start on the left side, traverse in to the right on flakes, then top out straight up.","protection":"Ice.","location":"It is over the river from the Jerky Boulder and requires a frozen river."},"__v":0},{"_id":"LIQgc/YDWQKcwGwelZHQFw==","name":"Vanilla Dredd","yds":"V7","grades":{"yds":"V7","font":"7A+","vscale":"V7"},"fa":"unknown","type":{"alpine":true,"bouldering":true},"safety":"UNSPECIFIED","metadata":{"lnglat":{"type":"Point","coordinates":[-105.35987,39.73619]},"left_right_index":1,"mp_id":"120251749","mp_crag_id":"106141262","climb_id":"LIQgc/YDWQKcwGwelZHQFw==","areaRef":"fn1e1/HFVqClYbSSXX+uVA=="},"content":{"description":"Link\n\nVanilla Ice\n\ninto the finish of\n\nDoctor Dredd\n\n.","protection":"","location":""},"__v":0},{"_id":"lGKBTh3mW9W6iRI+r6xjeA==","name":"Snot Rocket","yds":"V7","grades":{"yds":"V7","font":"7A+","vscale":"V7"},"fa":"Jason Baker","type":{"alpine":true,"bouldering":true},"safety":"UNSPECIFIED","metadata":{"lnglat":{"type":"Point","coordinates":[-105.35987,39.73619]},"left_right_index":999999,"mp_id":"106141283","mp_crag_id":"106141262","climb_id":"lGKBTh3mW9W6iRI+r6xjeA==","areaRef":"fn1e1/HFVqClYbSSXX+uVA=="},"content":{"description":"This route starts in the small cave on the right side of the boulder on a left-sloping crimp and a right undercling. Go left to another sloping crimp, heelhook, and go right to a crimper/gaston. Several desperate sequences can be done to gain a jug, and then finish with a scary but decent and easy topout up right.","protection":"Pads.","location":"It is riverside and on the right as you look at the boulder."},"__v":0},{"_id":"Ck9oNRogVdicg6ROX3zatg==","name":"Pops","yds":"V6","grades":{"yds":"V6","font":"7A","vscale":"V6"},"fa":"???","type":{"alpine":true,"bouldering":true},"safety":"UNSPECIFIED","metadata":{"lnglat":{"type":"Point","coordinates":[-105.35987,39.73619]},"left_right_index":999999,"mp_id":"106141267","mp_crag_id":"106141262","climb_id":"Ck9oNRogVdicg6ROX3zatg==","areaRef":"fn1e1/HFVqClYbSSXX+uVA=="},"content":{"description":"On the left side of the boulder, start on a sloping, right ledge and a sloping nose on the left. Climb right up to the sloping pinch, then get your left in the undercling/pocket, and huck for the jug. The problem is good 'till here.... I have done a really scary and chossy topout that I would only recommend if you have large balls!!!","protection":"Pads.","location":"It is riverside and on the left side of the boulder."},"__v":0},{"_id":"Zpgh2OrtUbW0ovqIYKSxPQ==","name":"No Name","yds":"V10","grades":{"yds":"V10","font":"7C+","vscale":"V10"},"fa":"Lance Carrera","type":{"alpine":true,"bouldering":true},"safety":"UNSPECIFIED","metadata":{"lnglat":{"type":"Point","coordinates":[-105.35987,39.73619]},"left_right_index":4,"mp_id":"120359405","mp_crag_id":"106141262","climb_id":"Zpgh2OrtUbW0ovqIYKSxPQ==","areaRef":"fn1e1/HFVqClYbSSXX+uVA=="},"content":{"description":"Start low in the cave on a good, incut, left hand jug and your right hand around the bulge on a pinch. Use a finicky foot jam to find your way to the start of “\n\nWord to Your Mother\n\n,” and finish for this line as well.\n\nThis was named after the iconic climb\n\nSpider Tracks\n\nin Minnesota.","protection":"A lot of ice and pads.","location":"It is across from the Turkey Boulder."},"__v":0},{"_id":"OohRBRuwWGW3k3TSjrH65Q==","name":"Doctor Dredd","yds":"V7","grades":{"yds":"V7","font":"7A+","vscale":"V7"},"fa":"unknown","type":{"alpine":true,"bouldering":true},"safety":"UNSPECIFIED","metadata":{"lnglat":{"type":"Point","coordinates":[-105.35987,39.73619]},"left_right_index":3,"mp_id":"120251758","mp_crag_id":"106141262","climb_id":"OohRBRuwWGW3k3TSjrH65Q==","areaRef":"fn1e1/HFVqClYbSSXX+uVA=="},"content":{"description":"Start as for\n\nWord to Your Mother\n\n. Once out of the roof, head right to the arete before topping out. This is a bit contrived but has great moves.","protection":"","location":""},"__v":0}],"children":[],"ancestors":"1db1e8ba-a40e-587c-88a4-64f5ea814b8e,ab48aed5-2e8d-54bb-b099-6140fe1f098f,b34b81ad-639b-5002-8b62-fcc081599499,8af5df63-9dd1-5fb2-9ef1-c3c3860494f5,1de754f8-6d8a-5c18-b6ea-794fc033fbad,7e7d5ed7-f1c5-56a0-a561-b4925d7fae54","pathTokens":["USA","Colorado","Golden","Clear Creek Canyon","Clear Creek Canyon Bouldering","Jerky Boulder (263)"],"gradeContext":"US","aggregate":{"byGrade":[{"count":3,"label":"V6"},{"count":3,"label":"V7"},{"count":1,"label":"V10"}],"byDiscipline":{"bouldering":{"total":7,"bands":{"unknown":0,"beginner":0,"intermediate":0,"advanced":0,"expert":7}},"alpine":{"total":7,"bands":{"unknown":0,"beginner":0,"intermediate":0,"advanced":0,"expert":7}}},"byGradeBand":{"unknown":0,"beginner":0,"intermediate":0,"advanced":0,"expert":7}},"metadata":{"isBoulder":false,"isDestination":false,"leaf":true,"lnglat":{"type":"Point","coordinates":[-105.35987,39.73619]},"bbox":[-105.36045473674848,39.73574033981815,-105.35928526325155,39.73663966018187],"left_right_index":-1,"ext_id":"106141262","area_id":"fn1e1/HFVqClYbSSXX+uVA==","polygon":{"type":"Polygon","coordinates":[[[-105.36045473674848,39.73574033981815],[-105.35928526325155,39.73574033981815],[-105.35928526325155,39.73663966018187],[-105.36045473674848,39.73663966018187],[-105.36045473674848,39.73574033981815]]]}},"content":{"description":""},"density":0,"totalClimbs":7,"__v":1,"createdAt":"2022-11-07T05:57:04.427Z","updatedAt":"2024-02-19T18:32:49.919Z"}