{"_id":"63689de0e80bff5a994fa53d","area_name":"Fridge With No Name Boulder","shortCode":"","climbs":[{"_id":"qwkJlxXhVz6iXtJcijj09w==","name":"Fridge With No Name (low)","yds":"V7","grades":{"yds":"V7","font":"7A+","vscale":"V7"},"fa":"unknown","type":{"bouldering":true},"safety":"UNSPECIFIED","metadata":{"lnglat":{"type":"Point","coordinates":[-105.2481,39.75053]},"left_right_index":999999,"mp_id":"121806247","mp_crag_id":"121457708","climb_id":"qwkJlxXhVz6iXtJcijj09w==","areaRef":"jTlvdH79UGKJO6uk0LXQWA=="},"content":{"description":"Start with your left hand where the stand start left-heel is placed and your right hand approximately a foot below the stand starts' right hand placement.\n\nThe perceived difficulty of this problem (& stand start) may vary widely due to height and wingspan.","protection":"Pads.","location":""},"__v":0},{"_id":"T4XtUaZ2XiKFsXho2UTPbg==","name":"Fridge With No Name","yds":"V4-5","grades":{"yds":"V4-5","font":"6B+","vscale":"V4-5"},"fa":"unknown","type":{"bouldering":true},"safety":"UNSPECIFIED","metadata":{"lnglat":{"type":"Point","coordinates":[-105.2481,39.75053]},"left_right_index":999999,"mp_id":"121239336","mp_crag_id":"121457708","climb_id":"T4XtUaZ2XiKFsXho2UTPbg==","areaRef":"jTlvdH79UGKJO6uk0LXQWA=="},"content":{"description":"Start as low as you can on both aretes. This climb gets much harder the smaller your wingspan is. Those with a span below 5'8\" may not be able to reach the start holds. Thrutchy and flexible compression leads to a pleasant seam crimp and a relaxed topout. Try not to dab on the rock to the left.\n\nI couldn't find any information on this boulder, and it has certainly gotten much easier to access with the new trail. If you have any additional info on name or first ascentionist, please share.","protection":"","location":"It is easiest to get to this problem from the Tunnel 1 Trailhead. Head down the creek for about 5 minutes, and there will be a large, horizontal boulder on your left. Just across the path and at the base of the gully is this boulder."},"__v":0}],"children":[],"ancestors":"1db1e8ba-a40e-587c-88a4-64f5ea814b8e,ab48aed5-2e8d-54bb-b099-6140fe1f098f,b34b81ad-639b-5002-8b62-fcc081599499,8af5df63-9dd1-5fb2-9ef1-c3c3860494f5,1de754f8-6d8a-5c18-b6ea-794fc033fbad,6cd01780-bed5-58dd-8a9a-eab2800ee7c6,8d396f74-7efd-5062-893b-aba4d0b5d058","pathTokens":["USA","Colorado","Golden","Clear Creek Canyon","Clear Creek Canyon Bouldering","Tunnel 1 Trail Boulders","Fridge With No Name Boulder"],"gradeContext":"US","aggregate":{"byGrade":[{"count":1,"label":"V7"},{"count":1,"label":"V4-5"}],"byDiscipline":{"bouldering":{"total":2,"bands":{"unknown":0,"beginner":0,"intermediate":0,"advanced":1,"expert":1}}},"byGradeBand":{"unknown":0,"beginner":0,"intermediate":0,"advanced":1,"expert":1}},"metadata":{"isBoulder":false,"isDestination":false,"leaf":true,"lnglat":{"type":"Point","coordinates":[-105.2481,39.75053]},"bbox":[-105.2486848584488,39.75008033981813,-105.24751514155116,39.75097966018186],"left_right_index":-1,"ext_id":"121457708","area_id":"jTlvdH79UGKJO6uk0LXQWA=="},"content":{"description":""},"density":0,"totalClimbs":2,"__v":1,"createdAt":"2022-11-07T05:57:04.429Z","updatedAt":"2024-01-15T16:44:16.965Z"}