{"_id":"63689de0e80bff5a994fa490","area_name":"Microchasm","shortCode":"","climbs":[{"_id":"f52M0OMHUWayYyU0Bb8/Hg==","name":"Via Parfet’s Ferrata","yds":"4th","grades":{"yds":"4th","french":"1"},"fa":"mine workers from back in the day","type":{"trad":true},"safety":"UNSPECIFIED","metadata":{"lnglat":{"type":"Point","coordinates":[-105.20339,39.7106]},"left_right_index":0,"mp_id":"118183137","mp_crag_id":"118183112","climb_id":"f52M0OMHUWayYyU0Bb8/Hg==","areaRef":"Ow+NmJr8UaijuJ55nUe6pg=="},"content":{"description":"The fin of rock that separates the two trenches is a fun, little scramble. This ridge is about 140’ long, ranges from 7’-5” wide, and is mostly 3rd Class or less with a few moves of 4th. It has just enough exposure to make it interesting and definitely feels more spicy when covered in snow.","protection":"None.","location":"Start at the north end to trend up, but it can be done in either direction."},"__v":0}],"children":[],"ancestors":"1db1e8ba-a40e-587c-88a4-64f5ea814b8e,ab48aed5-2e8d-54bb-b099-6140fe1f098f,b34b81ad-639b-5002-8b62-fcc081599499,f976376d-05b6-54ed-a4fd-1263310f0807,3b0f8d98-9afc-51a8-a3b8-9e799d47baa6","pathTokens":["USA","Colorado","Golden","Tin Cup Hogback Park","Microchasm"],"gradeContext":"US","aggregate":{"byGrade":[{"count":1,"label":"4th"}],"byDiscipline":{"trad":{"total":1,"bands":{"unknown":1,"beginner":0,"intermediate":0,"advanced":0,"expert":0}}},"byGradeBand":{"unknown":1,"beginner":0,"intermediate":0,"advanced":0,"expert":0}},"metadata":{"isBoulder":false,"isDestination":false,"leaf":true,"lnglat":{"type":"Point","coordinates":[-105.20339,39.7106]},"bbox":[-105.20397451978862,39.71015033981814,-105.20280548021138,39.71104966018186],"left_right_index":-1,"ext_id":"118183112","area_id":"Ow+NmJr8UaijuJ55nUe6pg=="},"content":{"description":""},"density":0,"totalClimbs":1,"__v":1,"createdAt":"2022-11-07T05:57:02.511Z","updatedAt":"2024-01-15T16:44:13.824Z"}