{"_id":"63689de0e80bff5a994fa4e7","area_name":"Real Hidden Valley","shortCode":"","climbs":[{"_id":"2nh4YK6UUE2jn1N5m1nNog==","name":"Tropicalia","yds":"5.9","grades":{"yds":"5.9","french":"5c"},"fa":"James Dickson","type":{"sport":true},"safety":"UNSPECIFIED","metadata":{"lnglat":{"type":"Point","coordinates":[-105.34678,39.74303]},"left_right_index":5,"mp_id":"108070944","mp_crag_id":"108070786","climb_id":"2nh4YK6UUE2jn1N5m1nNog==","areaRef":"kwJwZ4H1WOShKhM8Az3rDg=="},"content":{"description":"This route is located on the short wall at the base of the Real Hidden Valley crag. Climb the right arete of the wall past 3 bolts to a bolt anchor on top.","protection":"3 bolts, bolt anchor.","location":"This is on a short wall at the base of the Real Hidden Valley."},"__v":0},{"_id":"JPX0n/81V9SolJNmGYj30g==","name":"Paper Tiger","yds":"5.10","grades":{"yds":"5.10","french":"6b"},"fa":"Jonathan Garlough","type":{"sport":true},"safety":"UNSPECIFIED","metadata":{"lnglat":{"type":"Point","coordinates":[-105.34678,39.74303]},"left_right_index":0,"mp_id":"108070797","mp_crag_id":"108070786","climb_id":"JPX0n/81V9SolJNmGYj30g==","areaRef":"kwJwZ4H1WOShKhM8Az3rDg=="},"content":{"description":"Climb the blunt arete on the left side of the wall. Follow the arete/face passing large horizontals to a crux at the top (7 bolts). Finish at a bolt anchor.","protection":"7 bolts to bolt anchor.","location":"This ascends the left arete of the Real Hidden Valley Crag."},"__v":0},{"_id":"e6hm0wDpXV2zSVcqCVNnVA==","name":"Odelay","yds":"5.10c","grades":{"yds":"5.10c","french":"6b"},"fa":"Jonathan Garlough","type":{"sport":true},"safety":"UNSPECIFIED","metadata":{"lnglat":{"type":"Point","coordinates":[-105.34678,39.74303]},"left_right_index":2,"mp_id":"108070869","mp_crag_id":"108070786","climb_id":"e6hm0wDpXV2zSVcqCVNnVA==","areaRef":"kwJwZ4H1WOShKhM8Az3rDg=="},"content":{"description":"Odelay starts up a right-angling ramp. Pull a small overlap and continue up to the upper headwall. Make the crux moves up to gain the face. Move a bit right and follow the face/arete past bolts to a bolt anchor. (7 bolts)","protection":"7 bolts, bolt anchor.","location":"This is the 3rd bolted line from the left at upper Real Hidden Valley."},"__v":0},{"_id":"qllRQ8jkWrKYWtdC9bCCeA==","name":"Natural Weaknesses","yds":"5.8","grades":{"yds":"5.8","french":"5b"},"fa":"left var: Deb Thompson, LP. Right var: Deb Thompson, Dave Rogers, LP","type":{"tr":true},"safety":"UNSPECIFIED","metadata":{"lnglat":{"type":"Point","coordinates":[-105.34678,39.74303]},"left_right_index":4,"mp_id":"108392422","mp_crag_id":"108070786","climb_id":"qllRQ8jkWrKYWtdC9bCCeA==","areaRef":"kwJwZ4H1WOShKhM8Az3rDg=="},"content":{"description":"There is a left line on this lower crag.  Perhaps it's been done.  The left variation goes fairly easily.  The right variation is a bit harder.\n\nAscend a natural weakness on the left side.  Once at the top of the crack, you can swing around to the left on easy terrain.\n\nOr, you can try the slot past the bush passing a bulge.  This was a challenging 10- PG-13.\n\nNote, this may be easier for taller folks.  It could feel harder for thicker folks.  It sort of feels Vedauwoo-esque.\n\nI was considering a bolt on the traverse, but one can do this on gear...with some spice...so no bolt.  It's a bit challenging to get to be able to place pro on the slot, don't miss the good right foot hold.\n\nThis one sort of called out to be climbed after flailing on a thin slab TR probe.","protection":"There are 2 bolts at the top of\n\nTropicalia\n\nfor anchors.\n\nTo do the easier TR, set directionals with a #3.5 and/or #4 Camalot and 4' slings.\n\nTo do the harder TR, directionals with a #3.5 Camalot & 4' sling, #5 Camalot (old size), and #4 Bigbro will reduce swing.\n\nTo lead the right version (which will be interesting), some gear possibilities include: #0.75 Camalot, wire, orange TCU, wire, #3.5 Camalot, yellow Alien, #5 Camalot (old size), #4 Bigbro.","location":"This is on the left side of the lower crag and to the left of\n\nTropicalia\n\n."},"__v":0},{"_id":"nK6Xle4nUgOreN1oJRxv0Q==","name":"Debra","yds":"5.10d","grades":{"yds":"5.10d","french":"6b+"},"fa":"Lincoln Tetherly","type":{"sport":true},"safety":"UNSPECIFIED","metadata":{"lnglat":{"type":"Point","coordinates":[-105.34678,39.74303]},"left_right_index":3,"mp_id":"108070915","mp_crag_id":"108070786","climb_id":"nK6Xle4nUgOreN1oJRxv0Q==","areaRef":"kwJwZ4H1WOShKhM8Az3rDg=="},"content":{"description":"Start up the face with protruding, black holds past a low crux. Continue up the face past horizontals. Move left into the chimney up high. Follow the chimney until it ends. Finish up a groove to a bolt anchor. (8 bolts)","protection":"8 bolts, bolt anchor.","location":"This is the rightmost bolted line at the Real Hidden Valley."},"__v":0},{"_id":"IhvhhdP8Wk6c3CHfND+Tnw==","name":"Clam Power","yds":"5.10c","grades":{"yds":"5.10c","french":"6b"},"fa":"James Dickson","type":{"sport":true},"safety":"UNSPECIFIED","metadata":{"lnglat":{"type":"Point","coordinates":[-105.34678,39.74303]},"left_right_index":1,"mp_id":"108070843","mp_crag_id":"108070786","climb_id":"IhvhhdP8Wk6c3CHfND+Tnw==","areaRef":"kwJwZ4H1WOShKhM8Az3rDg=="},"content":{"description":"Climb up a groove to the first bolt. Follow the slab/face past horizontals to a big black hold on the upper face. Move up and left on the crux to a bolt anchor on top (7 bolts).","protection":"7 bolts, bolt anchor.","location":"This is the 2nd bolted line from the left at upper Real Hidden Valley."},"__v":0}],"children":[],"ancestors":"1db1e8ba-a40e-587c-88a4-64f5ea814b8e,ab48aed5-2e8d-54bb-b099-6140fe1f098f,b34b81ad-639b-5002-8b62-fcc081599499,8af5df63-9dd1-5fb2-9ef1-c3c3860494f5,5ac76ccf-acb4-5c5a-b75c-a2b77cfaab1f,93027067-81f5-58e4-a12a-133c033deb0e","pathTokens":["USA","Colorado","Golden","Clear Creek Canyon","Real Hidden Valley","Real Hidden Valley"],"gradeContext":"US","aggregate":{"byGrade":[{"count":1,"label":"5.9"},{"count":1,"label":"5.10"},{"count":2,"label":"5.10c"},{"count":1,"label":"5.8"},{"count":1,"label":"5.10d"}],"byDiscipline":{"sport":{"total":5,"bands":{"unknown":0,"beginner":0,"intermediate":5,"advanced":0,"expert":0}},"tr":{"total":1,"bands":{"unknown":0,"beginner":1,"intermediate":0,"advanced":0,"expert":0}}},"byGradeBand":{"unknown":0,"beginner":1,"intermediate":5,"advanced":0,"expert":0}},"metadata":{"isBoulder":false,"isDestination":false,"leaf":true,"lnglat":{"type":"Point","coordinates":[-105.34678,39.74303]},"bbox":[-105.34736479478713,39.74258033981814,-105.34619520521288,39.74347966018186],"left_right_index":-1,"ext_id":"108070786","area_id":"kwJwZ4H1WOShKhM8Az3rDg==","polygon":{"type":"Polygon","coordinates":[[[-105.34736479478713,39.74258033981814],[-105.34619520521288,39.74258033981814],[-105.34619520521288,39.74347966018186],[-105.34736479478713,39.74347966018186],[-105.34736479478713,39.74258033981814]]]}},"content":{"description":""},"density":0,"totalClimbs":6,"__v":1,"createdAt":"2022-11-07T05:57:03.395Z","updatedAt":"2024-01-20T01:01:17.743Z"}