{"_id":"63689de0e80bff5a994fa579","area_name":"Beaverbrook Trail Boulders","shortCode":"","climbs":[{"_id":"xgrVmQH2XDax4beLu5hQFg==","name":"Sit, Stay, Send","yds":"V0","grades":{"yds":"V0","font":"4","vscale":"V0"},"fa":"FRA Kevin Cady","type":{"bouldering":true},"safety":"UNSPECIFIED","metadata":{"lnglat":{"type":"Point","coordinates":[-105.23939,39.73283]},"left_right_index":999999,"mp_id":"106788762","mp_crag_id":"106788758","climb_id":"xgrVmQH2XDax4beLu5hQFg==","areaRef":"Mo75kYGcVHucW3/oOtP0Zw=="},"content":{"description":"Start on 2 nice holds and climb using face holds and the left arete.","protection":"Pad and spotter.","location":"This boulder lies just to the right of the trail.  The trail goes through several large boulders and once through these boulders turn back to your right and you will see this face.  Great view."},"__v":0},{"_id":"BKIiXPN3V/a3LLLLo3roOw==","name":"The He's So Flakey Warmup","yds":"V-easy","grades":{"yds":"V-easy","font":"3","vscale":"V-easy"},"fa":"FRA Kevin Cady","type":{"bouldering":true},"safety":"UNSPECIFIED","metadata":{"lnglat":{"type":"Point","coordinates":[-105.23939,39.73283]},"left_right_index":999999,"mp_id":"106788774","mp_crag_id":"106788758","climb_id":"BKIiXPN3V/a3LLLLo3roOw==","areaRef":"Mo75kYGcVHucW3/oOtP0Zw=="},"content":{"description":"Climb the flakes and face holds on the North side of the boulder.  Be careful on a couple of the holds because they have some flex.","protection":"Pad and spotter.  Try to avoid the vegetation.","location":"Start low on the North side of the boulder.  Just around the corner from\n\nSit, Stay, Send\n\n."},"__v":0}],"children":[],"ancestors":"1db1e8ba-a40e-587c-88a4-64f5ea814b8e,ab48aed5-2e8d-54bb-b099-6140fe1f098f,b34b81ad-639b-5002-8b62-fcc081599499,1ffa3b18-4f54-590a-9797-47633944b5b3,328ef991-819c-547b-9c5b-7fe83ad3f467","pathTokens":["USA","Colorado","Golden","Lookout Mountain Road","Beaverbrook Trail Boulders"],"gradeContext":"US","aggregate":{"byGrade":[{"count":1,"label":"V0"},{"count":1,"label":"V-easy"}],"byDiscipline":{"boulder":{"total":2,"bands":{"unknown":1,"beginner":1,"intermediate":0,"advanced":0,"expert":0}}},"byGradeBand":{"unknown":1,"beginner":1,"intermediate":0,"advanced":0,"expert":0}},"metadata":{"isBoulder":false,"isDestination":false,"leaf":true,"lnglat":{"type":"Point","coordinates":[-105.23939,39.73283]},"bbox":[-105.23997470824551,39.732380339818135,-105.23880529175449,39.733279660181864],"left_right_index":-1,"ext_id":"106788758","area_id":"Mo75kYGcVHucW3/oOtP0Zw=="},"content":{"description":""},"density":0,"totalClimbs":2,"__v":1,"createdAt":"2022-11-07T05:57:04.927Z","updatedAt":"2022-11-25T11:17:58.368Z"}