{"_id":"63689de0e80bff5a994fa538","area_name":"Tunnel 1 Trail Boulders","shortCode":"","climbs":[],"children":["63689de0e80bff5a994fa539","63689de0e80bff5a994fa53b","63689de0e80bff5a994fa53c","63689de0e80bff5a994fa53d","63689de0e80bff5a994fa53e"],"ancestors":"1db1e8ba-a40e-587c-88a4-64f5ea814b8e,ab48aed5-2e8d-54bb-b099-6140fe1f098f,b34b81ad-639b-5002-8b62-fcc081599499,8af5df63-9dd1-5fb2-9ef1-c3c3860494f5,1de754f8-6d8a-5c18-b6ea-794fc033fbad,6cd01780-bed5-58dd-8a9a-eab2800ee7c6","pathTokens":["USA","Colorado","Golden","Clear Creek Canyon","Clear Creek Canyon Bouldering","Tunnel 1 Trail Boulders"],"gradeContext":"US","aggregate":{"byGrade":[{"count":1,"label":"Unknown"},{"count":1,"label":"V6-7"},{"count":3,"label":"V7"},{"count":2,"label":"V8"},{"count":1,"label":"V6+"},{"count":1,"label":"V1"},{"count":2,"label":"V9"},{"count":2,"label":"V10"},{"count":3,"label":"V6"},{"count":1,"label":"V8-"},{"count":1,"label":"V3"},{"count":1,"label":"V5-6"},{"count":1,"label":"V5"},{"count":1,"label":"V2"},{"count":1,"label":"V11"},{"count":1,"label":"V4-5"}],"byDiscipline":{"bouldering":{"total":23,"bands":{"unknown":1,"beginner":0,"intermediate":2,"advanced":4,"expert":16}}},"byGradeBand":{"unknown":1,"beginner":0,"intermediate":2,"advanced":4,"expert":16}},"metadata":{"isBoulder":false,"isDestination":false,"leaf":false,"lnglat":{"type":"Point","coordinates":[-105.24911200000001,39.749469999999995]},"bbox":[-105.25181484180959,39.746690339818144,-105.2472851411267,39.751029660181864],"left_right_index":-1,"ext_id":"","area_id":"bNAXgL7VWN2KmuqygA7nxg==","polygon":{"type":"Polygon","coordinates":[[[-105.25070482967078,39.746690339818144],[-105.25181484180959,39.74812033981814],[-105.25181484180959,39.74901966018187],[-105.24882485844883,39.75097966018186],[-105.24845485887333,39.751029660181864],[-105.2472851411267,39.751029660181864],[-105.2472851411267,39.750130339818135],[-105.24953517032924,39.746690339818144],[-105.25070482967078,39.746690339818144]]]}},"content":{"description":""},"density":4.6,"totalClimbs":23,"__v":1,"createdAt":"2022-11-07T05:57:04.428Z","updatedAt":"2024-02-19T18:45:46.196Z"}