{"_id":"63689de0e80bff5a994fa4de","area_name":"Pearly Gates, The","shortCode":"","climbs":[{"_id":"h/7/i+VKVy6mwQ1S68fgmg==","name":"Saint Peter","yds":"5.11b","grades":{"yds":"5.11b","french":"6c"},"fa":"Wolfe, Flachman","type":{"sport":true},"safety":"UNSPECIFIED","metadata":{"lnglat":{"type":"Point","coordinates":[-105.40291,39.74492]},"left_right_index":3,"mp_id":"114085730","mp_crag_id":"114085714","climb_id":"h/7/i+VKVy6mwQ1S68fgmg==","areaRef":"JlZPKcOAWNav2SqW9kVLdw=="},"content":{"description":"Climb up a low angled slab to the overhang. Decode the somewhat technical but powerful crux. Another two interesting mantels lead to the anchor.","protection":"7 draws to an anchor.","location":"This is currently the right bolted line at the crag."},"__v":0},{"_id":"C6UwDMS1XwyEPs79GiJ5rQ==","name":"Right Hand Of God","yds":"5.11c","grades":{"yds":"5.11c","french":"6c+"},"fa":"SB, TW, Sept. 2021","type":{"sport":true},"safety":"UNSPECIFIED","metadata":{"lnglat":{"type":"Point","coordinates":[-105.40291,39.74492]},"left_right_index":1,"mp_id":"121263015","mp_crag_id":"114085714","climb_id":"C6UwDMS1XwyEPs79GiJ5rQ==","areaRef":"JlZPKcOAWNav2SqW9kVLdw=="},"content":{"description":"This is a bit of a step up in difficulty from the neighboring routes but a fun challenge regardless - the crux is perma-drawed, so don't be scared to give it an attempt.\n\nBeta-free description:\n\nmantel up the start to easy slab climbing below the roof (be careful for loose and/or rotten rock in this band as it cleans up). Hit two permadraws on the roof, and pull over, continuing up 3 more easy bulges to the anchor.\n\nBeta-full description:\n\nstart off the ground with a tricky mantel and a first clip, and work up easy slab. Get to the great jug, clip your first permadraw, say your Hail Marys, and get ready for the business. For full value, catch some small crimps in the corner, and make some powerful moves to the good rail where you can catch the second and final permadraw, though if you go to the flake on the left, it's probably slightly easier. Move up to a slightly sloping, flat ledge. Think light thoughts, put on your angel wings, and make the strenuous crux move to the jug rail - you'll understand how this route got its name. Continue on good holds and mantels to the anchor - consider some alpine draws for the 7th and 8th bolts (the next two once you're established above the crux).","protection":"8 bolts + 2 permadraws to the 2 bolt anchor with hooks.","location":"It is 15 feet left of\n\nArchangel\n\n- its permadraws are the obvious giveaway."},"__v":0},{"_id":"b4+7EqYEXGuwHTFKBO4AaA==","name":"Pillar of Salt","yds":"5.8","grades":{"yds":"5.8","french":"5b"},"fa":"TW, IM, Jan. 2022","type":{"sport":true},"safety":"UNSPECIFIED","metadata":{"lnglat":{"type":"Point","coordinates":[-105.40291,39.74492]},"left_right_index":0,"mp_id":"121878163","mp_crag_id":"114085714","climb_id":"b4+7EqYEXGuwHTFKBO4AaA==","areaRef":"JlZPKcOAWNav2SqW9kVLdw=="},"content":{"description":"Pull onto the rib off the ground, and enjoy featured face climbing up progressively whiter colored rock to the anchors under the roof. The crux comes right off the ground.","protection":"7 bolts to a 2 bolt anchor.","location":""},"__v":0},{"_id":"M7cFxh3MVRiWnzEkr0cLnA==","name":"Archangel","yds":"5.11a","grades":{"yds":"5.11a","french":"6c"},"fa":"Wolfe, LaBree","type":{"sport":true},"safety":"UNSPECIFIED","metadata":{"lnglat":{"type":"Point","coordinates":[-105.40291,39.74492]},"left_right_index":2,"mp_id":"114085718","mp_crag_id":"114085714","climb_id":"M7cFxh3MVRiWnzEkr0cLnA==","areaRef":"JlZPKcOAWNav2SqW9kVLdw=="},"content":{"description":"Begin up some low angled slab to the overhang. Layback up a rail in the overhang to an award mantel (crux). Two more bulges lead to the anchor.","protection":"7 draws and an anchor.","location":"This is currently the left bolted line at the crag."},"__v":0}],"children":[],"ancestors":"1db1e8ba-a40e-587c-88a4-64f5ea814b8e,ab48aed5-2e8d-54bb-b099-6140fe1f098f,b34b81ad-639b-5002-8b62-fcc081599499,8af5df63-9dd1-5fb2-9ef1-c3c3860494f5,26564f29-c380-58d6-afd9-2a96f6454b77","pathTokens":["USA","Colorado","Golden","Clear Creek Canyon","Pearly Gates, The"],"gradeContext":"US","aggregate":{"byGrade":[{"count":1,"label":"5.11b"},{"count":1,"label":"5.11c"},{"count":1,"label":"5.8"},{"count":1,"label":"5.11a"}],"byDiscipline":{"sport":{"total":4,"bands":{"unknown":0,"beginner":1,"intermediate":0,"advanced":3,"expert":0}}},"byGradeBand":{"unknown":0,"beginner":1,"intermediate":0,"advanced":3,"expert":0}},"metadata":{"isBoulder":false,"isDestination":false,"leaf":true,"lnglat":{"type":"Point","coordinates":[-105.40291,39.74492]},"bbox":[-105.40349481082764,39.74447033981813,-105.4023251891724,39.74536966018186],"left_right_index":-1,"ext_id":"114085714","area_id":"JlZPKcOAWNav2SqW9kVLdw==","polygon":{"type":"Polygon","coordinates":[[[-105.40349481082764,39.74447033981813],[-105.4023251891724,39.74447033981813],[-105.4023251891724,39.74536966018186],[-105.40349481082764,39.74536966018186],[-105.40349481082764,39.74447033981813]]]}},"content":{"description":""},"density":0,"totalClimbs":4,"__v":1,"createdAt":"2022-11-07T05:57:03.393Z","updatedAt":"2024-02-19T18:32:48.539Z"}