{"_id":"63689de0e80bff5a994fa58f","area_name":"Crater Crag of North Quarry","shortCode":"","climbs":[{"_id":"e7Qhuz9OWNai+2oF//XzBw==","name":"Sweet","yds":"5.11a","grades":{"yds":"5.11a","french":"6c"},"fa":"Bob Horan/Mark Soot","type":{"trad":true},"safety":"R","metadata":{"lnglat":{"type":"Point","coordinates":[-105.22439,39.77473]},"left_right_index":8,"mp_id":"106393634","mp_crag_id":"106393595","climb_id":"e7Qhuz9OWNai+2oF//XzBw==","areaRef":"rhX0ebcSVoOzwusGGa+x5A=="},"content":{"description":"The crux involves thin face and finger crack moves and stablization when placing small but good RPs.","protection":"Cams to 2.5, small 1-1.5 stoppers or similar RPs, protect easy hand crack start to base of thin section with cams or use bolts on start of\n\nMountain Lion\n\n. 2 bolt belay.","location":"This is the prominent classic crack right of\n\nMountain Lion\n\n."},"__v":0},{"_id":"2JBhCQdvXwKj8NOd+dg/2w==","name":"Sending Choss","yds":"5.8+","grades":{"yds":"5.8+","french":"5b"},"fa":"Deb Thompson, LP","type":{"tr":true},"safety":"UNSPECIFIED","metadata":{"lnglat":{"type":"Point","coordinates":[-105.22439,39.77473]},"left_right_index":0,"mp_id":"108368147","mp_crag_id":"106393595","climb_id":"2JBhCQdvXwKj8NOd+dg/2w==","areaRef":"rhX0ebcSVoOzwusGGa+x5A=="},"content":{"description":"Sending Choss is an interesting line that winds up being looser than it looks but has some interesting moves.  Don't do this unless you like to tread lightly on adventure rock.  In fact, the average North Table Mountain climber won't like this route.\n\nIf we haven't scared you away yet, start up a dihedral on the left side of the Crater Crag.  Be careful with the blocks on the right of the start.  On the upper part, there are certainly fragile holds to use and stem on.  The face just left works when the dihedral rock quality submerges.  The topout is loose...but on a small scale.\n\nUse an anchor off to the right to belay.\n\nWe cleaned probably a hundred pounds of rock of this one, but another hundred or more may come off if that upper flake system fails.  Watch yourself.\n\nI don't think this warrants fixed hardware.","protection":"An anchor using #3, #3.5, and #4 Camalots works.  Using your rope to sling your top belayer is better.","location":"This is on the far left side of the Crater Crag."},"__v":0},{"_id":"rH/1FL4NXL2tN16DPU0WxQ==","name":"Rancid","yds":"5.10-","grades":{"yds":"5.10-","french":"6a"},"fa":"Deaun Schovajsa/Dave Gottenborg, 1994?","type":{"sport":true},"safety":"UNSPECIFIED","metadata":{"lnglat":{"type":"Point","coordinates":[-105.22439,39.77473]},"left_right_index":2,"mp_id":"106393674","mp_crag_id":"106393595","climb_id":"rH/1FL4NXL2tN16DPU0WxQ==","areaRef":"rhX0ebcSVoOzwusGGa+x5A=="},"content":{"description":"This involves thin, face climbing.","protection":"5 bolts/ no anchors up top/old pipe in rock summit.","location":"This route is pictured and described in old Hubbel guide and described in new Haas guide and is actually located on the left  side of Crater Crag/North Quarry Area's east-facing wall, and the\n\nMisty\n\nroute and all, on the east face, nice shade in the afternoon during winter months. In Jason's guide he says it is 60 feet right of\n\nCracking Up\n\n, but it is actually on the opposite, east side of the wall from the latter route.  It is an easy mistake to make."},"__v":0},{"_id":"mvbVO3kFU+uQTX4hUR68Ww==","name":"Mountain Lion","yds":"5.11b","grades":{"yds":"5.11b","french":"6c"},"fa":"Bob Horan/Alex Shaiman","type":{"sport":true},"safety":"UNSPECIFIED","metadata":{"lnglat":{"type":"Point","coordinates":[-105.22439,39.77473]},"left_right_index":7,"mp_id":"106393621","mp_crag_id":"106393595","climb_id":"mvbVO3kFU+uQTX4hUR68Ww==","areaRef":"rhX0ebcSVoOzwusGGa+x5A=="},"content":{"description":"This has two cruxes, first when moving diagonally left over the slight bulge, then at top when moving left via small edges and smears.","protection":"9 bolts to 2 bolt anchors.","location":"This is located just right of\n\nGolden Arete\n\n, begin with\n\nSweet\n\nthen move left."},"__v":0},{"_id":"4Cp4shIiVv69LSloJiI/MQ==","name":"Misty","yds":"5.11d","grades":{"yds":"5.11d","french":"7a"},"fa":"Bob Horan/AH","type":{"sport":true},"safety":"UNSPECIFIED","metadata":{"lnglat":{"type":"Point","coordinates":[-105.22439,39.77473]},"left_right_index":5,"mp_id":"106393603","mp_crag_id":"106393595","climb_id":"4Cp4shIiVv69LSloJiI/MQ==","areaRef":"rhX0ebcSVoOzwusGGa+x5A=="},"content":{"description":"This has two cruxes. The first is about midway involving small crimps, and the second is up top involving steep dihedral moves to gain finger locks and arete at top.","protection":"11 bolts to a 2 bolt anchor.","location":"This is located on the east side of the Pinnacles area, descend to start via south side along the wall."},"__v":0},{"_id":"opSOmqqYVAmReptAVVMLEQ==","name":"Golden Arete","yds":"5.12+","grades":{"yds":"5.12+","french":"7c"},"fa":"Bob Horan","type":{"sport":true},"safety":"UNSPECIFIED","metadata":{"lnglat":{"type":"Point","coordinates":[-105.22439,39.77473]},"left_right_index":6,"mp_id":"106393612","mp_crag_id":"106393595","climb_id":"opSOmqqYVAmReptAVVMLEQ==","areaRef":"rhX0ebcSVoOzwusGGa+x5A=="},"content":{"description":"The crux involves a smeary dyno to a jug at the fourth bolt, then move right an merge with\n\nMountain Lion\n\nroute.","protection":"11 bolts to 2 bolts anchor.","location":"This follows the prominent golden prow/arete of the formation."},"__v":0},{"_id":"p1OcJctXUe6bH6ownUQj+Q==","name":"The Gig","yds":"5.10b","grades":{"yds":"5.10b","french":"6a+"},"fa":"Bob Horan/Alex Shaiman","type":{"sport":true},"safety":"UNSPECIFIED","metadata":{"lnglat":{"type":"Point","coordinates":[-105.22439,39.77473]},"left_right_index":9,"mp_id":"106393645","mp_crag_id":"106393595","climb_id":"p1OcJctXUe6bH6ownUQj+Q==","areaRef":"rhX0ebcSVoOzwusGGa+x5A=="},"content":{"description":"This has an even flow of layaways up the arete.","protection":"4 bolts to a 2 bolt anchor.","location":"This is located on the prominent arete right of\n\nSweet\n\n."},"__v":0},{"_id":"pwSi3FdtUNunoZ5YC6mcQw==","name":"Doug's Variation","yds":"5.9-","grades":{"yds":"5.9-","french":"5c"},"fa":"unknown","type":{"trad":true,"sport":true},"safety":"UNSPECIFIED","metadata":{"lnglat":{"type":"Point","coordinates":[-105.22439,39.77473]},"left_right_index":3,"mp_id":"107692453","mp_crag_id":"106393595","climb_id":"pwSi3FdtUNunoZ5YC6mcQw==","areaRef":"rhX0ebcSVoOzwusGGa+x5A=="},"content":{"description":"This is a variation off\n\nRancid\n\nthat veers right after clipping the fourth bolt.  Doug Redosh looked at it the last time we were up there wondering if it would go.  It does, and it's better than it looks from below.\n\nClimb up along\n\nRancid's\n\n1st half (crux).  Angle up along a nice crack, making one awkward move. Finish up pulling on the top of the wall with your left hand and on a funky, big block with your right.  Move left to anchor off the pole and a orange Alien/#0.75-sized piece.\n\nObviously, since this was fairly clean, this could have been climbed by someone else.  If it is your route, let me know and we'll fix the name.","protection":"4 bolts, cams green Alien to #1 Camalot or wires.  Yellow, orange, or red Alien or #0.75 Camalot, the pole, and 48\" slings for your anchor.","location":"Start as for\n\nRancid\n\n, and move right at half height."},"__v":0},{"_id":"bQwEBqIPX/SF5Vkh1IYwdg==","name":"Fragile X","yds":"5.11-","grades":{"yds":"5.11-","french":"6c"},"fa":"Deb Thompson, LP","type":{"tr":true},"safety":"UNSPECIFIED","metadata":{"lnglat":{"type":"Point","coordinates":[-105.22439,39.77473]},"left_right_index":1,"mp_id":"108368164","mp_crag_id":"106393595","climb_id":"bQwEBqIPX/SF5Vkh1IYwdg==","areaRef":"rhX0ebcSVoOzwusGGa+x5A=="},"content":{"description":"This is a TR line that has some interesting moves despite some of the fragile blocks along the way.  It might warrant fixed gear, it might not.  Don't climb this route unless you can avoid pulling on loose blocks.\n\nStart to the left of\n\nRancid\n\nin a short dihedral.  The opening moves are good and solvable in 2 ways.  Watch out for the hollow block/flake up and right (Fragile X #1)...it might only hold for light climbers like Deb.  Move through easy terrain to the tiny roof.  Don't go out left, that jug in the corner shifts (Fragile X #2).  Pull the roof with a high step right and then high step left (crux).  Watch out for the trapezoidal block (Fragile X #3).  Move up and right, avoiding the loose block (Fragile X #4).  Finish up and left.\n\nBe careful up there, stuff on the left isn't necessarily solid.\n\nWalk off.\n\nNote, we got probably more than a hundred pounds of loose rock off this...so far.\n\nUpdate: Dave got the 1st X'ed block off with a crowbar.  There was another big block up and left at the finish that came out...fortunately without seriously injuring anyone.","protection":"We used the metal pipe, slung boulder, and #12 BD wire/orange Alien to make a slingshot toprope system.  Long slings (12') are useful.","location":"This is to the left of\n\nRancid\n\n."},"__v":0},{"_id":"oIRXL/zUXvGBUNK+XcI5/A==","name":"Debhedral","yds":"5.11","grades":{"yds":"5.11","french":"6c+"},"fa":"a lizard","type":{"tr":true},"safety":"UNSPECIFIED","metadata":{"lnglat":{"type":"Point","coordinates":[-105.22439,39.77473]},"left_right_index":10,"mp_id":"107692441","mp_crag_id":"106393595","climb_id":"oIRXL/zUXvGBUNK+XcI5/A==","areaRef":"rhX0ebcSVoOzwusGGa+x5A=="},"content":{"description":"This is a TR route that involves some adventure, so if you don't like adventure, don't climb this.  The TR directionals help to try to keep your rope off the sharp boulder, but the cracks aren't the most solid.\n\nTo the right of\n\nThe Gig\n\nby ~15 feet is a dihedral of sorts.  It sort of beckons to those who have minds that aren't quite right.  The start involves a pull-down, not out technique on a decent-sized hollow flake.  This one could hurt, so be careful.  The crux involves a funky crack, undercling combination with a small, positive left foot and hiking your right up high enough to slap for the top.  Mortals will hand traverse right far enough to get a foothold to assist with the mantle.  Note, the sloping ledge above is full of gravel...of which the worst on the edge was cleared.\n\nFWIW, this route won't tolerate too many ascents and will favor the less height-challenged.\n\nFor the explorer types, this may continue above to double its length.","protection":"Climb\n\nThe Gig\n\nto the right as a warmup.  Top out above the anchor bolts.  Carefully traverse the rubble strewn ledge.  About 10 feet right is a rotten crack that will take an orange Alien that keeps your rope off that sharp rock...hopefully.  Then, move right another 10 feet where you can get a red Alien, blue Alien, and an okay #6 BD in a crack.  48\" slings will help with these pieces.","location":"This is right of\n\nThe Gig\n\nby ~15 feet and ascends a dihedral of sorts."},"__v":0},{"_id":"PK9swZHTVyK2KI1lebIe4A==","name":"Crater Cat","yds":"5.11","grades":{"yds":"5.11","french":"6c+"},"fa":"Deb Thompson, LP","type":{"tr":true},"safety":"UNSPECIFIED","metadata":{"lnglat":{"type":"Point","coordinates":[-105.22439,39.77473]},"left_right_index":4,"mp_id":"108379610","mp_crag_id":"106393595","climb_id":"PK9swZHTVyK2KI1lebIe4A==","areaRef":"rhX0ebcSVoOzwusGGa+x5A=="},"content":{"description":"This is an interesting little line that ascends an obvious dihedral in the middle of the crag.  It goes through some different rock bands of varying quality...and that may be why it wasn't climbed before today.\n\nThere are a couple ways to start on the friable volcanic band low down.  Both ways utilize a nice pocket 8 feet up.  Wiggle left and then right into the dihedral.  Continue through some awkward features on both sides of the dihedral.  About mid-height, there are some holds on the arete to the left.  Beware of a hollow block left of the arete.  Figure out a way up the arete.  You can go up the arete or do a few loose jams out left.  Stem the dihedral utlizing some fragile holds out right.  Finish the dihedral more on the left.\n\nIt's probably best to belay away from the base of the rock for now.  After a decent first pass of cleaning, the interesting moves separated by good rests make it worth a go, though this will shed for a bit.","protection":"Currently, it's not clear this warrants fixed hardware, given the lowest band has really questionable rock for bolts. Maybe a very long stick clip and 1st bolt in solid rock 15 feet up or so might work...or a high 1st bolt with a long chain, ugh.\n\nThe toprope anchor can use a #0.1, #0.2, #1 Camalot, blue & yellow Alien, and a medium wire. Various slings up to 6' are useful. It's probably 4th Class to get to set up an anchor, which is easier from the north.","location":"This is between\n\nMisty\n\nand\n\nRancid\n\nand ascends a slightly less-than-vertical dihedral."},"__v":0}],"children":[],"ancestors":"1db1e8ba-a40e-587c-88a4-64f5ea814b8e,ab48aed5-2e8d-54bb-b099-6140fe1f098f,b34b81ad-639b-5002-8b62-fcc081599499,054defef-ef8b-511a-8dd3-3f5a56ac32eb,ae15f479-b712-5683-b3c2-eb0619afb1e4","pathTokens":["USA","Colorado","Golden","North Table Mountain/Golden Cliffs","Crater Crag of North Quarry"],"gradeContext":"US","aggregate":{"byGrade":[{"count":1,"label":"5.11a"},{"count":1,"label":"5.8+"},{"count":1,"label":"5.10-"},{"count":1,"label":"5.11b"},{"count":1,"label":"5.11d"},{"count":1,"label":"5.12+"},{"count":1,"label":"5.10b"},{"count":1,"label":"5.9-"},{"count":1,"label":"5.11-"},{"count":2,"label":"5.11"}],"byDiscipline":{"trad":{"total":2,"bands":{"unknown":0,"beginner":1,"intermediate":0,"advanced":1,"expert":0}},"sport":{"total":6,"bands":{"unknown":0,"beginner":1,"intermediate":2,"advanced":3,"expert":0}},"tr":{"total":4,"bands":{"unknown":0,"beginner":1,"intermediate":0,"advanced":3,"expert":0}}},"byGradeBand":{"unknown":0,"beginner":2,"intermediate":2,"advanced":7,"expert":0}},"metadata":{"isBoulder":false,"isDestination":false,"leaf":true,"lnglat":{"type":"Point","coordinates":[-105.22439,39.77473]},"bbox":[-105.22497506402684,39.774280339818134,-105.22380493597316,39.77517966018186],"left_right_index":-1,"ext_id":"106393595","area_id":"rhX0ebcSVoOzwusGGa+x5A=="},"content":{"description":""},"density":0,"totalClimbs":11,"__v":1,"createdAt":"2022-11-07T05:57:05.350Z","updatedAt":"2024-01-15T16:44:19.336Z"}