{"_id":"63689de0e80bff5a994fa4f0","area_name":"Low Wire","shortCode":"","climbs":[{"_id":"0Oh3O0obWDKHiwN4uj6adw==","name":"Vagini Direct","yds":"5.11d","grades":{"yds":"5.11d","french":"7a"},"fa":"Kevin Capps","type":{"sport":true},"safety":"UNSPECIFIED","metadata":{"lnglat":{"type":"Point","coordinates":[-105.31957,39.73748]},"left_right_index":4,"mp_id":"110422609","mp_crag_id":"110422585","climb_id":"0Oh3O0obWDKHiwN4uj6adw==","areaRef":"ezy1zp13VK2cx1MDWQBczg=="},"content":{"description":"Face climb through pods and cracks beneath the roof. Long reaches between edges on the left line of the roof will get you through the crux to rejoin\n\nVagini\n\n.","protection":"6 bolts, 2-bolt anchor.","location":"Start just uphill of the fixed line. This shares a start and finish with\n\nVagini\n\nbut veers left under the roof."},"__v":0},{"_id":"n5RGEoHsU0m9RSBX6TzZWw==","name":"Vagini","yds":"5.10b","grades":{"yds":"5.10b","french":"6a+"},"fa":"Kevin Capps","type":{"sport":true},"safety":"UNSPECIFIED","metadata":{"lnglat":{"type":"Point","coordinates":[-105.31957,39.73748]},"left_right_index":5,"mp_id":"110422588","mp_crag_id":"110422585","climb_id":"n5RGEoHsU0m9RSBX6TzZWw==","areaRef":"ezy1zp13VK2cx1MDWQBczg=="},"content":{"description":"Face climb through pods and cracks beneath the roof. High step move through the break in the roof to a nice pocketed face leading to the chains.","protection":"7 bolts, 2-bolt anchor.","location":"Begin just uphill of the fixed line. Climb up under the roof and take the righthand bolt line through a break. Climb back left to a ledge and a pocketed face to the shared anchor."},"__v":0},{"_id":"Tzqzbu2hWhybK//uUfYXfQ==","name":"Pound Town","yds":"5.12b","grades":{"yds":"5.12b","french":"7b"},"fa":"Kevin Capps","type":{"sport":true},"safety":"UNSPECIFIED","metadata":{"lnglat":{"type":"Point","coordinates":[-105.31957,39.73748]},"left_right_index":8,"mp_id":"110998293","mp_crag_id":"110422585","climb_id":"Tzqzbu2hWhybK//uUfYXfQ==","areaRef":"ezy1zp13VK2cx1MDWQBczg=="},"content":{"description":"This is a touch harder than its neighbor,\n\nGroove Town\n\n. A compression start off the ground followed by a tricky move leads to more fun, jug hauling. This route and\n\nGroove Town\n\n(just to the left) converge at the 3rd bolt. Unlike\n\nGroove Town\n\n, you'll need a stick clip for the first bolt to avoid a nasty tumble into the creek.\n\nGroove Town\n\nshares the 3rd and 4th bolts of this route along with the anchors.","protection":"4 bolts, a stick clip is advised for the first to avoid a swim.","location":"This is the right one of the two lowest routes down by the water at Low Wire. As the guidebook shows a picture from across the creek, this and Groove Town are technically the two farthest right routes in the Low Wire area, even though they are all the way down by the water.\n\nThis route is the closest you'll get to climbing over the water at Low Wire.\n\nHead down the fixed line to a nice staging area, then scramble down to another staging area just below and closer to the water. (If you are looking up the fixed line, this area is down to the right by the water.)"},"__v":0},{"_id":"9ZKZMEyIUnmTUQCqiHzVwQ==","name":"Land of the Lost","yds":"5.11c","grades":{"yds":"5.11c","french":"6c+"},"fa":"Kevin Capps","type":{"sport":true},"safety":"UNSPECIFIED","metadata":{"lnglat":{"type":"Point","coordinates":[-105.31957,39.73748]},"left_right_index":1,"mp_id":"111009485","mp_crag_id":"110422585","climb_id":"9ZKZMEyIUnmTUQCqiHzVwQ==","areaRef":"ezy1zp13VK2cx1MDWQBczg=="},"content":{"description":"Good, vertical climbing to horizontals will get you to the anchors.\n\nIf you are little adventurous, you can also pre-hang this route by climbing the 5.9 called \"\n\nFly High\n\n\" (the route found just before you rap down the fix line) and traversing more to the left on the good horizontals instead of heading up at the first exit to the intended anchors for\n\nFly High\n\n/\n\nFly Low\n\nroutes.","protection":"10 bolts.","location":"To get to Land of the Lost and the other routes down by the water, head down the loose/crumbly area from\n\nBadgersaurus\n\nto the anchors of fixed line. Rap the fixed line to the nice staging area below. Instead of climbing back up the ramp like\n\nFly Low\n\n, this route gets going off the deck just to the left if you are facing up the ramp."},"__v":0},{"_id":"iHUa3abQWt+sdmcFXol+mQ==","name":"Groove Town","yds":"5.12a","grades":{"yds":"5.12a","french":"7a+"},"fa":"Kevin Capps","type":{"sport":true},"safety":"UNSPECIFIED","metadata":{"lnglat":{"type":"Point","coordinates":[-105.31957,39.73748]},"left_right_index":7,"mp_id":"110998103","mp_crag_id":"110422585","climb_id":"iHUa3abQWt+sdmcFXol+mQ==","areaRef":"ezy1zp13VK2cx1MDWQBczg=="},"content":{"description":"An awkward start leads to fun, jug hauling. This route and\n\nPound Town\n\n(to the right, and closer to the water) converge at the 3rd bolt. Unlike\n\nPound Town\n\nthat needs a stick clip, you can just stand and clip the first bolt to avoid a tumble into the creek.\n\nThe 3rd and 4th bolts along with the anchors are shared with\n\nPound Town\n\n.","protection":"4 bolts.","location":"This is the left one of the two lowest routes down by the water at Low Wire. As the guidebook shows a picture from across the creek, this and\n\nPound Town\n\nare technically the two farthest right routes in the Low Wire area, even though they are all the way down by the water.\n\nHead down the fixed line to a nice staging area, then scramble down to another staging area just below and closer to the water. (If you are looking up the fixed line, this area is down to the right by the water.)"},"__v":0},{"_id":"Dir35TdmVda3dC3uCP1EtA==","name":"The Grizz","yds":"5.13b","grades":{"yds":"5.13b","french":"8a"},"fa":"Kevin Capps","type":{"sport":true},"safety":"UNSPECIFIED","metadata":{"lnglat":{"type":"Point","coordinates":[-105.31957,39.73748]},"left_right_index":0,"mp_id":"111001238","mp_crag_id":"110422585","climb_id":"Dir35TdmVda3dC3uCP1EtA==","areaRef":"ezy1zp13VK2cx1MDWQBczg=="},"content":{"description":"This is the farthest left (when you head down the fixed line) and the hardest at Low Wire. It is often equipped for your burly pleasure starting with bolt three. The guidebook gave it 4 stars, so I did the same.","protection":"6 bolts.","location":"Head down the fixed line to the nice staging area. It's behind you, set back in the overhang. This is easily recognizable by the chalk that still remains after Kevin got the FA in 2013."},"__v":0},{"_id":"VJeBOEb7Wou/k+jwGa2/yg==","name":"Fly High","yds":"5.9","grades":{"yds":"5.9","french":"5c"},"fa":"Kevin Capps","type":{"sport":true},"safety":"UNSPECIFIED","metadata":{"lnglat":{"type":"Point","coordinates":[-105.31957,39.73748]},"left_right_index":3,"mp_id":"111001021","mp_crag_id":"110422585","climb_id":"VJeBOEb7Wou/k+jwGa2/yg==","areaRef":"ezy1zp13VK2cx1MDWQBczg=="},"content":{"description":"This is another easy warm-up for the area with some traversing that also allows you to hang the draws for\n\nFly Low\n\n(and even\n\nLand of the Lost\n\n, if you're adventurous!).\n\nBelay from the second set of anchors for the fixed line being careful not to knock down loose rocks on climbers below. You are given the 1st bolt as soon as you set out heading left.\n\nThe first \"exit\" up an easier dihedral ramp to a set of anchors is yours for this route. They are shared with\n\nFly Low\n\n. Should you wish to continue traversing on good horizontals, you'll reach the last couple of bolts and be able to head up to the anchors for\n\nLand of the Lost\n\n.","protection":"7 bolts.","location":"The start is down at the second set of anchors of the fixed line - just before you rap down.  Belay from there being careful with your stance and rope management as to not kick loose rocks down on climbers at the lower area."},"__v":0},{"_id":"ZoXUDSz7UXGS3j+VvlRPMQ==","name":"Fly Low","yds":"5.12a","grades":{"yds":"5.12a","french":"7a+"},"fa":"Kevin Capps","type":{"sport":true},"safety":"UNSPECIFIED","metadata":{"lnglat":{"type":"Point","coordinates":[-105.31957,39.73748]},"left_right_index":2,"mp_id":"111001175","mp_crag_id":"110422585","climb_id":"ZoXUDSz7UXGS3j+VvlRPMQ==","areaRef":"ezy1zp13VK2cx1MDWQBczg=="},"content":{"description":"One of my friends says, \"it's hyperclassic\" when a route is a must do. The guidebook shows 4 stars and friends agree, so I'm posting this for them and for me. Give this one a shot. You can hang and retrieve your draws from the 5.9, so nothing can be lost.\n\nScamper up the ramper from the base of the fixed line to snag two bolts for safety status before climbing vertical. Trusting and semi-awkward moves for the takeoff from the ramp gets you into some great movement.\n\nAs you get up a few bolts and you're on the horizontal jug rests above, look right. As you to start getting to the same height as the anchors for the fixed line, start heading a bit more right because you are finishing and heading to the same anchors as the 5.9 \"\n\nFly High\n\n\". Trending left and continuing into the 5.11 \"\n\nLand of the Lost\n\n\" would certainly make things interesting.","protection":"10 bolts.","location":"Head down the loose, crumbly area to the fixed line. Rap the fixed line to the nice staging area below. Fly Low starts by climbing back up the ramp and clipping two bolts on the way before going vertical. If you start climbing immediately at the base of the fixed line, you'll be setting out on \"\n\nLand of the Lost\n\n\" or its trad variation by the same name."},"__v":0},{"_id":"TDKVpgPeXVa4BrYWs/4WaA==","name":"Badgersaurus","yds":"5.12a","grades":{"yds":"5.12a","french":"7a+"},"fa":"Kevin Capps","type":{"sport":true},"safety":"UNSPECIFIED","metadata":{"lnglat":{"type":"Point","coordinates":[-105.31957,39.73748]},"left_right_index":6,"mp_id":"110489442","mp_crag_id":"110422585","climb_id":"TDKVpgPeXVa4BrYWs/4WaA==","areaRef":"ezy1zp13VK2cx1MDWQBczg=="},"content":{"description":"Badgersaurus is slightly overhung on thin crimps.","protection":"5 bolts, 2-bolt anchor","location":"This is the rightmost line of bolts above the fixed line. It is 20 feet to the right of\n\nVagini\n\nand is the first route you'll see approaching from High Wire."},"__v":0}],"children":[],"ancestors":"1db1e8ba-a40e-587c-88a4-64f5ea814b8e,ab48aed5-2e8d-54bb-b099-6140fe1f098f,b34b81ad-639b-5002-8b62-fcc081599499,8af5df63-9dd1-5fb2-9ef1-c3c3860494f5,7b3cb5ce-9d77-54ad-9cc7-530359005cce","pathTokens":["USA","Colorado","Golden","Clear Creek Canyon","Low Wire"],"gradeContext":"US","aggregate":{"byGrade":[{"count":1,"label":"5.11d"},{"count":1,"label":"5.10b"},{"count":1,"label":"5.12b"},{"count":1,"label":"5.11c"},{"count":3,"label":"5.12a"},{"count":1,"label":"5.13b"},{"count":1,"label":"5.9"}],"byDiscipline":{"sport":{"total":9,"bands":{"unknown":0,"beginner":0,"intermediate":2,"advanced":6,"expert":1}}},"byGradeBand":{"unknown":0,"beginner":0,"intermediate":2,"advanced":6,"expert":1}},"metadata":{"isBoulder":false,"isDestination":false,"leaf":true,"lnglat":{"type":"Point","coordinates":[-105.31957,39.73748]},"bbox":[-105.32015474769284,39.73703033981813,-105.31898525230717,39.73792966018186],"left_right_index":-1,"ext_id":"110422585","area_id":"ezy1zp13VK2cx1MDWQBczg=="},"content":{"description":""},"density":0,"totalClimbs":9,"__v":1,"createdAt":"2022-11-07T05:57:03.396Z","updatedAt":"2024-01-15T16:44:15.515Z"}