{"_id":"63689de0e80bff5a994fa58c","area_name":"EMF Wall","shortCode":"","climbs":[{"_id":"foJjfOgAULKbiuDBxqXoEg==","name":"Point Break","yds":"5.9","grades":{"yds":"5.9","french":"5c"},"fa":"Angus Weissner","type":{"sport":true},"safety":"UNSPECIFIED","metadata":{"lnglat":{"type":"Point","coordinates":[-105.218,39.7684]},"left_right_index":0,"mp_id":"109995702","mp_crag_id":"109995697","climb_id":"foJjfOgAULKbiuDBxqXoEg==","areaRef":"9E8FsqK9VoCojti3ta+QEQ=="},"content":{"description":"Face gaining flake...great little line born out of necessity to escape the rising and unexpected heat...sounds a little like the movie. Great tripod of team work on this little new gem: the drilling craftsman, the drill/gear supplying master, and the top rope rigging monster.","protection":"4 bolts to a two bolt anchor.","location":"It's on the south end of the east aspect on the way to the East Quarry from the highest parking."},"__v":0}],"children":[],"ancestors":"1db1e8ba-a40e-587c-88a4-64f5ea814b8e,ab48aed5-2e8d-54bb-b099-6140fe1f098f,b34b81ad-639b-5002-8b62-fcc081599499,054defef-ef8b-511a-8dd3-3f5a56ac32eb,f44f05b2-a2bd-5680-a88e-d8b7b5af9011","pathTokens":["USA","Colorado","Golden","North Table Mountain/Golden Cliffs","EMF Wall"],"gradeContext":"US","aggregate":{"byGrade":[{"count":1,"label":"5.9"}],"byDiscipline":{"sport":{"total":1,"bands":{"unknown":0,"beginner":0,"intermediate":1,"advanced":0,"expert":0}}},"byGradeBand":{"unknown":0,"beginner":0,"intermediate":1,"advanced":0,"expert":0}},"metadata":{"isBoulder":false,"isDestination":false,"leaf":true,"lnglat":{"type":"Point","coordinates":[-105.218,39.7684]},"bbox":[-105.2185850102297,39.767950339818135,-105.21741498977029,39.76884966018187],"left_right_index":-1,"ext_id":"109995697","area_id":"9E8FsqK9VoCojti3ta+QEQ==","polygon":{"type":"Polygon","coordinates":[[[-105.2185850102297,39.767950339818135],[-105.21741498977029,39.767950339818135],[-105.21741498977029,39.76884966018187],[-105.2185850102297,39.76884966018187],[-105.2185850102297,39.767950339818135]]]}},"content":{"description":""},"density":0,"totalClimbs":1,"__v":1,"createdAt":"2022-11-07T05:57:04.932Z","updatedAt":"2024-02-19T18:32:51.055Z"}