{"_id":"63689de0e80bff5a994fa514","area_name":"Cool Thing Wall (aka Kool Krag)","shortCode":"","climbs":[{"_id":"XAztzqeOUeyyc/ve1BnU7w==","name":"Cool Thing","yds":"5.13a","grades":{"yds":"5.13a","french":"7c+"},"fa":"Pete Zoeller","type":{"sport":true},"safety":"PG","metadata":{"lnglat":{"type":"Point","coordinates":[-105.3295,39.74104]},"left_right_index":999999,"mp_id":"107526045","mp_crag_id":"107528311","climb_id":"XAztzqeOUeyyc/ve1BnU7w==","areaRef":"M/Uzy49qXfKENZZorKub/Q=="},"content":{"description":"This route is across the creek from Anarchy Wall.  Hardly ever done, this route packs quite a punch for the 12c it's given in both guides.  Start with a big or tricky move to good holds and move up to the third bolt on good holds, then head up the meat of the route with no opportunities for rest until you clip the chains.  There's a bit of a runout between the third and fourth bolt (that's why I give it a PG-13, especially while hanging draws), so be attentive here.","protection":"6 bolts, bolted anchor.","location":"This route is by itself across the creek from Anarchy Wall.  From the parking lot, look directly across the creek and identify the arÃªte that is Cool Thing."},"__v":0}],"children":[],"ancestors":"1db1e8ba-a40e-587c-88a4-64f5ea814b8e,ab48aed5-2e8d-54bb-b099-6140fe1f098f,b34b81ad-639b-5002-8b62-fcc081599499,8af5df63-9dd1-5fb2-9ef1-c3c3860494f5,33f533cb-8f6a-5df2-8435-9668acab9bfd","pathTokens":["USA","Colorado","Golden","Clear Creek Canyon","Cool Thing Wall (aka Kool Krag)"],"gradeContext":"US","aggregate":{"byGrade":[{"count":1,"label":"5.13a"}],"byDiscipline":{"sport":{"total":1,"bands":{"unknown":0,"beginner":0,"intermediate":0,"advanced":0,"expert":1}}},"byGradeBand":{"unknown":0,"beginner":0,"intermediate":0,"advanced":0,"expert":1}},"metadata":{"isBoulder":false,"isDestination":false,"leaf":true,"lnglat":{"type":"Point","coordinates":[-105.3295,39.74104]},"bbox":[-105.33008477789956,39.74059033981814,-105.32891522210043,39.74148966018187],"left_right_index":-1,"ext_id":"107528311","area_id":"M/Uzy49qXfKENZZorKub/Q==","polygon":{"type":"Polygon","coordinates":[[[-105.33008477789956,39.74059033981814],[-105.32891522210043,39.74059033981814],[-105.32891522210043,39.74148966018187],[-105.33008477789956,39.74148966018187],[-105.33008477789956,39.74059033981814]]]}},"content":{"description":""},"density":0,"totalClimbs":1,"__v":1,"createdAt":"2022-11-07T05:57:03.991Z","updatedAt":"2024-02-19T18:32:49.599Z"}