{"_id":"63689de0e80bff5a994fa51a","area_name":"Cats vs. Dogs Wall","shortCode":"","climbs":[{"_id":"EjuE2WoDVtmhpDnxWcc7YA==","name":"Top Dawg","yds":"5.10b","grades":{"yds":"5.10b","french":"6a+"},"fa":"Mark Roth and Jay Eggleston","type":{"sport":true},"safety":"UNSPECIFIED","metadata":{"lnglat":{"type":"Point","coordinates":[-105.406,39.74363]},"left_right_index":5,"mp_id":"109590491","mp_crag_id":"108198385","climb_id":"EjuE2WoDVtmhpDnxWcc7YA==","areaRef":"6gsmqu8ZXfylw+1zonhRnQ=="},"content":{"description":"This is a 2nd pitch to the\n\nThe Purrrfect Puppy\n\nor\n\nStray Cat\n\n.\n\nI'm posting it separate to avoid consensus grade confusion.  I don't want to scare anyone away from the first pitch, since it's so fun and easy.\n\nFrom the anchor of either route mentioned, scramble up to a big ledge.  Clip the first bolt as you start up the steepening headwall.  Steep rock and jugs lead to a tricky mantel at the 3rd bolt. The last bolt protects a crux lip encounter. Right above the overhang is another nice ledge and the anchor.","protection":"4 bolts, 2 bolt anchor","location":"Start from either the\n\nThe Purrrfect Puppy\n\nor\n\nStray Cat\n\nanchor."},"__v":0},{"_id":"3EJ7tU1GWVSmDCBaf9nw/A==","name":"Stray Cat","yds":"5.8","grades":{"yds":"5.8","french":"5b"},"fa":"Chuck Fitch and Adam Huxley","type":{"sport":true},"safety":"UNSPECIFIED","metadata":{"lnglat":{"type":"Point","coordinates":[-105.406,39.74363]},"left_right_index":6,"mp_id":"108198411","mp_crag_id":"108198385","climb_id":"3EJ7tU1GWVSmDCBaf9nw/A==","areaRef":"6gsmqu8ZXfylw+1zonhRnQ=="},"content":{"description":"This climb is on the right on the cliff. The first bolt is above a large roof. This bolt seems a bit high at first, but the climbing is easy up to it. The crux is about 3/4s of the way up where the wall steepens. The rock quality deteriorates a little at the crux. Hopefully holds don't come off in the future.","protection":"8 bolts and a 2 bolt/hook anchor at the top.","location":"The climb is on the right side of the cliff about 20 feet left of\n\nOld Dogs\n\n. The other routes are easily seen from the Catslab approach trail. You can lower or rap off the climb."},"__v":0},{"_id":"+wRHvwpfU+2kK1KMrX78AQ==","name":"The Purrrfect Puppy","yds":"5.7","grades":{"yds":"5.7","french":"5a"},"fa":"Mark Roth and Jay Eggleston","type":{"sport":true},"safety":"UNSPECIFIED","metadata":{"lnglat":{"type":"Point","coordinates":[-105.406,39.74363]},"left_right_index":4,"mp_id":"109535173","mp_crag_id":"108198385","climb_id":"+wRHvwpfU+2kK1KMrX78AQ==","areaRef":"6gsmqu8ZXfylw+1zonhRnQ=="},"content":{"description":"The Purrrfect Puppy is the 3rd bolted line from the right. It looks a little junky from the ground, but it is actually really fun. The bottom is still a little dirty, but it should clean up nicely. The top 2/3 is on clean, featured rock.\n\nPuppy now has a 2nd pitch:\n\nTop Dawg\n\n.\n\nI posted it separate from this route so the consensus grade wouldn't make people think this pitch is harder.","protection":"7 bolts (black hangers) and a 2 bolt anchor. A shoulder length runner on the first bolt is helpful.","location":"Head right a little when the trail reaches the base of the wall.  The start is about 20 feet left of\n\nStray Cat\n\n."},"__v":0},{"_id":"83pm7EaxUQiitzCJWW1jbg==","name":"Out of the Blue","yds":"5.8+","grades":{"yds":"5.8+","french":"5b"},"fa":"Someone from a long time ago? Chuck Fitch and Adam Hurley?","type":{"sport":true},"safety":"UNSPECIFIED","metadata":{"lnglat":{"type":"Point","coordinates":[-105.406,39.74363]},"left_right_index":3,"mp_id":"108198428","mp_crag_id":"108198385","climb_id":"83pm7EaxUQiitzCJWW1jbg==","areaRef":"6gsmqu8ZXfylw+1zonhRnQ=="},"content":{"description":"The first pitch has decent holds most of the way.  It gets steep about halfway up in an area with small holds.  The first anchor is just above a good belay ledge.  The second pitch is certainly easier.  There is an area covered with lichen near the top which looks hard, but some great holds are hidden in the lichen.  The top anchor is on a big ledge.","protection":"8 bolts on the first pitch.  8 bolts on the second pitch.  Two bolt anchor after both pitches.","location":"This is the middle of the five routes on the wall.    You trend to the right up an easy ramp to get to the first bolt.  You get down using the bolt anchors above each pitch."},"__v":0},{"_id":"811zrjJwUfO39D/d/3FkEw==","name":"Old Dogs","yds":"5.7","grades":{"yds":"5.7","french":"5a"},"fa":"Bruce Hildenbrand and Dale Haas, May 2021","type":{"sport":true},"safety":"UNSPECIFIED","metadata":{"lnglat":{"type":"Point","coordinates":[-105.406,39.74363]},"left_right_index":8,"mp_id":"120773659","mp_crag_id":"108198385","climb_id":"811zrjJwUfO39D/d/3FkEw==","areaRef":"6gsmqu8ZXfylw+1zonhRnQ=="},"content":{"description":"This route has two distinct but dissimilar cruxes: the overhang at the first bolt and the face moves at the last bolt. Enjoyable face climbing on large holds is found between the two cruxes.\n\nThis route starts at the right side of a left-angling ramp of black rock. Scramble up the ramp, and clip the bolt on the lip of the overhang. Proceed up and slightly right past four bolts then back slightly left past three more bolts.\n\nThe route name comes from the fact that the combined ages of the two members of the FA team is 130+ years. They have enjoyed a 40+ year climbing partnership.","protection":"Eight bolts to a two bolt anchor with Mussy hooks. All the hardware is stainless steel.","location":"This is the rightmost route on the wall and is about 20 feet right of\n\nStray Cat\n\n. Spot the left-angling ramp of black rock with an easily visible bolt on the overhang its top."},"__v":0},{"_id":"9jsQfjHOXfe58YpoJNxPBQ==","name":"New Tricks","yds":"5.8","grades":{"yds":"5.8","french":"5b"},"fa":"Bruce Hildenbrand and Dale Haas, June 2021","type":{"sport":true},"safety":"UNSPECIFIED","metadata":{"lnglat":{"type":"Point","coordinates":[-105.406,39.74363]},"left_right_index":7,"mp_id":"120843262","mp_crag_id":"108198385","climb_id":"9jsQfjHOXfe58YpoJNxPBQ==","areaRef":"6gsmqu8ZXfylw+1zonhRnQ=="},"content":{"description":"This enjoyable route climbs a steep face on big holds and is a great link-up with other routes on this wall. It's steeper than it looks.","protection":"Five bolts to a two bolt anchor with quicklinks and rings. All the hardware is stainless steel.","location":"The climb begins 90 feet up the wall on the big ledge system which bisects the face. Find a line of bolts directly above the anchors of\n\nOld Dogs\n\n."},"__v":0},{"_id":"2/OhuiCVUrqBObIO26eIHg==","name":"Into the Black","yds":"5.10+","grades":{"yds":"5.10+","french":"6b+"},"fa":"Chuck Fitch and Adam Huxley","type":{"sport":true},"safety":"UNSPECIFIED","metadata":{"lnglat":{"type":"Point","coordinates":[-105.406,39.74363]},"left_right_index":1,"mp_id":"108198447","mp_crag_id":"108198385","climb_id":"2/OhuiCVUrqBObIO26eIHg==","areaRef":"6gsmqu8ZXfylw+1zonhRnQ=="},"content":{"description":"The crux of this route is at the bottom near the first two bolts. The first bolt is easy to clip off a large jug at the top of the overhang.  The first ascentionists call the start a \"boulder problem\", and I would have to agree.  You have to clip the second bolt off of a small hold, and it feels a bit insecure.  The route above the first two bolts is about 5.8 in difficulty and is very fun.  Every time it looks hard a good hold seems to appear.","protection":"10 bolts to Mussy hook anchor.","location":"This is the [second] leftmost route on the wall.  The start is in black colored rock below a overhang.  You lower or rap from the anchor on top."},"__v":0},{"_id":"VT++Mr+IWpOfFYEiZ5iqKg==","name":"Fleas and Ticks","yds":"5.9","grades":{"yds":"5.9","french":"5c"},"fa":"Mark Roth and Jay Eggleston","type":{"sport":true},"safety":"UNSPECIFIED","metadata":{"lnglat":{"type":"Point","coordinates":[-105.406,39.74363]},"left_right_index":2,"mp_id":"109809168","mp_crag_id":"108198385","climb_id":"VT++Mr+IWpOfFYEiZ5iqKg==","areaRef":"6gsmqu8ZXfylw+1zonhRnQ=="},"content":{"description":"Follow the black bolts and jugs over a v-shapped notch in the right side of a wide overhang. Head up a rounded arête angling slightly to the left. Watch out for the runout between the 4th and 5th bolt (a bolt has been added, no need for gear now). There is another fun overhang at the 7th bolt. 2 more clips lead to a nice stance and the anchor.\n\nA 5.6 ish 2nd pitch can be climbed on gear. It's fun and well-protected with a single set of cams up to a #4. You can head over to the Out of the Blue anchor to get down.\n\nThe big roof left of pitch one has been toproped, maybe 11a? It's filthy but fun.","protection":"9 bolts and mussy hook anchor.","location":"When the trail hits the rock, go left to a big flat staging area.  This route climbs the v-shaped break in the overhang halfway between\n\nInto the Black\n\nand\n\nOut of the Blue\n\n. Look for black bolts."},"__v":0},{"_id":"Xypt0+vHVduweylZEUnTDg==","name":"Beer for Life","yds":"5.10d","grades":{"yds":"5.10d","french":"6b+"},"fa":"Chuck Fitch,  Adam Huxley, Sept. 2013","type":{"sport":true},"safety":"UNSPECIFIED","metadata":{"lnglat":{"type":"Point","coordinates":[-105.406,39.74363]},"left_right_index":0,"mp_id":"108356129","mp_crag_id":"108198385","climb_id":"Xypt0+vHVduweylZEUnTDg==","areaRef":"6gsmqu8ZXfylw+1zonhRnQ=="},"content":{"description":"This is to commemorate the end of a long standing collaboration of my wife with a local brewery. At meeting a few days before we put this route up, she was given a \"Beer for Life\" card.  Thanks, Kim and Jodi.\n\nTo the left of \"\n\nInto the Black\n\n\", 20 feet up the ramp, step off a rock spike, follow bolts to a slightly overhanging headwall followed by a steep bulge.","protection":"9 bolts and a 2 bolt anchor with Mussy hooks.","location":""},"__v":0}],"children":[],"ancestors":"1db1e8ba-a40e-587c-88a4-64f5ea814b8e,ab48aed5-2e8d-54bb-b099-6140fe1f098f,b34b81ad-639b-5002-8b62-fcc081599499,8af5df63-9dd1-5fb2-9ef1-c3c3860494f5,ea0b26aa-ef19-5dfc-a5c3-ed73a278519d","pathTokens":["USA","Colorado","Golden","Clear Creek Canyon","Cats vs. Dogs Wall"],"gradeContext":"US","aggregate":{"byGrade":[{"count":1,"label":"5.10b"},{"count":2,"label":"5.8"},{"count":2,"label":"5.7"},{"count":1,"label":"5.8+"},{"count":1,"label":"5.10+"},{"count":1,"label":"5.9"},{"count":1,"label":"5.10d"}],"byDiscipline":{"sport":{"total":9,"bands":{"unknown":0,"beginner":5,"intermediate":4,"advanced":0,"expert":0}}},"byGradeBand":{"unknown":0,"beginner":5,"intermediate":4,"advanced":0,"expert":0}},"metadata":{"isBoulder":false,"isDestination":false,"leaf":true,"lnglat":{"type":"Point","coordinates":[-105.406,39.74363]},"bbox":[-105.40658479987918,39.74318033981814,-105.40541520012083,39.74407966018186],"left_right_index":-1,"ext_id":"108198385","area_id":"6gsmqu8ZXfylw+1zonhRnQ==","polygon":{"type":"Polygon","coordinates":[[[-105.40658479987918,39.74318033981814],[-105.40541520012083,39.74318033981814],[-105.40541520012083,39.74407966018186],[-105.40658479987918,39.74407966018186],[-105.40658479987918,39.74318033981814]]]}},"content":{"description":""},"density":0,"totalClimbs":9,"__v":1,"createdAt":"2022-11-07T05:57:03.992Z","updatedAt":"2024-02-19T18:32:49.681Z"}