{"_id":"63689de0e80bff5a994fa4e5","area_name":"Real Hidden Valley","shortCode":"","climbs":[],"children":["63689de0e80bff5a994fa4e6","63689de0e80bff5a994fa4e7"],"ancestors":"1db1e8ba-a40e-587c-88a4-64f5ea814b8e,ab48aed5-2e8d-54bb-b099-6140fe1f098f,b34b81ad-639b-5002-8b62-fcc081599499,8af5df63-9dd1-5fb2-9ef1-c3c3860494f5,5ac76ccf-acb4-5c5a-b75c-a2b77cfaab1f","pathTokens":["USA","Colorado","Golden","Clear Creek Canyon","Real Hidden Valley"],"gradeContext":"US","aggregate":{"byGrade":[{"count":1,"label":"5.7+"},{"count":2,"label":"5.7"},{"count":1,"label":"5.10b"},{"count":1,"label":"5.10-"},{"count":3,"label":"5.10"},{"count":1,"label":"5.6"},{"count":1,"label":"5.8+"},{"count":1,"label":"5.8-"},{"count":1,"label":"5.11d"},{"count":1,"label":"5.9"},{"count":2,"label":"5.10c"},{"count":1,"label":"5.8"},{"count":1,"label":"5.10d"}],"byDiscipline":{"trad":{"total":10,"bands":{"unknown":0,"beginner":6,"intermediate":3,"advanced":1,"expert":0}},"sport":{"total":9,"bands":{"unknown":0,"beginner":0,"intermediate":8,"advanced":1,"expert":0}},"tr":{"total":5,"bands":{"unknown":0,"beginner":4,"intermediate":1,"advanced":0,"expert":0}}},"byGradeBand":{"unknown":0,"beginner":7,"intermediate":9,"advanced":1,"expert":0}},"metadata":{"isBoulder":false,"isDestination":false,"leaf":false,"lnglat":{"type":"Point","coordinates":[-105.346375,39.74346]},"bbox":[-105.34736479478713,39.74258033981814,-105.3453851979142,39.74433966018187],"left_right_index":-1,"ext_id":"","area_id":"Wsdsz6y0XFq3XKK3fPqrHw==","polygon":{"type":"Polygon","coordinates":[[[-105.34619520521288,39.74258033981814],[-105.34736479478713,39.74258033981814],[-105.34736479478713,39.74347966018186],[-105.34655480208578,39.74433966018187],[-105.3453851979142,39.74433966018187],[-105.3453851979142,39.74344033981814],[-105.34619520521288,39.74258033981814]]]}},"content":{"description":""},"density":3.4,"totalClimbs":17,"__v":1,"createdAt":"2022-11-07T05:57:03.394Z","updatedAt":"2024-02-19T18:45:42.929Z"}