{"_id":"63689de0e80bff5a994fa4e9","area_name":"New River Wall, The","shortCode":"","climbs":[{"_id":"OtXIvR64W1OeX+FmUbqdKg==","name":"Unknown at New River","yds":"5.9","grades":{"yds":"5.9","french":"5c"},"fa":"????????","type":{"sport":true},"safety":"UNSPECIFIED","metadata":{"lnglat":{"type":"Point","coordinates":[-105.31624,39.73704]},"left_right_index":999999,"mp_id":"105757390","mp_crag_id":"105744850","climb_id":"OtXIvR64W1OeX+FmUbqdKg==","areaRef":"N6EnApVsWVilFaPgXRFH0Q=="},"content":{"description":"This route is on a separate outcropping upstream from the New River Wall.  Follow the approach for Highlander and New River Wall for about 100 yards.  As the trail hits a small flat area and heads up left, look down and right to find an outcropping with 2 bolts at the lip and a third as backup about 10 feet from the lip.\n\nFigure out how to get down. I set up a rappel at the anchors with the single bolt as backup and rappelled about 50 feet down and right to the lower anchors (on a sloping shelf just off the water). Watch the ends of your rope or coil them and feed as you rappel to keep your rope dry! Another possibility would be to rappel off a separate line, setup to stay out of the river.\n\nFollow 3 bolts up and left over relatively easy terrain. Crank up and over a small roof (crux - 1 more bolt) and head for the anchors. This is a fun route with great position right off the river. It's just too short.","protection":"Quickdraws for 4 bolts and 2-bolt top and bottom anchors.","location":""},"__v":0},{"_id":"MX9HaWMBWfitBFLVh/B9Mw==","name":"Sweet Inspirations","yds":"5.13c","grades":{"yds":"5.13c","french":"8a+"},"fa":"Brian Kimball","type":{"sport":true},"safety":"UNSPECIFIED","metadata":{"lnglat":{"type":"Point","coordinates":[-105.31624,39.73704]},"left_right_index":11,"mp_id":"107119970","mp_crag_id":"105744850","climb_id":"MX9HaWMBWfitBFLVh/B9Mw==","areaRef":"N6EnApVsWVilFaPgXRFH0Q=="},"content":{"description":"Climb\n\nSonic Youth\n\nto the horizontal seam, then traverse right and finish on\n\nPublic Enemy\n\n.","protection":"Bolts.","location":""},"__v":0},{"_id":"JxsKG44RXx2aVGPHHHM5Wg==","name":"Sweet Inclinations","yds":"5.13d","grades":{"yds":"5.13d","french":"8b"},"fa":"Matt Lloyd","type":{"sport":true},"safety":"UNSPECIFIED","metadata":{"lnglat":{"type":"Point","coordinates":[-105.31624,39.73704]},"left_right_index":10,"mp_id":"107186625","mp_crag_id":"105744850","climb_id":"JxsKG44RXx2aVGPHHHM5Wg==","areaRef":"N6EnApVsWVilFaPgXRFH0Q=="},"content":{"description":"Climb\n\nSweet Inspirations\n\nto the dinner plate jug just after the traverse crux. Do not clip the short draw at the end of the traverse. Instead, go straight up over the Inclinations roof and finish on\n\nPublic\n\n. This slightly harder more direct variation is better all around than\n\nSweet Inspirations\n\n.","protection":"Bolts.","location":""},"__v":0},{"_id":"MC4osl+aWhOKkexPl0Cjsg==","name":"Sonic Youth","yds":"5.13a","grades":{"yds":"5.13a","french":"7c+"},"fa":"Kurt Smith/Mike Pont, 1990","type":{"sport":true},"safety":"UNSPECIFIED","metadata":{"lnglat":{"type":"Point","coordinates":[-105.31624,39.73704]},"left_right_index":5,"mp_id":"105749158","mp_crag_id":"105744850","climb_id":"MC4osl+aWhOKkexPl0Cjsg==","areaRef":"N6EnApVsWVilFaPgXRFH0Q=="},"content":{"description":"This is one of Clear Creek's best climbs.  The route ascends the steep ceiling and finishes with an awesome, overhung dihedral.  The route used to be rated 12d, so maybe the correct rating is 12d/13a.  Either way this route will challenge you.  The initial moves are powerful, but solid, while the final crux requires endurance and good body tension. There are some classic moves on the route that will leave you smiling. A couple moderate rests can be found to help with the redpoint effort. It is highly recommended.","protection":"9 bolts, 3 coldshuts anchor.  The third clip on this route is tricky to make.  Cleaning this route can be done by threading the rope up through the coldshut on the arete and then the two out right.  This prevents the rope from running over the sharp edge.  Or it is possible to lower off the coldshut on the arete and the last bolt on the climb if fixed gear is in place. Lowering here will put you about five feet out in the river, but it is possible to keep dry by stepping on some rocks, or have your belayer reach out to you.","location":""},"__v":0},{"_id":"vRfFp3asXBWnTgMbb1nDIw==","name":"Sonic Vibrations","yds":"5.14b","grades":{"yds":"5.14b","french":"8c"},"fa":"Brian Kimball","type":{"sport":true},"safety":"UNSPECIFIED","metadata":{"lnglat":{"type":"Point","coordinates":[-105.31624,39.73704]},"left_right_index":6,"mp_id":"107146250","mp_crag_id":"105744850","climb_id":"vRfFp3asXBWnTgMbb1nDIw==","areaRef":"N6EnApVsWVilFaPgXRFH0Q=="},"content":{"description":"Stick clip the new bolt in the roof just right of\n\nSonic\n\n, and climb the first 4 bolts of\n\nSonic\n\n. From here, bust right, then straight up to the jug rest. From here, finish like you would for\n\nKinky Reggae\n\ndoing the pocket crossover back into\n\nSonic's\n\nfinal rest and anchor.","protection":"Bolts.","location":""},"__v":0},{"_id":"AVeE0stXXbiuWBtxfO54dQ==","name":"Solicitor","yds":"5.12c/d","grades":{"yds":"5.12c/d","french":"7c"},"fa":"Chris Deuto???","type":{"sport":true},"safety":"UNSPECIFIED","metadata":{"lnglat":{"type":"Point","coordinates":[-105.31624,39.73704]},"left_right_index":32,"mp_id":"120532753","mp_crag_id":"105744850","climb_id":"AVeE0stXXbiuWBtxfO54dQ==","areaRef":"N6EnApVsWVilFaPgXRFH0Q=="},"content":{"description":"This is also known as\n\nLove Your Enemies\n\nextension. It is not the best 5.12+ in the canyon, but it could be popular due to the lack of climbs of a similar grade on the wall. Upon reaching the end of\n\nLove Your Enemies\n\n(skip the chain anchor here), bust a hard left under the large roof, and make a reachy crux sequence to get to the jugs near the ending of\n\nExecution\n\n. Finish on the ledge as for that route. Essentially this line horizontally parallels\n\nExecution\n\nabout 7 feet higher. Though it is quite inconsistent, and boils down to a difficult iron cross move after climbing a 12a, it’s got good rock and position, and I thought it bordered on 3 stars.\n\nSide note: I talked to Brian Kimball about this rig, and he said he bolted it but never sent. I had to clean some dirt and flaky rock, but due to the convenience of the line and the easily-reachable bolts, I wouldn’t be surprised if this has been done. Please let me know if the route has already been sent, and I’ll change the name and FA.","protection":"Several fixed draws and 2 plain bolts, so bring a few extra draws. Someone ought to fix some draws on this, as it’s kinda hard to get clean after sending.","location":"Basically Solicitor horizontally parallels\n\nExecution\n\n, about 7 feet above that route’s crux. Begin as for\n\nLove Your Enemies\n\n, but at the anchor, move left staying under the large roof and finish as for\n\nExecution\n\n. The line is 2 bolts of extra climbing."},"__v":0},{"_id":"Dz2JggEvX76FYHtsKxo6Ww==","name":"Public Youth","yds":"5.14a","grades":{"yds":"5.14a","french":"8b+"},"fa":"Brian Kimball","type":{"sport":true},"safety":"UNSPECIFIED","metadata":{"lnglat":{"type":"Point","coordinates":[-105.31624,39.73704]},"left_right_index":21,"mp_id":"107141600","mp_crag_id":"105744850","climb_id":"Dz2JggEvX76FYHtsKxo6Ww==","areaRef":"N6EnApVsWVilFaPgXRFH0Q=="},"content":{"description":"Climb\n\nPublic\n\nto the seam then left into\n\nSonic's\n\nfinal crux and anchor.","protection":"Bolts.","location":""},"__v":0},{"_id":"b9VbnAjGVreOXcnP0PakjA==","name":"Public Inclinations DS","yds":"5.13d","grades":{"yds":"5.13d","french":"8b"},"fa":"Brian Kimball","type":{"sport":true},"safety":"UNSPECIFIED","metadata":{"lnglat":{"type":"Point","coordinates":[-105.31624,39.73704]},"left_right_index":20,"mp_id":"107788150","mp_crag_id":"105744850","climb_id":"b9VbnAjGVreOXcnP0PakjA==","areaRef":"N6EnApVsWVilFaPgXRFH0Q=="},"content":{"description":"This is\n\nPublic Inclinations'\n\ndirect start.","protection":"Bolts.","location":""},"__v":0},{"_id":"1ODzeHTxXyq8cvEjN8ZY2w==","name":"Public Inclinations","yds":"5.13d","grades":{"yds":"5.13d","french":"8b"},"fa":"Brian Kimball","type":{"trad":true,"sport":true},"safety":"UNSPECIFIED","metadata":{"lnglat":{"type":"Point","coordinates":[-105.31624,39.73704]},"left_right_index":19,"mp_id":"107350324","mp_crag_id":"105744850","climb_id":"1ODzeHTxXyq8cvEjN8ZY2w==","areaRef":"N6EnApVsWVilFaPgXRFH0Q=="},"content":{"description":"Climb\n\nPublic Enemy\n\nto the jug rail, then climb left a few feet clipping the short draw, go straight up out the triangle roof from the dinner plate jug then finish on\n\nPublic Enemy\n\n.","protection":"Bolts.","location":""},"__v":0},{"_id":"mWISqZNjWUKThxRGSzLZ2Q==","name":"Public Execution","yds":"5.14a","grades":{"yds":"5.14a","french":"8b+"},"fa":"Brian Kimball","type":{"sport":true},"safety":"UNSPECIFIED","metadata":{"lnglat":{"type":"Point","coordinates":[-105.31624,39.73704]},"left_right_index":27,"mp_id":"108076388","mp_crag_id":"105744850","climb_id":"mWISqZNjWUKThxRGSzLZ2Q==","areaRef":"N6EnApVsWVilFaPgXRFH0Q=="},"content":{"description":"Climb\n\nPublic Enemy\n\n, then bust straight left along the horizontal seem through the tan streaks. Do same crux and finish as \"\n\nExecution\n\n.\"","protection":"Bolts.","location":""},"__v":0},{"_id":"iINFp1wCWkmbElMoaPFlug==","name":"Public Enemy DS","yds":"5.13d","grades":{"yds":"5.13d","french":"8b"},"fa":"Brian Kimball","type":{"sport":true},"safety":"UNSPECIFIED","metadata":{"lnglat":{"type":"Point","coordinates":[-105.31624,39.73704]},"left_right_index":18,"mp_id":"107627003","mp_crag_id":"105744850","climb_id":"iINFp1wCWkmbElMoaPFlug==","areaRef":"N6EnApVsWVilFaPgXRFH0Q=="},"content":{"description":"This is\n\nPublic Enemy's\n\ndirect start.","protection":"Bolts.","location":""},"__v":0},{"_id":"JCDXYMrXVeq4hGxIj/zb8w==","name":"Public Enemy","yds":"5.13c","grades":{"yds":"5.13c","french":"8a+"},"fa":"Brian Kimball","type":{"trad":true,"sport":true},"safety":"UNSPECIFIED","metadata":{"lnglat":{"type":"Point","coordinates":[-105.31624,39.73704]},"left_right_index":17,"mp_id":"105764703","mp_crag_id":"105744850","climb_id":"JCDXYMrXVeq4hGxIj/zb8w==","areaRef":"N6EnApVsWVilFaPgXRFH0Q=="},"content":{"description":"Climb straight up the right side of the wall using one old drilled pocket.","protection":"Bolts.","location":"To be edited in."},"__v":0},{"_id":"EjiyHwNGVPy7RTPCsXwRqA==","name":"Public Crucifixion","yds":"5.14a","grades":{"yds":"5.14a","french":"8b+"},"fa":"Brian Kimball","type":{"sport":true},"safety":"UNSPECIFIED","metadata":{"lnglat":{"type":"Point","coordinates":[-105.31624,39.73704]},"left_right_index":29,"mp_id":"108089118","mp_crag_id":"105744850","climb_id":"EjiyHwNGVPy7RTPCsXwRqA==","areaRef":"N6EnApVsWVilFaPgXRFH0Q=="},"content":{"description":"Climb\n\nPublic Enemy\n\nto the jug rail where it intersects with\n\nCrucifixion\n\nthen finish\n\nCrucifixion\n\n/\n\nExecution\n\n.","protection":"Bolts.","location":""},"__v":0},{"_id":"4uYLPqKdUqyfSflPl6Ktow==","name":"Positive Vibrations","yds":"5.14a","grades":{"yds":"5.14a","french":"8b+"},"fa":"Brian Kimball","type":{"sport":true},"safety":"UNSPECIFIED","metadata":{"lnglat":{"type":"Point","coordinates":[-105.31624,39.73704]},"left_right_index":8,"mp_id":"107161713","mp_crag_id":"105744850","climb_id":"4uYLPqKdUqyfSflPl6Ktow==","areaRef":"N6EnApVsWVilFaPgXRFH0Q=="},"content":{"description":"Start just like\n\nSonic Vibrations\n\n, but go right from the shake out jug into\n\nPublic Enemy's\n\ncrux and anchor.","protection":"Bolts.","location":""},"__v":0},{"_id":"h87dxjm3V1uH9x8iA0VCxA==","name":"No More Inclinations","yds":"5.14a","grades":{"yds":"5.14a","french":"8b+"},"fa":"Brian Kimball","type":{"sport":true},"safety":"UNSPECIFIED","metadata":{"lnglat":{"type":"Point","coordinates":[-105.31624,39.73704]},"left_right_index":24,"mp_id":"107184191","mp_crag_id":"105744850","climb_id":"h87dxjm3V1uH9x8iA0VCxA==","areaRef":"N6EnApVsWVilFaPgXRFH0Q=="},"content":{"description":"Start\n\nNo More Enemies\n\n, but go straight up over the Inclinations triangle roof from the dinner plate jug, and finish on\n\nPublic Enemy\n\n.","protection":"Bolts.","location":""},"__v":0},{"_id":"9Ua6kpavUBq0KIRIL+F6hA==","name":"No More Enemies DS","yds":"5.14a","grades":{"yds":"5.14a","french":"8b+"},"fa":"Brian Kimball","type":{"sport":true},"safety":"UNSPECIFIED","metadata":{"lnglat":{"type":"Point","coordinates":[-105.31624,39.73704]},"left_right_index":23,"mp_id":"111906160","mp_crag_id":"105744850","climb_id":"9Ua6kpavUBq0KIRIL+F6hA==","areaRef":"N6EnApVsWVilFaPgXRFH0Q=="},"content":{"description":"This is the\n\nNo More Enemies Direct Start\n\n, which is\n\nKinky Reggae\n\n+\n\nSweet Inspirations\n\n= slightly harder than\n\nKinky Reggae\n\n.","protection":"Bolts.","location":""},"__v":0},{"_id":"2WD0aSNPVhG4AKxHPeyNCg==","name":"No More Enemies","yds":"5.14-","grades":{"yds":"5.14-","french":"8b+"},"fa":"Brian Kimball","type":{"sport":true},"safety":"UNSPECIFIED","metadata":{"lnglat":{"type":"Point","coordinates":[-105.31624,39.73704]},"left_right_index":22,"mp_id":"107141612","mp_crag_id":"105744850","climb_id":"2WD0aSNPVhG4AKxHPeyNCg==","areaRef":"N6EnApVsWVilFaPgXRFH0Q=="},"content":{"description":"Kinky Reggae\n\n+\n\nSweet Inspirations\n\n= slightly harder than\n\nKinky Reggae\n\n.","protection":"Bolts.","location":""},"__v":0},{"_id":"A0ubsQcoXPmo/tbn21Ks2w==","name":"No More Crucifixions","yds":"5.14a/b","grades":{"yds":"5.14a/b","french":"8c"},"fa":"Brian Kimball","type":{"sport":true},"safety":"UNSPECIFIED","metadata":{"lnglat":{"type":"Point","coordinates":[-105.31624,39.73704]},"left_right_index":25,"mp_id":"108179727","mp_crag_id":"105744850","climb_id":"A0ubsQcoXPmo/tbn21Ks2w==","areaRef":"N6EnApVsWVilFaPgXRFH0Q=="},"content":{"description":"Climb\n\nKinky Reggae\n\n, then climb right at the horizontal seam crux of\n\nSweet Inspirations\n\n, then climb over the\n\nInclinations\n\nRoof, then climb left along the horizontal seam and finish as for\n\nExecution\n\n.","protection":"Bolts.","location":""},"__v":0},{"_id":"5iO0jYVeUBG1i34g7nBb5g==","name":"Merlin","yds":"5.11c","grades":{"yds":"5.11c","french":"6c+"},"fa":"FA and FFA  Alan Nelson & Richard Wright, '90s","type":{"sport":true},"safety":"UNSPECIFIED","metadata":{"lnglat":{"type":"Point","coordinates":[-105.31624,39.73704]},"left_right_index":0,"mp_id":"105756094","mp_crag_id":"105744850","climb_id":"5iO0jYVeUBG1i34g7nBb5g==","areaRef":"N6EnApVsWVilFaPgXRFH0Q=="},"content":{"description":"This route is on a small rock along the approach to New River Wall, namely the short (~45 foot) rock just above the river after the Tyrolean just prior to New River Wall.  Ascends the left side of the rock. The first few moves are very juggy and fun, then attacks the tricky crux in the crack before attaining good underclings at a small overlap. Pull above this to a large corner , clip and make a couple more juggy moves left to the chains.  Fun but short (1.5 stars).  Decent route to get the blood flowing a little before hopping on\n\nSonic Youth\n\n.","protection":"4 or 5 bolts to 2 bolt anchor.","location":""},"__v":0},{"_id":"8wvQOi8vUfmk1wu6zhyO2A==","name":"Master Beta","yds":"5.12a","grades":{"yds":"5.12a","french":"7a+"},"fa":"Alan Nelson","type":{"sport":true},"safety":"UNSPECIFIED","metadata":{"lnglat":{"type":"Point","coordinates":[-105.31624,39.73704]},"left_right_index":3,"mp_id":"105751723","mp_crag_id":"105744850","climb_id":"8wvQOi8vUfmk1wu6zhyO2A==","areaRef":"N6EnApVsWVilFaPgXRFH0Q=="},"content":{"description":"This is the rarely repeated extension to \"\n\nBeta Test\n\n\".  The line is obvious - a worthless seam across a horizontal 8' roof.  After clipping a bolt out in the middle of the roof and rigging slings to keep down the rope drag, a wild move launches you to a handlebar jug on the lip.  Hook your heel by your hand to let go and clip the bolt just over the lip, then mantle on up to the anchors above.  Failure will leave you dangling in space with no easy way to get back on the rock.  Success means you're definitely a \"Master\" of rock.  Cleaning the route is a pain, but most folks don't even get as far as the lip, so it isn't a problem.  A unique adventure, and one of biggest horizontal roof tests in the canyon.","protection":"Four bolts on \"\n\nBeta Test\n\n\", some long slings on the \"\n\nBeta Test\n\n\" anchor hooks, with two more bolts across the roof to a pair of bolts with 1/2\" anchor hooks up over the lip.","location":""},"__v":0},{"_id":"Jel5y92ZWyOjnfBoxbSqOg==","name":"Love Your Inclinations","yds":"5.12b/c","grades":{"yds":"5.12b/c","french":"7b+"},"fa":"Brian Kimball","type":{"trad":true,"sport":true},"safety":"UNSPECIFIED","metadata":{"lnglat":{"type":"Point","coordinates":[-105.31624,39.73704]},"left_right_index":31,"mp_id":"107591358","mp_crag_id":"105744850","climb_id":"Jel5y92ZWyOjnfBoxbSqOg==","areaRef":"N6EnApVsWVilFaPgXRFH0Q=="},"content":{"description":"Climb\n\nEnjoy Your Youth\n\n, but go straight up over the triangle Inclinations roof and finish on\n\nPublic Enemy\n\n.","protection":"Bolts.","location":""},"__v":0},{"_id":"hLr8WVjpXWK6GEEGqCIOZw==","name":"Love Your Enemies","yds":"5.12a/b","grades":{"yds":"5.12a/b","french":"7b"},"fa":"Brian Kimball","type":{"trad":true,"sport":true},"safety":"UNSPECIFIED","metadata":{"lnglat":{"type":"Point","coordinates":[-105.31624,39.73704]},"left_right_index":33,"mp_id":"107118780","mp_crag_id":"105744850","climb_id":"hLr8WVjpXWK6GEEGqCIOZw==","areaRef":"N6EnApVsWVilFaPgXRFH0Q=="},"content":{"description":"Climb 3 bolts up the slab, then traverse left and upward to join and finish on\n\nPublic Enemy\n\n.","protection":"Bolts.","location":""},"__v":0},{"_id":"OijXKrwQWBKcvESPUDJ5nA==","name":"La Mega Positive","yds":"5.14b","grades":{"yds":"5.14b","french":"8c"},"fa":"Brian Kimball","type":{"sport":true},"safety":"UNSPECIFIED","metadata":{"lnglat":{"type":"Point","coordinates":[-105.31624,39.73704]},"left_right_index":9,"mp_id":"108150813","mp_crag_id":"105744850","climb_id":"OijXKrwQWBKcvESPUDJ5nA==","areaRef":"N6EnApVsWVilFaPgXRFH0Q=="},"content":{"description":"Climb\n\nSonic Youth\n\nto the first stem rest jug over the first roof. Then bust a 10 move V10/11? boulder problem straight right around the blunt arete to the big jug in the middle of the overhanging face. From here, head straight right as for\n\nPositive Vibrations\n\ninto the\n\nPublic Enemy\n\ncrux and finish.","protection":"Bolts.","location":""},"__v":0},{"_id":"UCCVaFxhWsCwbNz/zlsx5A==","name":"Know Your Inclinations","yds":"5.14a","grades":{"yds":"5.14a","french":"8b+"},"fa":"Brian Kimball","type":{"sport":true},"safety":"UNSPECIFIED","metadata":{"lnglat":{"type":"Point","coordinates":[-105.31624,39.73704]},"left_right_index":16,"mp_id":"107591350","mp_crag_id":"105744850","climb_id":"UCCVaFxhWsCwbNz/zlsx5A==","areaRef":"N6EnApVsWVilFaPgXRFH0Q=="},"content":{"description":"Start the same as for\n\nKnow Your Enemies\n\n, but after the MONSTER DYNO, climb straight up the wall over the\n\nInclinations\n\nroof finishing on\n\nPublic Enemy\n\n.","protection":"Bolts.","location":""},"__v":0},{"_id":"q3ZGq7AKX6WIUB8zr8Cdvw==","name":"Know Your Enemies","yds":"5.14-","grades":{"yds":"5.14-","french":"8b+"},"fa":"Brian Kimball","type":{"sport":true},"safety":"UNSPECIFIED","metadata":{"lnglat":{"type":"Point","coordinates":[-105.31624,39.73704]},"left_right_index":15,"mp_id":"107133546","mp_crag_id":"105744850","climb_id":"q3ZGq7AKX6WIUB8zr8Cdvw==","areaRef":"N6EnApVsWVilFaPgXRFH0Q=="},"content":{"description":"Climb\n\nKinky Reggae\n\nto the big hold in the middle of the wall, but instead of doing the pocket crossover, switch your hands (right hand gaston pocket left hand two finger pocket). Then DYNO-HUCK to the big, dinner plate jug at the end of the\n\nSweet Inspirations\n\ntraverse, and finish up the path of least resistance\n\nPublic Enemy\n\n.","protection":"Bolts.","location":""},"__v":0},{"_id":"5r7ohJuoVRmnNJFZ3Cr/ug==","name":"Kinky Reggae DS","yds":"5.14a","grades":{"yds":"5.14a","french":"8b+"},"fa":"Brian Kimball","type":{"sport":true},"safety":"UNSPECIFIED","metadata":{"lnglat":{"type":"Point","coordinates":[-105.31624,39.73704]},"left_right_index":14,"mp_id":"108143458","mp_crag_id":"105744850","climb_id":"5r7ohJuoVRmnNJFZ3Cr/ug==","areaRef":"N6EnApVsWVilFaPgXRFH0Q=="},"content":{"description":"This is\n\nKinky Reggae's\n\ndirect start.","protection":"Bolts.","location":""},"__v":0},{"_id":"ndI+KLn2WduwSeL7huZFjQ==","name":"Kinky Reggae","yds":"5.14a","grades":{"yds":"5.14a","french":"8b+"},"fa":"Brian Kimball","type":{"sport":true},"safety":"UNSPECIFIED","metadata":{"lnglat":{"type":"Point","coordinates":[-105.31624,39.73704]},"left_right_index":13,"mp_id":"107133541","mp_crag_id":"105744850","climb_id":"ndI+KLn2WduwSeL7huZFjQ==","areaRef":"N6EnApVsWVilFaPgXRFH0Q=="},"content":{"description":"Start on\n\nPublic Enemy\n\n, then traverse up and left through the two old drilled pockets, cross over the boulder problem, and finish on\n\nSonic Youth\n\n.","protection":"Bolts.","location":""},"__v":0},{"_id":"s5FTUl9kVT6IXj06e9bAGw==","name":"Good Vibrations","yds":"5.14b","grades":{"yds":"5.14b","french":"8c"},"fa":"Brian Kimball","type":{"sport":true},"safety":"UNSPECIFIED","metadata":{"lnglat":{"type":"Point","coordinates":[-105.31624,39.73704]},"left_right_index":7,"mp_id":"107180893","mp_crag_id":"105744850","climb_id":"s5FTUl9kVT6IXj06e9bAGw==","areaRef":"N6EnApVsWVilFaPgXRFH0Q=="},"content":{"description":"This is possibly my favorite of the Vibrations lines. Climb as for\n\nSonic Vibrations\n\n, but go right at the seam under the roof doing the\n\nSweet Inspirations\n\ncrux and finish. All of these routes have very nice flow and movement this one is right up there with\n\nPositive Vibrations\n\nin quality and difficulty :o)","protection":"Bolts.","location":""},"__v":0},{"_id":"BDr9U2gkUJ2kXOCl3YXRIA==","name":"Fountain of Youth","yds":"5.13c/d","grades":{"yds":"5.13c/d","french":"8b"},"fa":"Daniel Woods","type":{"sport":true},"safety":"UNSPECIFIED","metadata":{"lnglat":{"type":"Point","coordinates":[-105.31624,39.73704]},"left_right_index":4,"mp_id":"105862838","mp_crag_id":"105744850","climb_id":"BDr9U2gkUJ2kXOCl3YXRIA==","areaRef":"N6EnApVsWVilFaPgXRFH0Q=="},"content":{"description":"Follow the overhanging arete and finish on the\n\nSonic Youth\n\nanchors.","protection":"The quickdraws are in place.","location":"This route is just left of\n\nSonic Youth\n\n."},"__v":0},{"_id":"BXxi+nW+X22H6vO6NqwDIQ==","name":"Execution","yds":"5.13c/d","grades":{"yds":"5.13c/d","french":"8b"},"fa":"Brian Kimball","type":{"sport":true},"safety":"UNSPECIFIED","metadata":{"lnglat":{"type":"Point","coordinates":[-105.31624,39.73704]},"left_right_index":26,"mp_id":"108073772","mp_crag_id":"105744850","climb_id":"BXxi+nW+X22H6vO6NqwDIQ==","areaRef":"N6EnApVsWVilFaPgXRFH0Q=="},"content":{"description":"This is a totally natural line, it has really unique fun movement, and it has a hard bouldery and exposed high crux. Start up\n\nLove Your Enemies\n\n, then bust straight left along the horizontal seem through the tan streaks to the arete then climb straight up to a mini-ledge and newer anchor up and right of\n\nSonic's\n\nanchor.","protection":"Bolts.","location":""},"__v":0},{"_id":"erptU/J6VIizdQ7lOu4SZQ==","name":"Enjoy Your Youth","yds":"5.13c","grades":{"yds":"5.13c","french":"8a+"},"fa":"Brian Kimball","type":{"sport":true},"safety":"UNSPECIFIED","metadata":{"lnglat":{"type":"Point","coordinates":[-105.31624,39.73704]},"left_right_index":30,"mp_id":"107141625","mp_crag_id":"105744850","climb_id":"erptU/J6VIizdQ7lOu4SZQ==","areaRef":"N6EnApVsWVilFaPgXRFH0Q=="},"content":{"description":"Start up\n\nLove Your Enemies\n\nto the horizontal seam/rail, then traverse all the way left and finish on\n\nSonic Youth\n\n.","protection":"Bolts.","location":""},"__v":0},{"_id":"/D0BZkQ2XQOrky9ct8fsRg==","name":"Dragonslayer","yds":"5.12d","grades":{"yds":"5.12d","french":"7c"},"fa":"Jason Baker (6/08)","type":{"sport":true},"safety":"UNSPECIFIED","metadata":{"lnglat":{"type":"Point","coordinates":[-105.31624,39.73704]},"left_right_index":1,"mp_id":"106183287","mp_crag_id":"105744850","climb_id":"/D0BZkQ2XQOrky9ct8fsRg==","areaRef":"N6EnApVsWVilFaPgXRFH0Q=="},"content":{"description":"This short bouldery route starts on the right side of the wall. Fight through a crux sequence of small crimps and a fun sloper just after the first bolt, up to a crimp below the second bolt. Pull up and gain a jug to clip and chalk up. Another short boulder problem awaits getting to the 3rd bolt and a rest jug under the roof. (Be careful of a sizeable chunk underneath the roof with an \"x\" on it... I tried to pull it out, but it didn't budge, but still be aware...) Finally, fun and easy climbing takes you over the roof with a long reach, and then up left to the anchors.","protection":"4 bolts to a 2-bolt anchor equipped with rap rings.","location":"This route is located on the Merlin formation, it's just to the right of\n\nMerlin\n\n. Follow the New River trail."},"__v":0},{"_id":"ndAGY7N9XHaluwCm2aQtMA==","name":"Crucifixtion","yds":"5.13d","grades":{"yds":"5.13d","french":"8b"},"fa":"Brian Kimball","type":{"sport":true},"safety":"UNSPECIFIED","metadata":{"lnglat":{"type":"Point","coordinates":[-105.31624,39.73704]},"left_right_index":28,"mp_id":"108076337","mp_crag_id":"105744850","climb_id":"ndAGY7N9XHaluwCm2aQtMA==","areaRef":"N6EnApVsWVilFaPgXRFH0Q=="},"content":{"description":"Climb up\n\nLove Your Inclinations\n\nto the horizontal seam over the triangle (\n\nInclinations\n\nroof), then bust straight left through the tan streaks.  Do the same crux finish as for (\n\nExecution\n\n5.13d?). It definitely helped reduce any mild form of rope drag by adding a 2' long sling to the short draw right before you head over the\n\nInclinations\n\nroof.","protection":"Bolts.","location":""},"__v":0},{"_id":"zVs71v6kX4ey/F7bXBITSA==","name":"Beta Test","yds":"5.11c","grades":{"yds":"5.11c","french":"6c+"},"fa":"Alan Nelson","type":{"sport":true},"safety":"UNSPECIFIED","metadata":{"lnglat":{"type":"Point","coordinates":[-105.31624,39.73704]},"left_right_index":2,"mp_id":"105751720","mp_crag_id":"105744850","climb_id":"zVs71v6kX4ey/F7bXBITSA==","areaRef":"N6EnApVsWVilFaPgXRFH0Q=="},"content":{"description":"This is a spooky warm-up for \"\n\nSonic Youth\n\n\", running up the middle of the wall to the left.  Scramble up the ramp until bolts lead up overhanging rock onto the wall.  The crux comes quickly, with fingery layaways with sketchy feet past the second clip.  The spook factor comes from having to climb until your feet are above the bolt before it eases and you snag the third clip.  It feels quite possible to skate off while balancing for the clip.  The upper half is an easy hike to the anchors.","protection":"Four bolts to to anchor bolts with 1/2\" hooks under the roof.","location":""},"__v":0},{"_id":"rjhigM8pWzSIsjK8EY+2Sw==","name":"Ali Natural","yds":"5.14b","grades":{"yds":"5.14b","french":"8c"},"fa":"Brian Kimball","type":{"sport":true},"safety":"UNSPECIFIED","metadata":{"lnglat":{"type":"Point","coordinates":[-105.31624,39.73704]},"left_right_index":12,"mp_id":"107836429","mp_crag_id":"105744850","climb_id":"rjhigM8pWzSIsjK8EY+2Sw==","areaRef":"N6EnApVsWVilFaPgXRFH0Q=="},"content":{"description":"Start on\n\nPublic\n\nand finish on\n\nSonic Youth\n\nwithout using the two old drilled pockets staying a few feet lower.","protection":"Bolts.","location":"This starts as for\n\nPublic\n\n."},"__v":0}],"children":[],"ancestors":"1db1e8ba-a40e-587c-88a4-64f5ea814b8e,ab48aed5-2e8d-54bb-b099-6140fe1f098f,b34b81ad-639b-5002-8b62-fcc081599499,8af5df63-9dd1-5fb2-9ef1-c3c3860494f5,37a12702-956c-5958-a515-a3e05d1147d1","pathTokens":["USA","Colorado","Golden","Clear Creek Canyon","New River Wall, The"],"gradeContext":"US","aggregate":{"byGrade":[{"count":1,"label":"5.9"},{"count":3,"label":"5.13c"},{"count":5,"label":"5.13d"},{"count":1,"label":"5.13a"},{"count":4,"label":"5.14b"},{"count":1,"label":"5.12c/d"},{"count":9,"label":"5.14a"},{"count":2,"label":"5.14-"},{"count":1,"label":"5.14a/b"},{"count":2,"label":"5.11c"},{"count":1,"label":"5.12a"},{"count":1,"label":"5.12b/c"},{"count":1,"label":"5.12a/b"},{"count":2,"label":"5.13c/d"},{"count":1,"label":"5.12d"}],"byDiscipline":{"trad":{"total":4,"bands":{"unknown":0,"beginner":0,"intermediate":0,"advanced":2,"expert":2}},"sport":{"total":35,"bands":{"unknown":0,"beginner":0,"intermediate":1,"advanced":7,"expert":27}}},"byGradeBand":{"unknown":0,"beginner":0,"intermediate":1,"advanced":7,"expert":27}},"metadata":{"isBoulder":false,"isDestination":false,"leaf":true,"lnglat":{"type":"Point","coordinates":[-105.31624,39.73704]},"bbox":[-105.31682474395978,39.73659033981813,-105.31565525604022,39.73748966018185],"left_right_index":-1,"ext_id":"105744850","area_id":"N6EnApVsWVilFaPgXRFH0Q==","polygon":{"type":"Polygon","coordinates":[[[-105.31682474395978,39.73659033981813],[-105.31565525604022,39.73659033981813],[-105.31565525604022,39.73748966018185],[-105.31682474395978,39.73748966018185],[-105.31682474395978,39.73659033981813]]]}},"content":{"description":""},"density":0,"totalClimbs":35,"__v":1,"createdAt":"2022-11-07T05:57:03.395Z","updatedAt":"2024-01-20T01:01:17.310Z"}