{"_id":"63689de0e80bff5a994fa589","area_name":"MBA Buttress","shortCode":"","climbs":[{"_id":"lyVRK3BHXGCKKR6eARTqww==","name":"Wazup? aka Buchanan","yds":"5.8+","grades":{"yds":"5.8+","french":"5b"},"fa":"unknown","type":{"trad":true},"safety":"UNSPECIFIED","metadata":{"lnglat":{"type":"Point","coordinates":[-105.21785,39.76824]},"left_right_index":27,"mp_id":"106627979","mp_crag_id":"105745136","climb_id":"lyVRK3BHXGCKKR6eARTqww==","areaRef":"VfsrQNlUX+u9bsEZhWRgyg=="},"content":{"description":"This is a very short crack climb but has a fun move or two.  It would certainly be better if longer but it is worth doing if you have climbed all the routes in the near vicinity and want to place some gear.  The crux comes about halfway up as you commit to the crack.","protection":"A light rack to a #3 Camalot.  There is a two bolt anchor on top.","location":"This is the flip flop dihedral with a short crack immediately left of the climb\n\nMini Me\n\n.  The bolts on\n\nMini Me\n\nare about a foot to your right as you start the crack. Descend from a two bolt anchor at the top."},"__v":0},{"_id":"v6/m37O9VvOAhUWgCq6iMw==","name":"Twenty Something Arete","yds":"5.7","grades":{"yds":"5.7","french":"5a"},"fa":"Mark Roth, Jay Eggleston, Glen Charnoski","type":{"trad":true,"bouldering":true},"safety":"R","metadata":{"lnglat":{"type":"Point","coordinates":[-105.21785,39.76824]},"left_right_index":30,"mp_id":"106628074","mp_crag_id":"105745136","climb_id":"v6/m37O9VvOAhUWgCq6iMw==","areaRef":"VfsrQNlUX+u9bsEZhWRgyg=="},"content":{"description":"The technical crux is getting off the ground, the mental crux is near the top.  There really isn't any gear, and it's not tall enough to bolt.  You wouldn't want to fall, but you probably won't.\n\nThe name comes from the hard to read graffiti at the base, and because of the height....","protection":"No good gear and no anchor.\n\nPer\n\nJay Eggleston\n\n: a long sling or cordellete can wrap around a solid, attached block for an anchor.\n\nIf you can't find the walk off, you probably won't find the car either....","location":"This is the short but attractive arete up in the gully at the start of the MBA area."},"__v":0},{"_id":"Xel6/jZIXN6290c7jjkBNQ==","name":"Table Manners","yds":"5.11b","grades":{"yds":"5.11b","french":"6c"},"fa":"unknown","type":{"sport":true},"safety":"UNSPECIFIED","metadata":{"lnglat":{"type":"Point","coordinates":[-105.21785,39.76824]},"left_right_index":17,"mp_id":"105751636","mp_crag_id":"105745136","climb_id":"Xel6/jZIXN6290c7jjkBNQ==","areaRef":"VfsrQNlUX+u9bsEZhWRgyg=="},"content":{"description":"Table Manners starts on the blank face just right of\n\nBrain Cloud\n\nArete and\n\nShadow of a Hangdog\n\n. I can almost always find the good in a climb, and while this has some, Table Manners struck me as highly contrived. A bolted face is not really climbed, but the very pro-able crack to the right is climbed. This is followed by a highly contrived finger traverse that steps left, picks up a bolt, and steps back right to the continuation of the trad corner. The roof above is bolted for an apparent direct ascent, but the climbing in fact takes off in a very pro-able crack to the left.  This whole route can be done trad following the natural features of the rock. I'm sorry to say that it was not impressive.","protection":"Bring 7 or 8 draws and something for the double bolt anchor at the top.","location":""},"__v":0},{"_id":"m2RpeU2aXn+UPQYZsMXEkA==","name":"Stoney Middleton","yds":"5.8","grades":{"yds":"5.8","french":"5b"},"fa":"unknown","type":{"trad":true},"safety":"UNSPECIFIED","metadata":{"lnglat":{"type":"Point","coordinates":[-105.21785,39.76824]},"left_right_index":16,"mp_id":"105762654","mp_crag_id":"105745136","climb_id":"m2RpeU2aXn+UPQYZsMXEkA==","areaRef":"VfsrQNlUX+u9bsEZhWRgyg=="},"content":{"description":"This is the right facing dihedral immediately right of\n\nBrain Cloud\n\nand\n\nShadow of a Hangdog\n\n.  Overall, this is one of the cleanest and most contiguous moderate cracks I have found at Table.  The pro is plentiful and there are fun jams.\n\nWalk off - go right or left to the nearest gully.","protection":"Standard rack up to #2 Camalot.  This route does not have a bolted belay; but you can use the\n\nShadow of a Hangdog's\n\nor\n\nBroken Arrow\n\nbelay bolts (climber's left) with a couple of long slings, or there are some nice cracks at the top to set your own belay.","location":""},"__v":0},{"_id":"yHlIfDuMWLisTl5RiViD6w==","name":"Spike","yds":"5.10-","grades":{"yds":"5.10-","french":"6a"},"fa":"Alan Nelson","type":{"sport":true},"safety":"UNSPECIFIED","metadata":{"lnglat":{"type":"Point","coordinates":[-105.21785,39.76824]},"left_right_index":3,"mp_id":"105751045","mp_crag_id":"105745136","climb_id":"yHlIfDuMWLisTl5RiViD6w==","areaRef":"VfsrQNlUX+u9bsEZhWRgyg=="},"content":{"description":"To the right of the\n\nAdrenalyzer\n\npinnacle, climb straight up the narrow face on a ladder of square-cut edges.  The route is named for the [former] \"Spike\" of rock cantilevered out of the wall into space at 2/3rds height.  Pass this on the left, exercising care not the disturb this unique and apparently precarious geologic feature.\n\nAddendum:\n\nyou can go right of the spike, step over, and the line goes around 8+.\n\nAddendum:\n\nthe spike is gone from the route.  It lies near the base of the route.","protection":"Six bolts to a two bolt anchor with rings.","location":""},"__v":0},{"_id":"89bsRoI8WPKc1HnslYo8hA==","name":"Sick Minds Think Alike","yds":"5.8","grades":{"yds":"5.8","french":"5b"},"fa":"unknown","type":{"trad":true},"safety":"UNSPECIFIED","metadata":{"lnglat":{"type":"Point","coordinates":[-105.21785,39.76824]},"left_right_index":1,"mp_id":"105751030","mp_crag_id":"105745136","climb_id":"89bsRoI8WPKc1HnslYo8hA==","areaRef":"VfsrQNlUX+u9bsEZhWRgyg=="},"content":{"description":"This takes the cool handcrack in a left-facing corner between\n\nCliff Hanger\n\nand\n\nSpike\n\n.  Start in a crack on the left side of the\n\nAdrenalyzer\n\npinnacle and wander up to the base of the dihedral.  The corner is basically vertical and sucks whatever gear you throw into it.  At the top, reach around to the right and clip the anchors atop\n\nSpike\n\n.","protection":"Standard gear rack with medium to large cams or hexes.  Two bolt anchor with rings on the right atop the adjacent route\n\nSpike\n\n.","location":""},"__v":0},{"_id":"zoLkxzoPUxSNVM4xxZQMtg==","name":"Shark Attack! or Shark Infested Waters","yds":"5.10d","grades":{"yds":"5.10d","french":"6b+"},"fa":"Tod Anderson","type":{"trad":true},"safety":"UNSPECIFIED","metadata":{"lnglat":{"type":"Point","coordinates":[-105.21785,39.76824]},"left_right_index":8,"mp_id":"106626836","mp_crag_id":"105745136","climb_id":"zoLkxzoPUxSNVM4xxZQMtg==","areaRef":"VfsrQNlUX+u9bsEZhWRgyg=="},"content":{"description":"Luckily this fun crack was spared from the bolting frenzy.  This is one of the many reasons to drag some gear up the hill....","protection":"\"I think we're gonna need a bigger boat!?!?\" and a standard rack. It has a shared anchor with\n\nFeeding Frenzy\n\n.\n\nPer\n\nevan h\n\n: with permission of the FA, there are now two new stainless steel anchor bolts as of June, 2015.","location":"Look for the first bolted route left of\n\nMBA\n\n.  Follow the first 3 bolts until you reach the super steep crack that goes up and right.  At the top, it's easy to get to the\n\nFeeding Frenzy\n\nanchors."},"__v":0},{"_id":"/ftk44ZJV3a4kVQZXMn1NQ==","name":"Shadow of a Hangdog (aka Fat Fingers)","yds":"5.10b","grades":{"yds":"5.10b","french":"6a+"},"fa":"unknown","type":{"trad":true,"tr":true},"safety":"UNSPECIFIED","metadata":{"lnglat":{"type":"Point","coordinates":[-105.21785,39.76824]},"left_right_index":14,"mp_id":"105748606","mp_crag_id":"105745136","climb_id":"/ftk44ZJV3a4kVQZXMn1NQ==","areaRef":"VfsrQNlUX+u9bsEZhWRgyg=="},"content":{"description":"Climb the crack system just right of\n\nBrain Cloud\n\n, a noticable arete sticking out, about 40 yardswest of the top access between Table Top and Industrial Buttress. The lower crack system ends at a small roof, with a clean looking 1\" wide crack running up and slightly left.","protection":"Stoppers and #2 cams. TR access is via\n\nBrain Cloud\n\n, 5.9, or from the top (be careful, as the bolts are on a ledge about 15 feet below the top - belay recommended). Some long slings (10 foot) are nice to save wear and tear on the rope.","location":""},"__v":0},{"_id":"Ktg6MZV/V0y6UIRhhkaJLg==","name":"Over The Top aka Unknown Bolt Line","yds":"5.10c","grades":{"yds":"5.10c","french":"6b"},"fa":"unknown","type":{"sport":true},"safety":"UNSPECIFIED","metadata":{"lnglat":{"type":"Point","coordinates":[-105.21785,39.76824]},"left_right_index":24,"mp_id":"106656256","mp_crag_id":"105745136","climb_id":"Ktg6MZV/V0y6UIRhhkaJLg==","areaRef":"VfsrQNlUX+u9bsEZhWRgyg=="},"content":{"description":"Although the route looks like a contrived, poop-covered, ledge scramble, there are some fun moves.  There are 3 distinct sections.  The first tier is a nice warm up.  Jugs and a mantle with optional heel hook.  The 2nd tier is the crux. A harder and more powerful mantle.  Then, the last section to the anchor is steep and hard enough to make it fun.","protection":"5 bolts and a 2 bolt anchor.","location":"This route is on the right side of the MBA buttress.  The\n\nMini Me\n\nis the last bolt route before the gully.  This is the next bolt route to the left.  It looks like just a series of ledges (which it is),  and can be recognized by the poop on the last ledge.  See if you can count how many varieties of feces exist on this ledge.  I lost track, but grabbing it is avoidable."},"__v":0},{"_id":"bTK+dE/4Wci6vVyIkJ9azA==","name":"Oblivious","yds":"5.9-","grades":{"yds":"5.9-","french":"5c"},"fa":"Alan Nelson","type":{"trad":true,"tr":true},"safety":"UNSPECIFIED","metadata":{"lnglat":{"type":"Point","coordinates":[-105.21785,39.76824]},"left_right_index":23,"mp_id":"106628047","mp_crag_id":"105745136","climb_id":"bTK+dE/4Wci6vVyIkJ9azA==","areaRef":"VfsrQNlUX+u9bsEZhWRgyg=="},"content":{"description":"The crack looks pretty steep, but there are plenty of jugs and protection to keep it safe and easy....  Move up the crack to some broken ledges then pass a bolt on the way to the anchor.","protection":"SR, one bolt and a two bolt anchor.","location":"This is the crack in the right-facing corner just right of\n\nGood Man Dan\n\n."},"__v":0},{"_id":"RMBSidhrUpGuyJekaN32mQ==","name":"No Manners aka Hodat","yds":"5.9-","grades":{"yds":"5.9-","french":"5c"},"fa":"unknown","type":{"trad":true},"safety":"PG","metadata":{"lnglat":{"type":"Point","coordinates":[-105.21785,39.76824]},"left_right_index":25,"mp_id":"107438714","mp_crag_id":"105745136","climb_id":"RMBSidhrUpGuyJekaN32mQ==","areaRef":"VfsrQNlUX+u9bsEZhWRgyg=="},"content":{"description":"Here's a route if you want to scare yourself.\n\nIt starts out with some hand/fist jams, face holds, and some stemming.  The pro is not bad, but it isn't great either.  Once you get near the top, the rock is extremely delicate and seems about ready to peel of with the slightest tug.  It is not fun to hold on or place gear here.","protection":"Medium gear up to a #4 Camalot.  There are no anchors for this route, but it is possible to use the anchors for the sport route to the left with some precarious traversing.","location":"This is on the east face of the buttress, just to the right of \"\n\nOver The Top aka Unknown Bolt Line\n\n\"."},"__v":0},{"_id":"QTWiZsT2XSuPe9spXvvEWg==","name":"Nader","yds":"5.7","grades":{"yds":"5.7","french":"5a"},"fa":"unknown","type":{"trad":true},"safety":"UNSPECIFIED","metadata":{"lnglat":{"type":"Point","coordinates":[-105.21785,39.76824]},"left_right_index":26,"mp_id":"107438652","mp_crag_id":"105745136","climb_id":"QTWiZsT2XSuPe9spXvvEWg==","areaRef":"VfsrQNlUX+u9bsEZhWRgyg=="},"content":{"description":"Climb double thin cracks to a large, wedged block.  Continue up the crack and into the left-facing dihedral.  Finish on a fairly large ledge at the anchors.","protection":"Medium to 3\" cams.  Two anchors.","location":"There are two significant cracks left of\n\nMini Me\n\n.  This is the one further to the left."},"__v":0},{"_id":"hhUIByIrXWWcNEe+AmXkBA==","name":"Mournful Mullet","yds":"5.8","grades":{"yds":"5.8","french":"5b"},"fa":"unknown","type":{"trad":true},"safety":"UNSPECIFIED","metadata":{"lnglat":{"type":"Point","coordinates":[-105.21785,39.76824]},"left_right_index":9,"mp_id":"107437146","mp_crag_id":"105745136","climb_id":"hhUIByIrXWWcNEe+AmXkBA==","areaRef":"VfsrQNlUX+u9bsEZhWRgyg=="},"content":{"description":"This is a chimney/off-width climb that starts out low-angle and easy then gets narrower and vertical to overhanging.\n\nIf anyone has information on the FA, please let me know!","protection":"You can clip one or two bolts down low (part of \"\n\nMajor Bolt Achievement\n\n\", then start plugging gear. Bring cams up to C4 size 6 for the offwidth crux.\n\nPer\n\nevan h\n\n: there are now two new bolt anchors as of June, 2015.","location":"This is between \"\n\nShark Attack\n\n\" and \"\n\nMajor Bolt Achievement\n\n\".  You can use the rap anchors for \"\n\nFeeding Frenzy\n\n\"/\"\n\nShark Attack\n\n\" for descent."},"__v":0},{"_id":"nb+iA91iU+u90G5qG6KDHg==","name":"Minor Trad Achievement","yds":"5.8-","grades":{"yds":"5.8-","french":"5b"},"fa":"Chris Perkins, Nov. 2012","type":{"trad":true},"safety":"UNSPECIFIED","metadata":{"lnglat":{"type":"Point","coordinates":[-105.21785,39.76824]},"left_right_index":11,"mp_id":"107874576","mp_crag_id":"105745136","climb_id":"nb+iA91iU+u90G5qG6KDHg==","areaRef":"VfsrQNlUX+u9bsEZhWRgyg=="},"content":{"description":"To the right of\n\nMajor Bolt Achievement\n\nis a crack that's harder to climb than it looks.  Pull through an initial roof to get situated in the slot, and follow it to the top.  The climb is also more interesting than it looks.","protection":"Standard rack to 3\".","location":""},"__v":0},{"_id":"S4aKXmZ0WHeuBRmPbMbB0Q==","name":"The Milk Dud","yds":"5.5","grades":{"yds":"5.5","french":"4b"},"fa":"unknown","type":{"trad":true,"bouldering":true},"safety":"UNSPECIFIED","metadata":{"lnglat":{"type":"Point","coordinates":[-105.21785,39.76824]},"left_right_index":29,"mp_id":"108023104","mp_crag_id":"105745136","climb_id":"S4aKXmZ0WHeuBRmPbMbB0Q==","areaRef":"VfsrQNlUX+u9bsEZhWRgyg=="},"content":{"description":"The sun was hitting this tiny pillar in a very inviting way when we walked by.  Although nobody is claiming this, surely someone has climbed it before....\n\nThe crux is the bulge near the bottom and has pretty secure jugs.  So it would be pretty safe to solo/boulder this, except the landing is pretty bad, so don't fall....\n\nThe gear is good too, so even if roped, this will only take a few minutes to climb and walk off....","protection":"Nuts and small cams.","location":"This is the tiny rock to the right of\n\nMini Me\n\n. It's an easy scramble off the top and left back to the base."},"__v":0},{"_id":"0friYTTeWomtUJPUqfVWyQ==","name":"Mini Me","yds":"5.11a/b","grades":{"yds":"5.11a/b","french":"6c"},"fa":"unknown","type":{"sport":true},"safety":"UNSPECIFIED","metadata":{"lnglat":{"type":"Point","coordinates":[-105.21785,39.76824]},"left_right_index":28,"mp_id":"106652316","mp_crag_id":"105745136","climb_id":"0friYTTeWomtUJPUqfVWyQ==","areaRef":"VfsrQNlUX+u9bsEZhWRgyg=="},"content":{"description":"This short 2-move wonder to located to the right of\n\nWazup?\n\n.  Follow a short lieback crack past 3 bolts to a 2 bolt anchor.  This could be lead on small cams, but they would be difficult to inspect.","protection":"3 bolts or blue/green Aliens....","location":"This is the rightmost line near the top of the gully."},"__v":0},{"_id":"BgPWS6zWUESpz2BJfmfNZA==","name":"Mandela aka Leaning Pillar","yds":"5.7+","grades":{"yds":"5.7+","french":"5a"},"fa":"unknown","type":{"trad":true},"safety":"UNSPECIFIED","metadata":{"lnglat":{"type":"Point","coordinates":[-105.21785,39.76824]},"left_right_index":12,"mp_id":"105762744","mp_crag_id":"105745136","climb_id":"BgPWS6zWUESpz2BJfmfNZA==","areaRef":"VfsrQNlUX+u9bsEZhWRgyg=="},"content":{"description":"This climb is about 5 feet left of\n\nBrain Cloud\n\n.  Follow a thin crack on the left side of the arête, then move right to the\n\nBrain Cloud\n\nanchors.  Aesthetically, this climb looks great; but the actual climbing is not as exciting as it appears.  The crux is about 20 feet up.  If you stay in the crack and not wander to the ledges on your left, you will get the most out of the climb.","protection":"Small stoppers, up to 1\" cams, and two double slings for the anchor to avoid rope damage on the lip.  This climb offers excellent protection.  Use the\n\nBrain Cloud\n\nbolted anchors.","location":""},"__v":0},{"_id":"gBSWNO04VTqe6zpTm5Abkw==","name":"Major Bolt Achievement (MBA)","yds":"5.11a/b","grades":{"yds":"5.11a/b","french":"6c"},"fa":"Richard Wright, Tod Anderson, 2/91","type":{"sport":true},"safety":"UNSPECIFIED","metadata":{"lnglat":{"type":"Point","coordinates":[-105.21785,39.76824]},"left_right_index":10,"mp_id":"105751654","mp_crag_id":"105745136","climb_id":"gBSWNO04VTqe6zpTm5Abkw==","areaRef":"VfsrQNlUX+u9bsEZhWRgyg=="},"content":{"description":"MBA climbs toward a small roof just right of\n\nFeeding Frenzy\n\n. It starts up a distinct face. Some tricky hands and fingers gets you to a stance just below the roof. Snag the roof and a clip, and then power up to the anchors. This was originally done straight up for a 5.11b move but is frequently done by slipping a bit to the left, and this may knock off a letter grade. It has good stone, nice movement, and is a bit spooky on the sharp end.","protection":"Bring half a dozen draws and something for the double-bolt anchor at the top.\n\nAddendum:\n\n2 bolts were added. Originally a trad piece was used to clip the bolt on the overhang, and that was before the feet got all slick. A low bolt was added, too.","location":""},"__v":0},{"_id":"LJmDlm6mXNCW+wnRhwVluA==","name":"Left Behind","yds":"5.8","grades":{"yds":"5.8","french":"5b"},"fa":"unknown","type":{"trad":true},"safety":"UNSPECIFIED","metadata":{"lnglat":{"type":"Point","coordinates":[-105.21785,39.76824]},"left_right_index":21,"mp_id":"106628016","mp_crag_id":"105745136","climb_id":"LJmDlm6mXNCW+wnRhwVluA==","areaRef":"VfsrQNlUX+u9bsEZhWRgyg=="},"content":{"description":"This is a nice moderate crack line.  It is marred by some bird poop near the top but this is avoidable. The lower section is a fun stem problem protected by small cams. The crack widens near the top and continues into a chimney before moving right to the anchor bolts. Another fun, moderate crack at Table.","protection":"Standard rack.  Use the bolt anchor on\n\nGood Man Dan\n\nto descend.","location":"This is the crack in a left-facing dihedral between\n\nGood Man Dan\n\nand\n\nDan's Line\n\n(AKA Restless Heart). Lower or rap off of the anchors on\n\nGood Man Dan\n\n."},"__v":0},{"_id":"4yG/iiPxU/uDq7a5GD4MzQ==","name":"How Rebolting aka Butt Crack","yds":"5.7","grades":{"yds":"5.7","french":"5a"},"fa":"?Alan Nelson?","type":{"trad":true},"safety":"UNSPECIFIED","metadata":{"lnglat":{"type":"Point","coordinates":[-105.21785,39.76824]},"left_right_index":6,"mp_id":"105751072","mp_crag_id":"105745136","climb_id":"4yG/iiPxU/uDq7a5GD4MzQ==","areaRef":"VfsrQNlUX+u9bsEZhWRgyg=="},"content":{"description":"Climb the chimney/slot/gully immediately left of \"\n\nFeeding Frenzy\n\n\".  This has no fixed anchors, but there is an easy walk-off around either side of the MBA Buttress.  It is an obvious but forgettable line.","protection":"Standard gear rack.","location":""},"__v":0},{"_id":"Vf1G0zqnX2qomUr/dHKStQ==","name":"Good Man Dan","yds":"5.10a","grades":{"yds":"5.10a","french":"6a"},"fa":"Alan Nelson, Spring 2001","type":{"sport":true},"safety":"UNSPECIFIED","metadata":{"lnglat":{"type":"Point","coordinates":[-105.21785,39.76824]},"left_right_index":22,"mp_id":"105750541","mp_crag_id":"105745136","climb_id":"Vf1G0zqnX2qomUr/dHKStQ==","areaRef":"VfsrQNlUX+u9bsEZhWRgyg=="},"content":{"description":"Several new routes have been put up in this sector of North Table Mountain, and Good Man Dan is the latest addition by the Mad-Uni-Bolter, Alan Nelson. The major features of this sector are the arete climb,\n\nBrain Cloud\n\nand\n\nShadow of a Hangdog\n\n, the crack to its right. Next is a trad \"gully\" and right of the trad gully is\n\nTable Manners\n\n, followed by another\n\nDan Hare route\n\nwith black hangers, and then an arete. The arete is Good Man Dan. Two easy clips take you to the crux and the third clip. I found this third clip awkward and preferred an extendo clip at the third bolt, however, pinching a minor chip below an obvious jug, sets this clip up well, just watch the balance! Fun moves and more pumpy than it would appear, Good Man Dan at least will not blow up in your face unless you miss the third clip. Good stone with some discontinuity in the climbing.","protection":"QDs only. This 55 foot route needs 8 draws or so and something for the double bolt anchor at the top.","location":""},"__v":0},{"_id":"UcTfG9O+VMGXkBT3plfbow==","name":"Feeding Frenzy","yds":"5.11+","grades":{"yds":"5.11+","french":"7a"},"fa":"Tod Anderson, Richard Wright, 1991","type":{"sport":true},"safety":"UNSPECIFIED","metadata":{"lnglat":{"type":"Point","coordinates":[-105.21785,39.76824]},"left_right_index":7,"mp_id":"105751627","mp_crag_id":"105745136","climb_id":"UcTfG9O+VMGXkBT3plfbow==","areaRef":"VfsrQNlUX+u9bsEZhWRgyg=="},"content":{"description":"Feeding Frenzy takes the prominent buttress with a big, left-facing dihedral at its top. Slab up for a few clips and make a sneaky, thin series of moves to get established in the corner (5.11d). Some people have done this entirely on the face, but they probably have mutant feet. Chase the corner and a small overlap up to the anchor for about 5.10c. The stone on this route is quite good.","protection":"8 draws, something for the anchor, and a rope.","location":""},"__v":0},{"_id":"re9B4QMmVgyQ9rpA//Ohnw==","name":"Fatal Attraction","yds":"5.10","grades":{"yds":"5.10","french":"6b"},"fa":"Alan Nelson","type":{"trad":true},"safety":"X","metadata":{"lnglat":{"type":"Point","coordinates":[-105.21785,39.76824]},"left_right_index":4,"mp_id":"105751063","mp_crag_id":"105745136","climb_id":"re9B4QMmVgyQ9rpA//Ohnw==","areaRef":"VfsrQNlUX+u9bsEZhWRgyg=="},"content":{"description":"WARNING:  THIS PROBLEM WILL KILL YOU IF YOU SCREW UP!  To the right of\n\nAdrenalyzer\n\nis a leaning obelisk sitting on a ledge.  It looks like a good push on the backside will launch it into the houses down the hill.  On the overhanging south side is a line of jugs separated by big reaches.  The thought of climbing those jugs raises the spectre of pulling the obelisk over on top of yourself and being crushed like a bug.  The line is obvious, compelling and terrifying.  Even if the obelisk stays put, the moves are hard and committing, the ground a long way away from the crux (at the top), and the landing nonexistent as the hillside drops away.  This is no place for posers or wannabees.  The rush of pulling over the top is indescribable, but the consequences of failure will leave you puking in the bushes.  My advice: JUST SAY NO!","protection":"Mental health counseling.","location":""},"__v":0},{"_id":"YHXsvqnhUXePPOgj7qnotg==","name":"Dan's Manners","yds":"5.11c/d","grades":{"yds":"5.11c/d","french":"7a"},"fa":"Wright, Montagu, ABS, 2001","type":{"sport":true},"safety":"UNSPECIFIED","metadata":{"lnglat":{"type":"Point","coordinates":[-105.21785,39.76824]},"left_right_index":19,"mp_id":"105751858","mp_crag_id":"105745136","climb_id":"YHXsvqnhUXePPOgj7qnotg==","areaRef":"VfsrQNlUX+u9bsEZhWRgyg=="},"content":{"description":"Dan's Manners is simply a variation of\n\nDan Hare's new line\n\nthat picks out the most continuous way up the Manners wall by following\n\nDan's Line\n\nup to the ledge and swinging left to pick up the head wall section of\n\nTable Manners\n\n. This gives more continuity by using the 5.11b/c sequence of\n\nDan's Line\n\nand the 5.11c/d section of\n\nTable Manners\n\n. The only break in continuity is the ledge above bolt four on\n\nDan's Line\n\n. Using the principle of optimal beta for estimating the rating, Dan's Manners would go at 5.11c/d with a very reach-dependent move that could juggle the rating by a letter grade.","protection":"Bring about 8 draws and something for the double bolt anchor at the top.","location":""},"__v":0},{"_id":"DxlhsCNNVDqYr1bdFxIlww==","name":"Dan's Line aka Restless Heart","yds":"5.11b","grades":{"yds":"5.11b","french":"6c"},"fa":"Dan Hare, 2001","type":{"sport":true},"safety":"UNSPECIFIED","metadata":{"lnglat":{"type":"Point","coordinates":[-105.21785,39.76824]},"left_right_index":20,"mp_id":"105751618","mp_crag_id":"105745136","climb_id":"DxlhsCNNVDqYr1bdFxIlww==","areaRef":"VfsrQNlUX+u9bsEZhWRgyg=="},"content":{"description":"Hmm.... same anchor, different result. Dan Hare captured the line on this wall with a much better concept than\n\nTable Manners\n\n. Pried out of the stainless steel center of the universe, he has uncovered another fine addition to the route count on NTM.  Immediately to the right of\n\nTable Manners\n\nand sharing a top anchor with\n\nTable Manners\n\nis a line of black [now silver] hangers that identify Dan's route. The line picks out a couple of discontinuous aretes and links them up. The climbing was tricky and thought provoking and made perfect sense as a distinct route. I dropped a star for the discontinuities that provide complete rest between sections and another star for use of the grungy slot, even though this use is very brief. Overall, this was a satisfying climb to decipher and well worth the time. But, we have come to expect that of Dan, and I just want to climb the line he puts up when he is 65.","protection":"Bring 7 or 8 draws and something for the double bolt anchor at the top.","location":""},"__v":0},{"_id":"manAP0jTVZycbrlM/Z/pFg==","name":"Cliff Hanger","yds":"5.9+","grades":{"yds":"5.9+","french":"5c"},"fa":"Alan Nelson","type":{"sport":true},"safety":"UNSPECIFIED","metadata":{"lnglat":{"type":"Point","coordinates":[-105.21785,39.76824]},"left_right_index":0,"mp_id":"105751027","mp_crag_id":"105745136","climb_id":"manAP0jTVZycbrlM/Z/pFg==","areaRef":"VfsrQNlUX+u9bsEZhWRgyg=="},"content":{"description":"This is the leftmost bolted route on the MBA Buttress.  Two bolts on a short slab lead to ledges at the base of an arete.  The crux comes immediately off the ledge past a couple of overlaps.  Cool moves finish on up the left side of the arete to the anchors.","protection":"Six bolts to a two bolt anchor with rings.","location":""},"__v":0},{"_id":"fzZaDs2cW72kqY/jns+/cA==","name":"Broken Arrow","yds":"5.11","grades":{"yds":"5.11","french":"6c+"},"fa":"Dan Hare, Claire Mearns, 2000","type":{"sport":true,"tr":true},"safety":"UNSPECIFIED","metadata":{"lnglat":{"type":"Point","coordinates":[-105.21785,39.76824]},"left_right_index":15,"mp_id":"105748603","mp_crag_id":"105745136","climb_id":"fzZaDs2cW72kqY/jns+/cA==","areaRef":"VfsrQNlUX+u9bsEZhWRgyg=="},"content":{"description":"Climb just right of\n\nShadow of a Hangdog (aka Fat Fingers)\n\n, following the bolt line just left of the dihedral with the large crack. Follow a thin crack up and right to a small roof. Clip, then make a sweet dynamic move to a good hold. It's unclear whether the route uses the opposite face to stem off of; we did.","protection":"3 bolts to a 2 bolt anchor. Micro cams or small stoppers would be a good idea for the lower half of the route.","location":""},"__v":0},{"_id":"gvmrysNQWr23b5cgGImfYQ==","name":"Brain Dead Ted","yds":"5.8","grades":{"yds":"5.8","french":"5b"},"fa":"Alan Nelson","type":{"tr":true},"safety":"UNSPECIFIED","metadata":{"lnglat":{"type":"Point","coordinates":[-105.21785,39.76824]},"left_right_index":5,"mp_id":"105751069","mp_crag_id":"105745136","climb_id":"gvmrysNQWr23b5cgGImfYQ==","areaRef":"VfsrQNlUX+u9bsEZhWRgyg=="},"content":{"description":"Climb the face behind and right of \"\n\nFatal Attraction\n\n\" and left of \"\n\nButt Crack\n\n\".  It's not as good as it looks and not worth bolting.","protection":"Rig a toprope by tying off a block a long way back from the edge.","location":""},"__v":0},{"_id":"fafGVUUrWGqQf0QtNAKjXg==","name":"Brain Cloud aka Shadow Arete","yds":"5.9","grades":{"yds":"5.9","french":"5c"},"fa":"Ed Ash, Julie, and Charlie, ~1992","type":{"sport":true,"tr":true},"safety":"UNSPECIFIED","metadata":{"lnglat":{"type":"Point","coordinates":[-105.21785,39.76824]},"left_right_index":13,"mp_id":"105748609","mp_crag_id":"105745136","climb_id":"fafGVUUrWGqQf0QtNAKjXg==","areaRef":"VfsrQNlUX+u9bsEZhWRgyg=="},"content":{"description":"Climb the sharp arete about 40 yards west of the top access between Table Top and Industrial Buttress.","protection":"5\n\nbolts to a 2 bolt anchor. TR: Be careful, as the bolts are on a ledge about 15 feet below the top - belay recommended. Some long slings (10 foot) are nice to save wear and tear on the rope.","location":""},"__v":0},{"_id":"+cefDwSoUGCpKdRO7q3pQg==","name":"Bad Manners","yds":"5.9","grades":{"yds":"5.9","french":"5c"},"fa":"Nevada Montagu, Richard Wright","type":{"trad":true},"safety":"UNSPECIFIED","metadata":{"lnglat":{"type":"Point","coordinates":[-105.21785,39.76824]},"left_right_index":18,"mp_id":"105751819","mp_crag_id":"105745136","climb_id":"+cefDwSoUGCpKdRO7q3pQg==","areaRef":"VfsrQNlUX+u9bsEZhWRgyg=="},"content":{"description":"The route is located on the MBA Buttress.  It is the prominent, left-facing dihedral just right of\n\nTable Manners\n\nand left of\n\nDan's Line aka Restless Heart\n\n.  It climbs the roof crack out left of\n\nTable Manners'\n\nlast two bolts then turns right to gain the anchors.","protection":"Protection is abundant.  A #0.75 Camalot protects the roof.  A small nut or RP protects the final moves to the two bolt anchor.","location":""},"__v":0},{"_id":"Y4dX2rSqU3KFQCXH1TKEAA==","name":"Adrenalyzer","yds":"5.10c","grades":{"yds":"5.10c","french":"6b"},"fa":"Alan Nelson","type":{"trad":true},"safety":"X","metadata":{"lnglat":{"type":"Point","coordinates":[-105.21785,39.76824]},"left_right_index":2,"mp_id":"105751042","mp_crag_id":"105745136","climb_id":"Y4dX2rSqU3KFQCXH1TKEAA==","areaRef":"VfsrQNlUX+u9bsEZhWRgyg=="},"content":{"description":"On the left side of the MBA Buttress are two boulder pinnacles.  This highball boulder problem takes the 25' high one on the left that sits directly below and in front of \"Cliff Notes\".  Boulder up the arete on the south side of this pinnacle.  The crux comes about two-thirds of the way up and involves a committing smear on the arete to support a long reach for a positive sloper edge.  Falling is not an option - you'll wind up in Golden.  A top-rope of sorts can be rigged off the anchors on \"Spike\", but if you fall around either side of the pinnacle you'll pendulum into the wall.","protection":"Strong faith in Jesus.","location":""},"__v":0}],"children":[],"ancestors":"1db1e8ba-a40e-587c-88a4-64f5ea814b8e,ab48aed5-2e8d-54bb-b099-6140fe1f098f,b34b81ad-639b-5002-8b62-fcc081599499,054defef-ef8b-511a-8dd3-3f5a56ac32eb,55fb2b40-d954-5feb-bd6e-c119856460ca","pathTokens":["USA","Colorado","Golden","North Table Mountain/Golden Cliffs","MBA Buttress"],"gradeContext":"US","aggregate":{"byGrade":[{"count":1,"label":"5.8+"},{"count":3,"label":"5.7"},{"count":2,"label":"5.11b"},{"count":5,"label":"5.8"},{"count":1,"label":"5.10-"},{"count":1,"label":"5.10d"},{"count":1,"label":"5.10b"},{"count":2,"label":"5.10c"},{"count":2,"label":"5.9-"},{"count":1,"label":"5.8-"},{"count":1,"label":"5.5"},{"count":2,"label":"5.11a/b"},{"count":1,"label":"5.7+"},{"count":1,"label":"5.10a"},{"count":1,"label":"5.11+"},{"count":1,"label":"5.10"},{"count":1,"label":"5.11c/d"},{"count":1,"label":"5.9+"},{"count":1,"label":"5.11"},{"count":2,"label":"5.9"}],"byDiscipline":{"trad":{"total":18,"bands":{"unknown":0,"beginner":13,"intermediate":5,"advanced":0,"expert":0}},"sport":{"total":12,"bands":{"unknown":0,"beginner":0,"intermediate":5,"advanced":7,"expert":0}},"bouldering":{"total":2,"bands":{"unknown":2,"beginner":0,"intermediate":0,"advanced":0,"expert":0}},"tr":{"total":5,"bands":{"unknown":0,"beginner":2,"intermediate":2,"advanced":1,"expert":0}}},"byGradeBand":{"unknown":0,"beginner":14,"intermediate":10,"advanced":7,"expert":0}},"metadata":{"isBoulder":false,"isDestination":false,"leaf":true,"lnglat":{"type":"Point","coordinates":[-105.21785,39.76824]},"bbox":[-105.2184350088701,39.76779033981814,-105.21726499112988,39.768689660181856],"left_right_index":-1,"ext_id":"105745136","area_id":"VfsrQNlUX+u9bsEZhWRgyg=="},"content":{"description":""},"density":0,"totalClimbs":31,"__v":1,"createdAt":"2022-11-07T05:57:04.930Z","updatedAt":"2024-01-15T16:44:18.165Z"}