{"_id":"63689de0e80bff5a994fa53b","area_name":"Pride Rock","shortCode":"","climbs":[{"_id":"0Ci3L9VyWX6bCCRUvYrbzg==","name":"Years Ago","yds":"V6-7","grades":{"yds":"V6-7","font":"7A+","vscale":"V6-7"},"fa":"purportedly Mark Pavol","type":{"bouldering":true},"safety":"UNSPECIFIED","metadata":{"lnglat":{"type":"Point","coordinates":[-105.24787,39.75058]},"left_right_index":11,"mp_id":"121428340","mp_crag_id":"121428068","climb_id":"0Ci3L9VyWX6bCCRUvYrbzg==","areaRef":"s+YoLhSlVD+0yMit5LPvsA=="},"content":{"description":"Start standing to the right of the arete, climb straight up through the dihedral, and either make a very difficult triple bump sequence to the lip with the right hand or simply jump for the lip. It is similar in difficulty either way. A beta video:\n\nhttps://www.youtube.com/watch?v=2vjHOpAg68o\n\n.","protection":"Pads.","location":"It is right of the arete."},"__v":0},{"_id":"7l6cgBvCV2OP7byDNh+XOw==","name":"Years  Ago Sit","yds":"V7","grades":{"yds":"V7","font":"7A+","vscale":"V7"},"fa":"purportedly Nik Vukovich","type":{"bouldering":true},"safety":"UNSPECIFIED","metadata":{"lnglat":{"type":"Point","coordinates":[-105.24787,39.75058]},"left_right_index":10,"mp_id":"121428272","mp_crag_id":"121428068","climb_id":"7l6cgBvCV2OP7byDNh+XOw==","areaRef":"s+YoLhSlVD+0yMit5LPvsA=="},"content":{"description":"This is an amazing line that starts sitting just right of the arete on a right hand, jug sidepull and a small micro,crimp at about 2 feet. Climb straight up the dihedral through\n\nYears Ago\n\n.","protection":"Pads.","location":"Start with a sit to the right of the arete."},"__v":0},{"_id":"aJzWw3hLUGSsVGIoFECAqg==","name":"Wonderful","yds":"V8","grades":{"yds":"V8","font":"7B","vscale":"V8"},"fa":"purportedly Nik Vukovich","type":{"bouldering":true},"safety":"UNSPECIFIED","metadata":{"lnglat":{"type":"Point","coordinates":[-105.24787,39.75058]},"left_right_index":1,"mp_id":"121428113","mp_crag_id":"121428068","climb_id":"aJzWw3hLUGSsVGIoFECAqg==","areaRef":"s+YoLhSlVD+0yMit5LPvsA=="},"content":{"description":"Wonderful is an amazing line started sitting under the massive ledge at the base of the prow of the boulder. Climb right into\n\nYears Ago\n\n. A beta video:\n\nhttps://www.youtube.com/watch?v=vCb1i3S03XA\n\n.","protection":"Pads.","location":"Start sitting below the massive ledge on the prow matched on the sidepull jug."},"__v":0},{"_id":"y/DGy/u+XBaXVhrZrLxOzQ==","name":"T Pain’s Wild Ride","yds":"V6+","grades":{"yds":"V6+","font":"7A","vscale":"V6+"},"fa":"purportedly Paul Rightmyer","type":{"bouldering":true},"safety":"UNSPECIFIED","metadata":{"lnglat":{"type":"Point","coordinates":[-105.24787,39.75058]},"left_right_index":4,"mp_id":"121428160","mp_crag_id":"121428068","climb_id":"y/DGy/u+XBaXVhrZrLxOzQ==","areaRef":"s+YoLhSlVD+0yMit5LPvsA=="},"content":{"description":"Start sitting just to the right of the arete on a jug sidepull and left hand micro-crimp on the large foot shelf at 3 feet. Head up the dihedral, and exit right via an amazing, left hand cross, double clutch. A beta video:\n\nhttps://www.youtube.com/watch?v=1q3kGqmK5x8\n\n.","protection":"","location":"Start sitting at the right side of the arete."},"__v":0},{"_id":"TopmScCjUM6qzexVingaQg==","name":"Scrape","yds":"V8","grades":{"yds":"V8","font":"7B","vscale":"V8"},"fa":"Jeremy Fullerton","type":{"bouldering":true},"safety":"UNSPECIFIED","metadata":{"lnglat":{"type":"Point","coordinates":[-105.24787,39.75058]},"left_right_index":5,"mp_id":"121468190","mp_crag_id":"121428068","climb_id":"TopmScCjUM6qzexVingaQg==","areaRef":"s+YoLhSlVD+0yMit5LPvsA=="},"content":{"description":"Start as for the sit starts to\n\nYears Ago\n\nand\n\nMagnum 40\n\n. Head right through sidepulls and tiny crimps! Beta video:\n\nhttps://youtube.com/shorts/FtDthSAxJTU?feature=share\n\n.","protection":"Pads.","location":"Do the same start as the right sit start for\n\nYears Ago\n\n/\n\nT Pain’s Wild Ride\n\n/[121428191]]."},"__v":0},{"_id":"oMo07NW0XRi+hiOpv7yDEA==","name":"Ringlocks to Lip","yds":"V1","grades":{"yds":"V1","font":"5","vscale":"V1"},"fa":"unknown","type":{"bouldering":true},"safety":"UNSPECIFIED","metadata":{"lnglat":{"type":"Point","coordinates":[-105.24787,39.75058]},"left_right_index":12,"mp_id":"121958871","mp_crag_id":"121428068","climb_id":"oMo07NW0XRi+hiOpv7yDEA==","areaRef":"s+YoLhSlVD+0yMit5LPvsA=="},"content":{"description":"Don't think too hard, this is a warm up with fun lip surfing to start the session. Contrive at will to increase the difficulty.\n\nStart with ringlocks, or not it's a free country, then bust to the lip.\n\nOr more fun, go left onto the good face holds and then up.","protection":"","location":"Rightmost on the wall. Obvious low crack"},"__v":0},{"_id":"4W2lzhB3VOaeCAKMpsX0uA==","name":"Neosporin","yds":"V9","grades":{"yds":"V9","font":"7C","vscale":"V9"},"fa":"Joey G. (maybe?)","type":{"bouldering":true},"safety":"UNSPECIFIED","metadata":{"lnglat":{"type":"Point","coordinates":[-105.24787,39.75058]},"left_right_index":6,"mp_id":"121669629","mp_crag_id":"121428068","climb_id":"4W2lzhB3VOaeCAKMpsX0uA==","areaRef":"s+YoLhSlVD+0yMit5LPvsA=="},"content":{"description":"Neosporin is an eliminate. Start on the blocky jug on the right side of the wall. Climb\n\nScrape\n\nbackwards, staying below the incut crimps on\n\nT Pains Wild Ride\n\n, and finish on\n\nYears Ago\n\n. Be tall.","protection":"A couple pads.","location":""},"__v":0},{"_id":"4uHSB6GrXhahKwuHFXScmQ==","name":"Neobon","yds":"V10","grades":{"yds":"V10","font":"7C+","vscale":"V10"},"fa":"Shane Way","type":{"bouldering":true},"safety":"UNSPECIFIED","metadata":{"lnglat":{"type":"Point","coordinates":[-105.24787,39.75058]},"left_right_index":7,"mp_id":"121939490","mp_crag_id":"121428068","climb_id":"4uHSB6GrXhahKwuHFXScmQ==","areaRef":"s+YoLhSlVD+0yMit5LPvsA=="},"content":{"description":"Climb\n\nNeosporin\n\n(reversing\n\nScrape\n\nessentially - except you don't bother with going into the start holds), and you still avoid the crimps of\n\nJoy\n\nup high.\n\nThen transition into\n\nAudubon\n\nat the point where you end up with your left hand on the jug sidepull and your right hand on the funky crimp in the pod. Then finish straight up\n\nAudubon\n\n.","protection":"","location":""},"__v":0},{"_id":"H90u2wi6Wx2j6/uOQ/M3SA==","name":"Magnum 40","yds":"V6","grades":{"yds":"V6","font":"7A","vscale":"V6"},"fa":"Adam Frederick","type":{"bouldering":true},"safety":"UNSPECIFIED","metadata":{"lnglat":{"type":"Point","coordinates":[-105.24787,39.75058]},"left_right_index":9,"mp_id":"121428191","mp_crag_id":"121428068","climb_id":"H90u2wi6Wx2j6/uOQ/M3SA==","areaRef":"s+YoLhSlVD+0yMit5LPvsA=="},"content":{"description":"Magnum 40 is a wonderful line put up by Adam Frederick in 2004! Start standing with your left hand on a jug sidepull and a  right hand crimp at about 4 or 5 feet. Bump your left hand to a sidepull, get a right heel hook, and cross your right hand to a tiny crimp. Hold the swing, and climb above the massive ledge to the arete. The right sit start goes at v7. Climb to the top. A beta video:\n\nhttps://www.youtube.com/watch?v=b9vMF8nOmVM\n\n..\n\nSit start video:\n\nhttps://www.youtube.com/watch?v=51i-n8rvMqs","protection":"Pads.","location":"Start standing at the arete."},"__v":0},{"_id":"h4E5Etb3UVqEmJYdeAGfgg==","name":"Joy (stand start)","yds":"V6","grades":{"yds":"V6","font":"7A","vscale":"V6"},"fa":"unknown","type":{"bouldering":true},"safety":"UNSPECIFIED","metadata":{"lnglat":{"type":"Point","coordinates":[-105.24787,39.75058]},"left_right_index":3,"mp_id":"121692222","mp_crag_id":"121428068","climb_id":"h4E5Etb3UVqEmJYdeAGfgg==","areaRef":"s+YoLhSlVD+0yMit5LPvsA=="},"content":{"description":"Start compressing on the left hand jug/flat edge just to the right of the sloping, right-facing jug rail (sit start position) & your right hand on the sloping edge with a small crimp.","protection":"2-3 pads.","location":""},"__v":0},{"_id":"ow5vJHc8WOWo1E2Pv+uuzg==","name":"Joy","yds":"V8-","grades":{"yds":"V8-","font":"7B","vscale":"V8-"},"fa":"purportedly Nik Vukovich","type":{"bouldering":true},"safety":"UNSPECIFIED","metadata":{"lnglat":{"type":"Point","coordinates":[-105.24787,39.75058]},"left_right_index":2,"mp_id":"121428132","mp_crag_id":"121428068","climb_id":"ow5vJHc8WOWo1E2Pv+uuzg==","areaRef":"s+YoLhSlVD+0yMit5LPvsA=="},"content":{"description":"Joy is an amazing line that sits under the massive ledge with your right hand on the sidepull jug and climbs into Paul's line that exit with an amazing, cross-through, double clutch just right of \"\n\nYears Ago\n\n\". A beta video:\n\nhttps://www.youtube.com/watch?v=a_iAeODyLcA\n\n.","protection":"","location":"Start sitting on the ledge at the base of the prow."},"__v":0},{"_id":"t+hVcIyyULOALyuaKCBafA==","name":"E-40","yds":"V3","grades":{"yds":"V3","font":"6A","vscale":"V3"},"fa":"unknown","type":{"bouldering":true},"safety":"UNSPECIFIED","metadata":{"lnglat":{"type":"Point","coordinates":[-105.24787,39.75058]},"left_right_index":0,"mp_id":"121958892","mp_crag_id":"121428068","climb_id":"t+hVcIyyULOALyuaKCBafA==","areaRef":"s+YoLhSlVD+0yMit5LPvsA=="},"content":{"description":"One of few obvious lines on the boulder, this fun route takes the arete all the way to the apex of the boulder. This is a good warm up with a nice preview of the ending of Magnum 40.\n\nStart in the big low jug right of the arete and make a big move to the arete. A slightly awkward mantle brings you to some delicate arete+face moves to good holds at the lip.\n\nA little reachy, could be V4.","protection":"2 or 3 pads, slight slope to the landing.","location":"The right arete of Pride rock."},"__v":0},{"_id":"GPn+5gl1UPaLWUMtQwRVmQ==","name":"Audubon","yds":"V9","grades":{"yds":"V9","font":"7C","vscale":"V9"},"fa":"Deej Michaels","type":{"bouldering":true},"safety":"UNSPECIFIED","metadata":{"lnglat":{"type":"Point","coordinates":[-105.24787,39.75058]},"left_right_index":8,"mp_id":"121468156","mp_crag_id":"121428068","climb_id":"GPn+5gl1UPaLWUMtQwRVmQ==","areaRef":"s+YoLhSlVD+0yMit5LPvsA=="},"content":{"description":"Audubon is sharp but so amazing. It is an obvious line that climbs the center of the prow. Start on a low, left hand, jug sidepull at 3ish feet and right hand on a sidepull crimp. The left and right sits don’t change grade but make it a bit harder.\n\nBeta videos:\n\nhttps://youtube.com/shorts/8E16KUzAJZo?feature=share\n\nand\n\nhttps://youtube.com/shorts/1mbmE6yNX8Y?feature=share\n\n.","protection":"Pads.","location":"Start the same as “\n\nYears Ago\n\nstand and\n\nMagnum 40\n\nstand.”"},"__v":0}],"children":[],"ancestors":"1db1e8ba-a40e-587c-88a4-64f5ea814b8e,ab48aed5-2e8d-54bb-b099-6140fe1f098f,b34b81ad-639b-5002-8b62-fcc081599499,8af5df63-9dd1-5fb2-9ef1-c3c3860494f5,1de754f8-6d8a-5c18-b6ea-794fc033fbad,6cd01780-bed5-58dd-8a9a-eab2800ee7c6,b3e6282e-14a5-543f-b4c8-c8ade4b3efb0","pathTokens":["USA","Colorado","Golden","Clear Creek Canyon","Clear Creek Canyon Bouldering","Tunnel 1 Trail Boulders","Pride Rock"],"gradeContext":"US","aggregate":{"byGrade":[{"count":1,"label":"V6-7"},{"count":1,"label":"V7"},{"count":2,"label":"V8"},{"count":1,"label":"V6+"},{"count":1,"label":"V1"},{"count":2,"label":"V9"},{"count":1,"label":"V10"},{"count":2,"label":"V6"},{"count":1,"label":"V8-"},{"count":1,"label":"V3"}],"byDiscipline":{"bouldering":{"total":13,"bands":{"unknown":0,"beginner":0,"intermediate":1,"advanced":1,"expert":11}}},"byGradeBand":{"unknown":0,"beginner":0,"intermediate":1,"advanced":1,"expert":11}},"metadata":{"isBoulder":false,"isDestination":false,"leaf":true,"lnglat":{"type":"Point","coordinates":[-105.24787,39.75058]},"bbox":[-105.24845485887333,39.750130339818135,-105.2472851411267,39.751029660181864],"left_right_index":-1,"ext_id":"121428068","area_id":"s+YoLhSlVD+0yMit5LPvsA=="},"content":{"description":""},"density":0,"totalClimbs":13,"__v":1,"createdAt":"2022-11-07T05:57:04.428Z","updatedAt":"2024-01-15T16:44:17.350Z"}