{"_id":"63689de0e80bff5a994fa4cd","area_name":"Stoked Bowl","shortCode":"","climbs":[{"_id":"9UdvPEYFVOCQXp5mkLgV0w==","name":"Try These Nachos","yds":"5.9+","grades":{"yds":"5.9+","french":"5c"},"fa":"Scott Turpin","type":{"sport":true},"safety":"UNSPECIFIED","metadata":{"lnglat":{"type":"Point","coordinates":[-105.4104,39.7424]},"left_right_index":2,"mp_id":"107936543","mp_crag_id":"107888001","climb_id":"9UdvPEYFVOCQXp5mkLgV0w==","areaRef":"w0cDqrlvUrmfuHdJ3CPLBA=="},"content":{"description":"As the name suggests, it is a little crumbly at the bottom. This pitch could definitely be lead on gear, but as there are few gear leads in the area, and I was up there regularly for Highlines... enjoy!","protection":"Seven protection bolts, two bolt anchor with chains and carabiners.","location":"This is a zig-zag corner on the south-facing wall, at the north end of the bowl. This can be approached from the top of\n\nSolid Gold\n\n, or\n\nPlayin' Hooky\n\n, or if you're high lining, from the gully trail east of the bowl/Creek Side wall."},"__v":0},{"_id":"JpwHsbBkWIObe4YZhDl12w==","name":"Haters Gunna Hate","yds":"5.11a","grades":{"yds":"5.11a","french":"6c"},"fa":"Matt Lloyd, Jose Rodriguez, Dan Cornella","type":{"sport":true},"safety":"UNSPECIFIED","metadata":{"lnglat":{"type":"Point","coordinates":[-105.4104,39.7424]},"left_right_index":5,"mp_id":"109629853","mp_crag_id":"107888001","climb_id":"JpwHsbBkWIObe4YZhDl12w==","areaRef":"w0cDqrlvUrmfuHdJ3CPLBA=="},"content":{"description":"This is another short, fun 11. It is still powerful but different from the route to its left. Cool laybacking leads to a crux up high.","protection":"4 bolts and anchors.","location":"It is the farthest right route on the wall."},"__v":0},{"_id":"jNXB/5ttX5uak+/xhEFXiA==","name":"Hateraid","yds":"5.11a","grades":{"yds":"5.11a","french":"6c"},"fa":"Matt Lloyd, Keith North, Will Gordon","type":{"sport":true},"safety":"UNSPECIFIED","metadata":{"lnglat":{"type":"Point","coordinates":[-105.4104,39.7424]},"left_right_index":4,"mp_id":"109629723","mp_crag_id":"107888001","climb_id":"jNXB/5ttX5uak+/xhEFXiA==","areaRef":"w0cDqrlvUrmfuHdJ3CPLBA=="},"content":{"description":"Hateraid is a short, fun, and powerful route... with a mantel finish. It is a good warm-up for the harder lines at the wall.","protection":"4 bolts, fixed anchors.","location":"This is on the right end of the wall just left of \"\n\nHaters Gunna Hate\n\n.\""},"__v":0},{"_id":"oJVQF4wNVt+cvCailqOOLw==","name":"Get Stoked","yds":"5.10","grades":{"yds":"5.10","french":"6b"},"fa":"Scott Turpin","type":{"sport":true},"safety":"UNSPECIFIED","metadata":{"lnglat":{"type":"Point","coordinates":[-105.4104,39.7424]},"left_right_index":0,"mp_id":"109569156","mp_crag_id":"107888001","climb_id":"oJVQF4wNVt+cvCailqOOLw==","areaRef":"w0cDqrlvUrmfuHdJ3CPLBA=="},"content":{"description":"This 'S' shaped climb follows a line of weakness in the wall to the left of '\n\nDon't Hate\n\n'.\n\nStart up the first two bolts of '\n\nDon't Hate\n\n,' and then follow six more bolts up and to the left. A fun mantle and a steep positive finish make this an enjoyable outing.\n\nFYI: this route is relatively difficult to clean by lowering, it is best to clean on TR.\n\nEnjoy","protection":"8 bolts to two bolt anchor with fixed chains.\n\nThe 5th bolt is better with a long draw.","location":""},"__v":0},{"_id":"p8r0kIvTUaqYav2YKAqazw==","name":"Don't Hate","yds":"5.12d","grades":{"yds":"5.12d","french":"7c"},"fa":"Scott Turpin","type":{"sport":true},"safety":"UNSPECIFIED","metadata":{"lnglat":{"type":"Point","coordinates":[-105.4104,39.7424]},"left_right_index":1,"mp_id":"109300866","mp_crag_id":"107888001","climb_id":"p8r0kIvTUaqYav2YKAqazw==","areaRef":"w0cDqrlvUrmfuHdJ3CPLBA=="},"content":{"description":"Off the porch-like alcove in Lower Stoked Bowl is a slab that leads to an overhanging arete. Climb the first 6 bolts at easy 5.11 to an awkward to mount ledge for an awesome rest. From here, 2 more bolts protect the V6, progressively steeper and thinner boulder problem. There is a jug to finish and chains with fixed carabiners on top.","protection":"8 bolts to 2 bolt anchor with chains and fixed carabiners.","location":""},"__v":0},{"_id":"lU5r7YqPW7ukx0XbQJRRIg==","name":"Clouds In My Coffee","yds":"5.13b","grades":{"yds":"5.13b","french":"8a"},"fa":"Matt Lloyd / Keith North","type":{"sport":true},"safety":"UNSPECIFIED","metadata":{"lnglat":{"type":"Point","coordinates":[-105.4104,39.7424]},"left_right_index":3,"mp_id":"109629858","mp_crag_id":"107888001","climb_id":"lU5r7YqPW7ukx0XbQJRRIg==","areaRef":"w0cDqrlvUrmfuHdJ3CPLBA=="},"content":{"description":"This route is rad. Climb through the steep, overhanging wall just right of \"\n\nDon't Hate\n\n\". Climb up the pillar to a reachy boulder problem, then bust up a thin, pumpy sloper traverse. Shake out, and fire the hard to decipher crux. It can be solved both by dynoing if you're short and bumping if you're tall, either option presents its own issues.","protection":"10 bolts, 2 bolt anchors.","location":"It is left of\n\nHateraid\n\nand right of \"\n\nDon't Hate\n\n.\""},"__v":0}],"children":[],"ancestors":"1db1e8ba-a40e-587c-88a4-64f5ea814b8e,ab48aed5-2e8d-54bb-b099-6140fe1f098f,b34b81ad-639b-5002-8b62-fcc081599499,8af5df63-9dd1-5fb2-9ef1-c3c3860494f5,c34703aa-b96f-52b9-9fb8-7749dc23cb04","pathTokens":["USA","Colorado","Golden","Clear Creek Canyon","Stoked Bowl"],"gradeContext":"US","aggregate":{"byGrade":[{"count":1,"label":"5.9+"},{"count":2,"label":"5.11a"},{"count":1,"label":"5.10"},{"count":1,"label":"5.12d"},{"count":1,"label":"5.13b"}],"byDiscipline":{"sport":{"total":6,"bands":{"unknown":0,"beginner":0,"intermediate":2,"advanced":3,"expert":1}}},"byGradeBand":{"unknown":0,"beginner":0,"intermediate":2,"advanced":3,"expert":1}},"metadata":{"isBoulder":false,"isDestination":false,"leaf":true,"lnglat":{"type":"Point","coordinates":[-105.4104,39.7424]},"bbox":[-105.41098478944062,39.74195033981814,-105.40981521055937,39.74284966018187],"left_right_index":-1,"ext_id":"107888001","area_id":"w0cDqrlvUrmfuHdJ3CPLBA==","polygon":{"type":"Polygon","coordinates":[[[-105.41098478944062,39.74195033981814],[-105.40981521055937,39.74195033981814],[-105.40981521055937,39.74284966018187],[-105.41098478944062,39.74284966018187],[-105.41098478944062,39.74195033981814]]]}},"content":{"description":""},"density":0,"totalClimbs":6,"__v":1,"createdAt":"2022-11-07T05:57:03.390Z","updatedAt":"2024-01-20T01:01:16.948Z"}