{"_id":"63689de0e80bff5a994fa55e","area_name":"Mavericks Boulder","shortCode":"","climbs":[{"_id":"BDbRv2YkUdm4sLD5BjYNSg==","name":"So Pitted","yds":"V11-12","grades":{"yds":"V11-12","font":"8A+","vscale":"V11-12"},"fa":"W. Anglin","type":{"bouldering":true},"safety":"UNSPECIFIED","metadata":{"lnglat":{"type":"Point","coordinates":[-105.28451,39.74367]},"left_right_index":999999,"mp_id":"113842013","mp_crag_id":"106122000","climb_id":"BDbRv2YkUdm4sLD5BjYNSg==","areaRef":"P3+tWxwlXESjbBpWSvQpww=="},"content":{"description":"Start matched on the crimp rail at the back of the hole/tube under North Shore. Climb out crimps into the start of North Shore, and finish on that.\n\nIt is dabby and not aesthetic at all. There are good moves on perfect rock though....","protection":"Pads & spotters.","location":"This is the low left start to\n\nThe North Shore\n\n."},"__v":0},{"_id":"mWai14X4VamEfDqrEag6Cg==","name":"Shore Break","yds":"V3","grades":{"yds":"V3","font":"6A","vscale":"V3"},"fa":"Greg Johnson?","type":{"bouldering":true},"safety":"UNSPECIFIED","metadata":{"lnglat":{"type":"Point","coordinates":[-105.28451,39.74367]},"left_right_index":0,"mp_id":"112082318","mp_crag_id":"106122000","climb_id":"mWai14X4VamEfDqrEag6Cg==","areaRef":"P3+tWxwlXESjbBpWSvQpww=="},"content":{"description":"Start on the SW arete above some small blocks, and cruise up and right along a ramp to the same top out as the\n\nV7\n\n.","protection":"Pads.","location":"Start just left of\n\n41st Street\n\n."},"__v":0},{"_id":"Z+aAyetkWZmttW9DZmJ+Iw==","name":"The Shifter","yds":"V8-9","grades":{"yds":"V8-9","font":"7B+","vscale":"V8-9"},"fa":"Jim?","type":{"bouldering":true},"safety":"UNSPECIFIED","metadata":{"lnglat":{"type":"Point","coordinates":[-105.28451,39.74367]},"left_right_index":999999,"mp_id":"106468287","mp_crag_id":"106122000","climb_id":"Z+aAyetkWZmttW9DZmJ+Iw==","areaRef":"P3+tWxwlXESjbBpWSvQpww=="},"content":{"description":"Just right of\n\nMavericks\n\n, climb over the boulder that you hope you won't land on. SDS on a perfect jug make long pulls to a slopey topout.","protection":"A bunch of pads, this problem is a ankle breaker, be careful.","location":"This is 2 feet right of\n\nMavericks\n\n."},"__v":0},{"_id":"KIrlWgziUTGHfnce9VQ8mA==","name":"The North Shore","yds":"V9","grades":{"yds":"V9","font":"7C","vscale":"V9"},"fa":"Jade","type":{"bouldering":true},"safety":"UNSPECIFIED","metadata":{"lnglat":{"type":"Point","coordinates":[-105.28451,39.74367]},"left_right_index":999999,"mp_id":"106468268","mp_crag_id":"106122000","climb_id":"KIrlWgziUTGHfnce9VQ8mA==","areaRef":"P3+tWxwlXESjbBpWSvQpww=="},"content":{"description":"Climb just left of\n\nMavericks\n\n. Start on two sloping holds and make a large throw/dead point for a set of sloper jugs, continue on to the finish of\n\nMavericks\n\n.","protection":"A good spotter and a crash pad.","location":"Mavericks Boulder."},"__v":0},{"_id":"bT/OLANyUE+QplQ4S9g9cA==","name":"Mavericks","yds":"V5","grades":{"yds":"V5","font":"6C","vscale":"V5"},"fa":"Greg Johnson","type":{"bouldering":true},"safety":"UNSPECIFIED","metadata":{"lnglat":{"type":"Point","coordinates":[-105.28451,39.74367]},"left_right_index":999999,"mp_id":"106122007","mp_crag_id":"106122000","climb_id":"bT/OLANyUE+QplQ4S9g9cA==","areaRef":"P3+tWxwlXESjbBpWSvQpww=="},"content":{"description":"Work up bomber holds via long reaches, then to left hand sidepull, and over the lip. Gneiss rock, classico.","protection":"Pads and spotter.","location":"This ascends the obvious, huge boulder encountered on your way up the gully from the mile marker 268."},"__v":0},{"_id":"6JAo5YWrX5e6GSt8y7INAw==","name":"41st Street","yds":"V7","grades":{"yds":"V7","font":"7A+","vscale":"V7"},"fa":"Greg Johnson?","type":{"bouldering":true},"safety":"UNSPECIFIED","metadata":{"lnglat":{"type":"Point","coordinates":[-105.28451,39.74367]},"left_right_index":1,"mp_id":"106122053","mp_crag_id":"106122000","climb_id":"6JAo5YWrX5e6GSt8y7INAw==","areaRef":"P3+tWxwlXESjbBpWSvQpww=="},"content":{"description":"41st Street is a super classic Clear Creek boulder problem.  Struggle to establish on two underclings, and lurch for a large but strangely hard to use jug.  Get a heel hook, fight through some bad holds, and make a dynamic move to a crack.  Don't relax, because an awkward pinch and a scary mantle wait at the top.\n\nTo descend, continue to the top on easy terrain, and downclimb the north side of the boulder.","protection":"Although this problem isn't a highball, the landing is such that it requires at least two pads and a spotter to safely climb on.","location":"The only problem on the South side of the Maverick's Boulder, look for two very obvious underclings at chest height."},"__v":0}],"children":[],"ancestors":"1db1e8ba-a40e-587c-88a4-64f5ea814b8e,ab48aed5-2e8d-54bb-b099-6140fe1f098f,b34b81ad-639b-5002-8b62-fcc081599499,8af5df63-9dd1-5fb2-9ef1-c3c3860494f5,1de754f8-6d8a-5c18-b6ea-794fc033fbad,bedcdc93-8244-538a-bcf7-4fd59d49160b,3f7fad5b-1c25-5c44-a36c-1a564af429c3","pathTokens":["USA","Colorado","Golden","Clear Creek Canyon","Clear Creek Canyon Bouldering","Bouldering (mile marker 268)","Mavericks Boulder"],"gradeContext":"US","aggregate":{"byGrade":[{"count":1,"label":"V11-12"},{"count":1,"label":"V3"},{"count":1,"label":"V8-9"},{"count":1,"label":"V9"},{"count":1,"label":"V5"},{"count":1,"label":"V7"}],"byDiscipline":{"boulder":{"total":6,"bands":{"unknown":0,"beginner":0,"intermediate":0,"advanced":2,"expert":4}}},"byGradeBand":{"unknown":0,"beginner":0,"intermediate":0,"advanced":2,"expert":4}},"metadata":{"isBoulder":false,"isDestination":false,"leaf":true,"lnglat":{"type":"Point","coordinates":[-105.28451,39.74367]},"bbox":[-105.28509480021866,39.743220339818144,-105.28392519978135,39.744119660181866],"left_right_index":-1,"ext_id":"106122000","area_id":"P3+tWxwlXESjbBpWSvQpww=="},"content":{"description":""},"density":0,"totalClimbs":6,"__v":1,"createdAt":"2022-11-07T05:57:04.916Z","updatedAt":"2022-11-25T11:17:57.824Z"}