{"_id":"63689de0e80bff5a994fa4e2","area_name":"Big Five, The","shortCode":"","climbs":[{"_id":"KWoBCgVUUg6NmPMREbQerQ==","name":"White Rhino","yds":"5.8","grades":{"yds":"5.8","french":"5b"},"fa":"PH, Tod Anderson, & Greg Hand (Fall 2015)","type":{"sport":true},"safety":"UNSPECIFIED","metadata":{"lnglat":{"type":"Point","coordinates":[-105.40865,39.74349]},"left_right_index":8,"mp_id":"111359919","mp_crag_id":"111359592","climb_id":"KWoBCgVUUg6NmPMREbQerQ==","areaRef":"n1SAc8TXXC+qeoXAagYByw=="},"content":{"description":"Big holds lead through the bulge in the white rock. Follow amazing big holds above.","protection":"10 bolts to a 2-bolt anchor with chains.","location":"From Sun Tan Ledge, climb up through the white rock."},"__v":0},{"_id":"MMeRE+0BU1u2ACvXXFZg+A==","name":"Pink Elephants On Parade","yds":"5.9","grades":{"yds":"5.9","french":"5c"},"fa":"PH & Greg Hand (Fall 2015)","type":{"sport":true},"safety":"UNSPECIFIED","metadata":{"lnglat":{"type":"Point","coordinates":[-105.40865,39.74349]},"left_right_index":2,"mp_id":"111359764","mp_crag_id":"111359592","climb_id":"MMeRE+0BU1u2ACvXXFZg+A==","areaRef":"n1SAc8TXXC+qeoXAagYByw=="},"content":{"description":"This has a hard move climbing through a bulge at about the 4th bolt above a ledge.","protection":"8 bolts to an anchor shared with\n\nHarvey\n\n.","location":"This is above the left side anchor. Move the belay from Sun Tan Ledge to this anchor."},"__v":0},{"_id":"0PAwbSthUXuSLyJe+GWXew==","name":"Lion King","yds":"5.9","grades":{"yds":"5.9","french":"5c"},"fa":"PH & Greg Hand (Fall 2015)","type":{"sport":true},"safety":"UNSPECIFIED","metadata":{"lnglat":{"type":"Point","coordinates":[-105.40865,39.74349]},"left_right_index":5,"mp_id":"111359797","mp_crag_id":"111359592","climb_id":"0PAwbSthUXuSLyJe+GWXew==","areaRef":"n1SAc8TXXC+qeoXAagYByw=="},"content":{"description":"Head up to a pillar that allows passage through the roof area. Incredible in-cut holds appear then disappear. This is a fine line.","protection":"8/9 bolts to a 2-bolt anchor with chains.","location":"Begin from the left side of Sun Tan Ledge."},"__v":0},{"_id":"CbVbsq0fWBaUU4TN+Ktg/w==","name":"The Leopard","yds":"5.8","grades":{"yds":"5.8","french":"5b"},"fa":"Greg Hand & PH (Fall 2015)","type":{"sport":true},"safety":"UNSPECIFIED","metadata":{"lnglat":{"type":"Point","coordinates":[-105.40865,39.74349]},"left_right_index":3,"mp_id":"111359775","mp_crag_id":"111359592","climb_id":"CbVbsq0fWBaUU4TN+Ktg/w==","areaRef":"n1SAc8TXXC+qeoXAagYByw=="},"content":{"description":"The Leopard has a hard move in the rotten band. There are interesting moves above.","protection":"7 bolts to a 2-bolt anchor with chains.","location":"Climb the 3rd dihedral from the left side."},"__v":0},{"_id":"QtebwyutUzOkX38+5K1AhQ==","name":"Hungry, Hungry Hippos","yds":"5.8+","grades":{"yds":"5.8+","french":"5b"},"fa":"Greg Hand & PH (Fall 2015)","type":{"sport":true},"safety":"UNSPECIFIED","metadata":{"lnglat":{"type":"Point","coordinates":[-105.40865,39.74349]},"left_right_index":6,"mp_id":"111359806","mp_crag_id":"111359592","climb_id":"QtebwyutUzOkX38+5K1AhQ==","areaRef":"n1SAc8TXXC+qeoXAagYByw=="},"content":{"description":"Climb through the roof between\n\nLion King\n\nand\n\nCall Me Bwana\n\n. All these routes have incredible holds at the roof then momentary difficulty getting your body over.","protection":"8 bolts to a shared anchor with\n\nLion King\n\n.","location":"From Sun Tan Ledge, follow the bolts between\n\nLion King\n\n&\n\nCall Me Bwana\n\n."},"__v":0},{"_id":"EudI2Gf5WBCWNMwq3nkHoA==","name":"Harvey","yds":"5.7","grades":{"yds":"5.7","french":"5a"},"fa":"Greg Hand & PH (Fall 2015)","type":{"sport":true},"safety":"UNSPECIFIED","metadata":{"lnglat":{"type":"Point","coordinates":[-105.40865,39.74349]},"left_right_index":1,"mp_id":"111359734","mp_crag_id":"111359592","climb_id":"EudI2Gf5WBCWNMwq3nkHoA==","areaRef":"n1SAc8TXXC+qeoXAagYByw=="},"content":{"description":"Follow the leftmost of the 4 dihedrals on the left side of the Big Five. This climbs excellent rock to big holds at the overhang near the top.","protection":"7 bolts to a 2-bolt anchor with chains.","location":"This is above and slightly left of the left side anchor. Move the belay from Sun Tan Ledge to this anchor."},"__v":0},{"_id":"kLW4ShdXWCanK/pnR+XbtQ==","name":"Dumbo","yds":"5.4","grades":{"yds":"5.4","french":"4a"},"fa":"Greg Hand & PH (Fall 2015)","type":{"sport":true},"safety":"UNSPECIFIED","metadata":{"lnglat":{"type":"Point","coordinates":[-105.40865,39.74349]},"left_right_index":0,"mp_id":"111359624","mp_crag_id":"111359592","climb_id":"kLW4ShdXWCanK/pnR+XbtQ==","areaRef":"n1SAc8TXXC+qeoXAagYByw=="},"content":{"description":"Dumbo has easy climbing on big holds.","protection":"5 bolts to a 2-bolt anchor with chains.","location":"This is the leftmost route. Begin on a ledge behind the pine tree farthest left in the picture."},"__v":0},{"_id":"9jKrXgIwVyC4tWm9rm/6oA==","name":"Cape Buffalo","yds":"5.8","grades":{"yds":"5.8","french":"5b"},"fa":"Greg Hand & PH (Fall 2015)","type":{"sport":true},"safety":"UNSPECIFIED","metadata":{"lnglat":{"type":"Point","coordinates":[-105.40865,39.74349]},"left_right_index":9,"mp_id":"111359926","mp_crag_id":"111359592","climb_id":"9jKrXgIwVyC4tWm9rm/6oA==","areaRef":"n1SAc8TXXC+qeoXAagYByw=="},"content":{"description":"This has several interesting crux moves through bulges. It has big holds where needed.","protection":"9 bolts to an anchor shared with\n\nWhite Rhino\n\n.","location":"From Sun Tan Ledge, this is the rightmost route. It is just right of\n\nWhite Rhino\n\n."},"__v":0},{"_id":"WD/c6RvgWAu+tnyZoWiCFw==","name":"Call Me Bwana","yds":"5.9+","grades":{"yds":"5.9+","french":"5c"},"fa":"Greg Hand & PH (Fall 2015)","type":{"sport":true},"safety":"UNSPECIFIED","metadata":{"lnglat":{"type":"Point","coordinates":[-105.40865,39.74349]},"left_right_index":7,"mp_id":"111359821","mp_crag_id":"111359592","climb_id":"WD/c6RvgWAu+tnyZoWiCFw==","areaRef":"n1SAc8TXXC+qeoXAagYByw=="},"content":{"description":"Find big holds at the roof, then solve the crux puzzle. Easier but fun climbing leads to the anchors.","protection":"8 or 9 bolts to 2-bolt Fixe ring anchors.","location":"From Sun Tan Ledge, aim for the first bolt near the small pine tree below the roof."},"__v":0},{"_id":"cRlbjaQiXA6ugGm3R5NuRQ==","name":"A Committee of Two","yds":"5.9","grades":{"yds":"5.9","french":"5c"},"fa":"PH & Greg Hand (Fall 2015)","type":{"sport":true},"safety":"UNSPECIFIED","metadata":{"lnglat":{"type":"Point","coordinates":[-105.40865,39.74349]},"left_right_index":4,"mp_id":"111359786","mp_crag_id":"111359592","climb_id":"cRlbjaQiXA6ugGm3R5NuRQ==","areaRef":"n1SAc8TXXC+qeoXAagYByw=="},"content":{"description":"This has a boulder problem crux getting off the ledge at the rotten band. There is another crux higher until gargantuan holds are encountered.","protection":"8 bolts to a shared anchor with\n\nThe Leopard\n\n.","location":"This climbs the 4th dihedral from the left side. Move belay from Sun Tan Ledge to the left side anchor."},"__v":0}],"children":[],"ancestors":"1db1e8ba-a40e-587c-88a4-64f5ea814b8e,ab48aed5-2e8d-54bb-b099-6140fe1f098f,b34b81ad-639b-5002-8b62-fcc081599499,8af5df63-9dd1-5fb2-9ef1-c3c3860494f5,7821d11b-9e08-5c46-96d0-eba58a4a38e0,9f548073-c4d7-5c2f-aa7a-85c06a0601cb","pathTokens":["USA","Colorado","Golden","Clear Creek Canyon","Safari, The","Big Five, The"],"gradeContext":"US","aggregate":{"byGrade":[{"count":3,"label":"5.8"},{"count":3,"label":"5.9"},{"count":1,"label":"5.8+"},{"count":1,"label":"5.7"},{"count":1,"label":"5.4"},{"count":1,"label":"5.9+"}],"byDiscipline":{"sport":{"total":10,"bands":{"unknown":0,"beginner":6,"intermediate":4,"advanced":0,"expert":0}}},"byGradeBand":{"unknown":0,"beginner":6,"intermediate":4,"advanced":0,"expert":0}},"metadata":{"isBoulder":false,"isDestination":false,"leaf":true,"lnglat":{"type":"Point","coordinates":[-105.40865,39.74349]},"bbox":[-105.40923479869102,39.74304033981814,-105.40806520130899,39.743939660181866],"left_right_index":-1,"ext_id":"111359592","area_id":"n1SAc8TXXC+qeoXAagYByw=="},"content":{"description":""},"density":0,"totalClimbs":10,"__v":1,"createdAt":"2022-11-07T05:57:03.394Z","updatedAt":"2024-01-15T16:44:14.901Z"}