{"_id":"63689de0e80bff5a994fa57d","area_name":"Table Top Area","shortCode":"","climbs":[{"_id":"4aZrOXZFVT+kytPXTl9AzA==","name":"When In Doubt","yds":"5.7","grades":{"yds":"5.7","french":"5a"},"fa":"unknown","type":{"trad":true,"tr":true},"safety":"UNSPECIFIED","metadata":{"lnglat":{"type":"Point","coordinates":[-105.21673,39.76833]},"left_right_index":6,"mp_id":"111871724","mp_crag_id":"105744735","climb_id":"4aZrOXZFVT+kytPXTl9AzA==","areaRef":"rsp4vDVsUvmSJPmQA74L8g=="},"content":{"description":"This line follows the nice crack to the left of\n\nKevin Spies the Line\n\n. I would not consider it a variation, since the bolt line is far enough to the right to be out of reach.\n\nIt may or may not be the same as route \"G\" in the Table Top main page. The crux is probably deciding where to stop and place your first pro - stances were good, so I ran it out until my feet were nearly at the height of\n\nKevin's\n\nsecond bolt.\n\nIf\n\n5.7 Dihedral\n\nat Lookout Mountain Crag is a 5.7, then this is 5.6+ or 5.7- and flows enjoyably well. You should be able to TR off the anchors for\n\nKevin\n\n.","protection":"This was lead on small to medium nuts, one #3 Ballnut, and one larger nut (WC #8, I think). I didn't use any cams, may have used a Torque Nut. The line eats gear pretty well.\n\nThe first placement I decided to make was a WC #1, though if you want to place lower or higher you can use a different size pretty easily. If you have doubles of small nuts, then the Ballnut isn't needed.","location":"Start in the slot for\n\nKevin Spies the Line\n\n(see the picture from Mar. 14, 2010). Follow the crack up and left. Rappel from the anchors for\n\nKevin Spies the Line\n\n."},"__v":0},{"_id":"t9V7Z0ySXUy7hFJpf5iLdg==","name":"Unknown at TT Area","yds":"5.11c","grades":{"yds":"5.11c","french":"6c+"},"fa":"unknown","type":{"sport":true},"safety":"UNSPECIFIED","metadata":{"lnglat":{"type":"Point","coordinates":[-105.21673,39.76833]},"left_right_index":17,"mp_id":"105752065","mp_crag_id":"105744735","climb_id":"t9V7Z0ySXUy7hFJpf5iLdg==","areaRef":"rsp4vDVsUvmSJPmQA74L8g=="},"content":{"description":"The next line right of Alan Nelson's toothy starting route is this bolted seam that arches a bit to the right. This line is a reasonable challenge with lots of awkward holds and off balance moves. It is unclear to me whether this line stays with the seam/crack on the left or really takes off on the face. I have always used the crack/seam until it forces you right. It may be possible to run it strictly on the face, but this would raise the ante a letter grade or so. This is a nice problem for thought provoking body position.","protection":"Quickdraws and a rope.","location":"This is to the right of\n\nDeath of Innocents (aka Chick Filet)\n\n."},"__v":0},{"_id":"tn8j+w4yU3uT2VqhQZJgAQ==","name":"Umph","yds":"5.6","grades":{"yds":"5.6","french":"4c"},"fa":"unknown","type":{"trad":true},"safety":"UNSPECIFIED","metadata":{"lnglat":{"type":"Point","coordinates":[-105.21673,39.76833]},"left_right_index":21,"mp_id":"106338885","mp_crag_id":"105744735","climb_id":"tn8j+w4yU3uT2VqhQZJgAQ==","areaRef":"rsp4vDVsUvmSJPmQA74L8g=="},"content":{"description":"This is a fun little chimney.  The crux is right in the middle where the holds round off a little.  If you can stem well, it will be very easy.  Short beginners will provide some entertainment.  Bring a couple to \"brush\" some of the lichen.","protection":"A couple of nuts and mid-sized cams then step over to\n\nD's\n\nanchor.","location":"This is the Chimney just left of\n\nD's Dry Dream\n\n. When you top out you can step right to those anchors to get down."},"__v":0},{"_id":"pd/bPmukXgawoKyZeFwjsQ==","name":"Table Top","yds":"5.10b","grades":{"yds":"5.10b","french":"6a+"},"fa":"Tod Anderson, 1991","type":{"sport":true},"safety":"UNSPECIFIED","metadata":{"lnglat":{"type":"Point","coordinates":[-105.21673,39.76833]},"left_right_index":5,"mp_id":"105755989","mp_crag_id":"105744735","climb_id":"pd/bPmukXgawoKyZeFwjsQ==","areaRef":"rsp4vDVsUvmSJPmQA74L8g=="},"content":{"description":"This is located just to the left of\n\nKevin Spies the Line\n\nand about 50' right of the\n\nMind Mantel Arete\n\n.  There are nice moves up the blunt arete on generally good holds.  I enjoyed this much more that the popular\n\nHenry Spies the Line\n\nnext door.  The upper arete is continuously interesting.  It is more of a sport route than a trad route, but I listed it as trad because I think most people will want something more than the bolts.  Definitely worth doing!\n\n#68 in Hubbel's book, #64 in Rolofson.","protection":"Four bolts to a two bolt anchor, you may want some small pro or a stick to get to the high first bolt.","location":""},"__v":0},{"_id":"boyt+yRqWDKGTDI72+jGaA==","name":"Sleeper","yds":"5.8","grades":{"yds":"5.8","french":"5b"},"fa":"unknown","type":{"trad":true},"safety":"UNSPECIFIED","metadata":{"lnglat":{"type":"Point","coordinates":[-105.21673,39.76833]},"left_right_index":12,"mp_id":"106339099","mp_crag_id":"105744735","climb_id":"boyt+yRqWDKGTDI72+jGaA==","areaRef":"rsp4vDVsUvmSJPmQA74L8g=="},"content":{"description":"The crux comes right off the ground at a finger crack through an overhang.  From here, easier climbing follows the crack up the face.  There is another short difficulty at the top just left of the anchors on\n\nHenry Spies the Line\n\n.","protection":"Standard rack.  It's possible to clip a bolt on\n\nHenry Spies the Line\n\nhalfway up, but this is not necessary as the crack protects well.  Lower off the anchor on\n\nHenry's\n\n.","location":"This route climbs the first crack located to the left of\n\nHenry Spies the Line\n\nand just to the right of a chimney."},"__v":0},{"_id":"EeMaJRjhWpKMwsiBuMu+qg==","name":"Risky One (aka Best Route EVER!)","yds":"5.10a","grades":{"yds":"5.10a","french":"6a"},"fa":"Alan Nelson & Richard Wright?","type":{"sport":true},"safety":"UNSPECIFIED","metadata":{"lnglat":{"type":"Point","coordinates":[-105.21673,39.76833]},"left_right_index":19,"mp_id":"106662408","mp_crag_id":"105744735","climb_id":"EeMaJRjhWpKMwsiBuMu+qg==","areaRef":"rsp4vDVsUvmSJPmQA74L8g=="},"content":{"description":"Stem up the dirty corner and get into an undercling.  Reach up and grab one of the coolest jugs in the whole area. More jugs lead up until you can step left to the\n\nHate Hate\n\nanchor.","protection":"4 bolts, 2 bolt anchor.","location":"This is the bolt line to the right of\n\nHate Hate\n\n, and left of\n\nMoment of Weakness\n\n.  The guidebook gives it NO stars, but we couldn't resist for some reason...."},"__v":0},{"_id":"zIuFs2DKXcuzMtZ4D77VBg==","name":"Redrum","yds":"5.7","grades":{"yds":"5.7","french":"5a"},"fa":"unknown","type":{"trad":true,"tr":true},"safety":"UNSPECIFIED","metadata":{"lnglat":{"type":"Point","coordinates":[-105.21673,39.76833]},"left_right_index":11,"mp_id":"106659356","mp_crag_id":"105744735","climb_id":"zIuFs2DKXcuzMtZ4D77VBg==","areaRef":"rsp4vDVsUvmSJPmQA74L8g=="},"content":{"description":"Redrum climbs a chimney with interesting moves in its second half.  This second half contains a nice hand and finger crack.  The first half climbs blocky, easy terrain but the upper part makes the route worth doing at least once if you have trad gear at hand.","protection":"Standard rack.  Use the bolts on\n\nHenry Spies the Line\n\nfor an anchor.","location":"Redrum is about 15 feet left of\n\nHenry Spies the Line\n\nand is the next route left of\n\nSleeper\n\n. It starts two or three feet left of\n\nSleeper\n\n. Descend from the anchors on\n\nHenry Spies the Line\n\n."},"__v":0},{"_id":"yz7JAE7uWueDpy/1PaO53w==","name":"Pigeon Pile Pinnacle","yds":"5.10c/d","grades":{"yds":"5.10c/d","french":"6b+"},"fa":"unknown","type":{"sport":true},"safety":"UNSPECIFIED","metadata":{"lnglat":{"type":"Point","coordinates":[-105.21673,39.76833]},"left_right_index":26,"mp_id":"105752056","mp_crag_id":"105744735","climb_id":"yz7JAE7uWueDpy/1PaO53w==","areaRef":"rsp4vDVsUvmSJPmQA74L8g=="},"content":{"description":"Pigeon Pile is better than the name would imply, and its demerits stem more from the bolted (detached?) blocks than from the pigeon pile.  Begin on the obvious, bolted, South-facing bulge right of\n\nLying on the Ground\n\n. The best stuff comes right off the deck with the first three clips and this is balancy and a bit powerful. Once on top of the block, pick your way carefully up to the anchor on largely good climbing. There are some dubious bolt placement, but I don't believe that anything will reef off.","protection":"5 QuickDraws andÂ a rope.","location":""},"__v":0},{"_id":"ghRCnp5iWzuG3GlfaJ+0zA==","name":"Moment of Weakness","yds":"5.10b","grades":{"yds":"5.10b","french":"6a+"},"fa":"Dan Hare, Tom Kohlmann, '08","type":{"sport":true},"safety":"UNSPECIFIED","metadata":{"lnglat":{"type":"Point","coordinates":[-105.21673,39.76833]},"left_right_index":20,"mp_id":"106338907","mp_crag_id":"105744735","climb_id":"ghRCnp5iWzuG3GlfaJ+0zA==","areaRef":"rsp4vDVsUvmSJPmQA74L8g=="},"content":{"description":"This is a well-bolted boulder problem. It gets no stars in the guidebook, but it was fun.  The crux is a balance move left by the third bolt.  From the ground, we saw strange, little, chalked, polka dots.  You'll probably make some, too.","protection":"4 bolts to a 2 bolt anchor.","location":"This is the short route across the chimney from\n\nD's Dry Dream\n\n."},"__v":0},{"_id":"IYLrLhnQXqeVpkxTZXtpow==","name":"Mind Mantel Arete","yds":"5.11a","grades":{"yds":"5.11a","french":"6c"},"fa":"unknown","type":{"sport":true},"safety":"UNSPECIFIED","metadata":{"lnglat":{"type":"Point","coordinates":[-105.21673,39.76833]},"left_right_index":0,"mp_id":"105752050","mp_crag_id":"105744735","climb_id":"IYLrLhnQXqeVpkxTZXtpow==","areaRef":"rsp4vDVsUvmSJPmQA74L8g=="},"content":{"description":"The Table Top area can be logically said to begin on the left with Mind Mantel Arete.\n\nBegin in the corner system just right of the detached pillar. The East face/arete is MMA. Start off a ledge to get the first clip and begin to angle left for the arete. Above the second clip, one has the choice to move right for 5.10 or stay with the arete for 5.11. Either way gives a solid route on very good stone. Most things are obvious, but staying with arete requires a bit more hunting for the holds.","protection":"Quickdraws and a rope.","location":""},"__v":0},{"_id":"6Ufm1uezUJOs/YYm0dIOjw==","name":"Lying on the Ground","yds":"5.11+","grades":{"yds":"5.11+","french":"7a"},"fa":"Guy Lords and Ken Trout, 1991","type":{"sport":true},"safety":"UNSPECIFIED","metadata":{"lnglat":{"type":"Point","coordinates":[-105.21673,39.76833]},"left_right_index":23,"mp_id":"105752053","mp_crag_id":"105744735","climb_id":"6Ufm1uezUJOs/YYm0dIOjw==","areaRef":"rsp4vDVsUvmSJPmQA74L8g=="},"content":{"description":"This is a three [now seven] bolt boulder problem can be started from the same stance as\n\nD's Dry Dream\n\n. This is Lying on the Ground. Gun for the nice ledge at 15 feet. It is reasonably easy to get the first two clips, but the third requires moving up to it first. This will net you a good clipping jug on the right. Nice problem with some specific beta.\n\nEds. note a subsequent, duplicate submission by\n\nCarolyn\n\nhad been added & now deleted to help organize the database.","protection":"Originally 3 bolts & anchor. It apparently has been retrobolted to include 4 bolts.","location":""},"__v":0},{"_id":"tHmvMizyV2+VfYUnDpokQA==","name":"Let's Wake up Ronnie and Barb","yds":"5.9-","grades":{"yds":"5.9-","french":"5c"},"fa":"unknown","type":{"trad":true},"safety":"UNSPECIFIED","metadata":{"lnglat":{"type":"Point","coordinates":[-105.21673,39.76833]},"left_right_index":14,"mp_id":"106659655","mp_crag_id":"105744735","climb_id":"tHmvMizyV2+VfYUnDpokQA==","areaRef":"rsp4vDVsUvmSJPmQA74L8g=="},"content":{"description":"Head up to the nice looking crack on the right side of the arete.  Huge jugs keep the difficulty to a minimum.  Follow the crack until the ledge below the final headwall on\n\nHenry Spies the Line\n\n.  From here, there are choices; the best choice is to clip that final bolt that separates you from the anchor and make the moves up.  If you are dead set against clipping a bolt, you could move around either side of this headwall to reach the anchor.","protection":"Standard rack, 2 bolt anchor.","location":"This is the obvious crack between\n\nHenry Spies the Line\n\nand\n\nDrinking Wine with the Chinese\n\n.  This route has good gear placements, but you may feel silly avoiding the bolts on\n\nHenry's\n\nsince every one of them is within reach...."},"__v":0},{"_id":"3S+y3VYlWf+meU0ohjF+lw==","name":"Kevin's Trad Line","yds":"5.7","grades":{"yds":"5.7","french":"5a"},"fa":"? um Kevin?","type":{"trad":true},"safety":"UNSPECIFIED","metadata":{"lnglat":{"type":"Point","coordinates":[-105.21673,39.76833]},"left_right_index":8,"mp_id":"106387449","mp_crag_id":"105744735","climb_id":"3S+y3VYlWf+meU0ohjF+lw==","areaRef":"rsp4vDVsUvmSJPmQA74L8g=="},"content":{"description":"The crux is probably getting up the steep dihedral at the start, but the upper part of the crack is also steep and fun.  It would be harder, but it is littered with good horizontal holds.","protection":"Standard rack.  Only need a couple cams or nuts.  Build your own anchor (a little rotten up top). There are a couple textbook hex placements on the route.  Place em' if you got em' (can't get enough cow bells).","location":"This is the crack system just right of\n\nKevin Spies the Line\n\n. You can get to the anchor on\n\nIan and Pat Spy Yet Another Easy Line\n\nto rap off."},"__v":0},{"_id":"hQss2J7eW4uImEgX4K8fgw==","name":"Kevin Spies the Line","yds":"5.6","grades":{"yds":"5.6","french":"4c"},"fa":"unknown","type":{"sport":true,"tr":true},"safety":"UNSPECIFIED","metadata":{"lnglat":{"type":"Point","coordinates":[-105.21673,39.76833]},"left_right_index":7,"mp_id":"105754594","mp_crag_id":"105744735","climb_id":"hQss2J7eW4uImEgX4K8fgw==","areaRef":"rsp4vDVsUvmSJPmQA74L8g=="},"content":{"description":"This is a very good beginner climb.  It goes slightly right, then left after the 2nd bolt.  From there, follow the bolts straight up.  It has large holds and big feet.\n\nThere is an alternate start to the right, ~5.9.\n\nEds. FWIW, this is not a great kid climb.","protection":"5 bolts to a two bolt anchor with Metolius rap bolt hangers.","location":""},"__v":0},{"_id":"VGLnJCWxViOfIlXgSc2rNQ==","name":"Ian Murders Another Route","yds":"5.8","grades":{"yds":"5.8","french":"5b"},"fa":"unknown","type":{"trad":true},"safety":"UNSPECIFIED","metadata":{"lnglat":{"type":"Point","coordinates":[-105.21673,39.76833]},"left_right_index":10,"mp_id":"106991236","mp_crag_id":"105744735","climb_id":"VGLnJCWxViOfIlXgSc2rNQ==","areaRef":"rsp4vDVsUvmSJPmQA74L8g=="},"content":{"description":"Start in the obvious, nappy chimney to the obvious ledge. Climb left of ledge past a couple of good gear placements. Clip bolt on left-facing corner and climb just right of previous route to a small ledge and a small crack. Place good gear in crack and step right on to a down-sloping ledge. From this point you have several options. I thought the most fun option was stepping right into the chimney and stemming across the chimney using the obvious mondo (right) and crimper (left) holds while clipping the 4 closely placed bolts on the face right of the chimney 5.8 and moving right to the anchor. One can also climb the arete proper from the down sloping ledge via pretty cool moves at 5.9.  One can also climb a still dirty corner from the down sloping ledge at about 5.5. These variations all end at the chain anchor.","protection":"5 bolts and gear to a # 1 Camalot.","location":"Start 10 feet right of previous route.  Same start as\n\nRedrum\n\n[#186] in the Haas and Schneider guide."},"__v":0},{"_id":"4e8O324SXMydnBXtHijQAA==","name":"Ian and Pat Spy Yet Another Easy Line","yds":"5.7","grades":{"yds":"5.7","french":"5a"},"fa":"unknown","type":{"trad":true},"safety":"UNSPECIFIED","metadata":{"lnglat":{"type":"Point","coordinates":[-105.21673,39.76833]},"left_right_index":9,"mp_id":"106991229","mp_crag_id":"105744735","climb_id":"4e8O324SXMydnBXtHijQAA==","areaRef":"rsp4vDVsUvmSJPmQA74L8g=="},"content":{"description":"Climb a left-facing slab past 2 bolts, pass the 2nd bolt on right (easier) or straight on (harder), and get established on a low angle slab and place gear while climbing to an obvious ledge. Step left of ledge and climb a clean face past 3 closely placed bolts to a chain anchor.\n\nPer\n\ncurt86iroc\n\n: for an alternate finish, leave the large ledge to the right and aim for the anchors on the neighboring route (\n\n[Ian Murders Another Route\n\n), clipping the last 3 bolts, 5.7. Watch for rope drag.","protection":"5 bolts and gear to a #3 Camalot.","location":"Reference the Haas and Schneider guidebook, page 74 topo, page 75. It is 10 feet right of\n\nKevin's Trad Line\n\n."},"__v":0},{"_id":"BjPvB/b8VUGFbwvPhlZftg==","name":"High Plains Whimper","yds":"5.7","grades":{"yds":"5.7","french":"5a"},"fa":"Eric and Whitney Sorenson, April 2010","type":{"sport":true,"tr":true},"safety":"UNSPECIFIED","metadata":{"lnglat":{"type":"Point","coordinates":[-105.21673,39.76833]},"left_right_index":2,"mp_id":"106873391","mp_crag_id":"105744735","climb_id":"BjPvB/b8VUGFbwvPhlZftg==","areaRef":"rsp4vDVsUvmSJPmQA74L8g=="},"content":{"description":"This is a relatively sustained route with solid ledge handholds and pockets.  Mounting the ledge beneath the anchors is a little trickier than it looks.","protection":"4 bolts plus anchors (\n\nEds. one is loose and wiggles\n\n).","location":"The set of bolts located between the\n\nMind Mantle Arete\n\nand the\n\n69.5 Crack\n\n."},"__v":0},{"_id":"ZqC5i/9AV1yaLcXKXze9Jg==","name":"Henry Spies the Line","yds":"5.10a","grades":{"yds":"5.10a","french":"6a"},"fa":"unknown","type":{"sport":true,"tr":true},"safety":"UNSPECIFIED","metadata":{"lnglat":{"type":"Point","coordinates":[-105.21673,39.76833]},"left_right_index":13,"mp_id":"105748600","mp_crag_id":"105744735","climb_id":"ZqC5i/9AV1yaLcXKXze9Jg==","areaRef":"rsp4vDVsUvmSJPmQA74L8g=="},"content":{"description":"Start on the left end of a face, just below a bulge. Clip the first bolt, move up the cracked face and then to the crack. From the ledge, make a committing move up to a nice hand hold before clipping the 5th bolt.","protection":"[6] bolts to a 2 bolt anchor. A #1-1.5 Friend is useful for between the 3rd and 4th bolts, and a #2 Friend is good for protecting just below the 5th.","location":""},"__v":0},{"_id":"Rd1L6XA4U5i1ZMe4Wow/4Q==","name":"Hate Hate (aka Whiskey Run)","yds":"5.10","grades":{"yds":"5.10","french":"6b"},"fa":"Alan Nelson & Richard Wright, 1998","type":{"sport":true},"safety":"UNSPECIFIED","metadata":{"lnglat":{"type":"Point","coordinates":[-105.21673,39.76833]},"left_right_index":18,"mp_id":"105752071","mp_crag_id":"105744735","climb_id":"Rd1L6XA4U5i1ZMe4Wow/4Q==","areaRef":"rsp4vDVsUvmSJPmQA74L8g=="},"content":{"description":"Just left of the dihedral with\n\nD's Dry Dream\n\non its right face is a bolted line that takes off in a shallow, inverted V-slot. Surmount a bulge on jugs and run up to the anchor shared with the route on the left. This line has fun moves, and while the rock looks dubious to start, it has climbed quite well with no hint of things reefing off. Still, it needs a date with Mr. Brush.","protection":"Quickdraws and a rope.","location":""},"__v":0},{"_id":"CR1faMPqWfGSO/cmp/8/lA==","name":"Drinking Wine with the Chinese (aka The Jizzler)","yds":"5.9","grades":{"yds":"5.9","french":"5c"},"fa":"unknown","type":{"trad":true,"tr":true},"safety":"UNSPECIFIED","metadata":{"lnglat":{"type":"Point","coordinates":[-105.21673,39.76833]},"left_right_index":15,"mp_id":"106569920","mp_crag_id":"105744735","climb_id":"CR1faMPqWfGSO/cmp/8/lA==","areaRef":"rsp4vDVsUvmSJPmQA74L8g=="},"content":{"description":"This is a good crack climb which can be done gracefully with wide stems.  The crux is at a small overhang near the bottom which protects well with small cams.  Continue up the crack as it widens and move right to the anchors on\n\nDeath of Innocents\n\n.","protection":"Standard rack with an emphasis on finger-sized pieces.  You can clip the bolts on\n\nDeath of Innocents\n\n, but who would want to clip bolts when there is a great crack for gear? Two bolts at the top.","location":"This is the crack just left of\n\nDeath of Innocents\n\nand the two routes start in the same place and share an anchor."},"__v":0},{"_id":"28pWAScFXcagxIf3dWlHug==","name":"Don't Pout, Climb Up and Out","yds":"5.8+","grades":{"yds":"5.8+","french":"5b"},"fa":"Mark Roth and Jay Eggleston","type":{"trad":true},"safety":"UNSPECIFIED","metadata":{"lnglat":{"type":"Point","coordinates":[-105.21673,39.76833]},"left_right_index":24,"mp_id":"106348534","mp_crag_id":"105744735","climb_id":"28pWAScFXcagxIf3dWlHug==","areaRef":"rsp4vDVsUvmSJPmQA74L8g=="},"content":{"description":"This can be climbed independently of\n\nDon't Pout 'Cause Yer Down 'n Out\n\nby staying left in the right-facing dihedral and continuing up the crack, but it is very tempting to stem to the right.  Although the crack is perfect fingers, you don't really need it as jugs appear.","protection":"Standard rack, protect in the crack on the left at the bottom, in case the big flake comes off. You'll top out right at the anchors for\n\nD's Dry Dream\n\n.","location":"This is in between\n\nLying on the Ground\n\nand\n\nPigeon Pile Pinnacle\n\nwith the same start as\n\nDon't Pout 'Cause Yer Down 'n Out\n\nbut follows a great finger crack splitting the steep wall on the left at the top."},"__v":0},{"_id":"8OnOldBFVsOQ8UfG7gswiA==","name":"Don't Pout 'Cause Yer Down 'n Out","yds":"5.8","grades":{"yds":"5.8","french":"5b"},"fa":"unknown","type":{"trad":true},"safety":"UNSPECIFIED","metadata":{"lnglat":{"type":"Point","coordinates":[-105.21673,39.76833]},"left_right_index":25,"mp_id":"105752818","mp_crag_id":"105744735","climb_id":"8OnOldBFVsOQ8UfG7gswiA==","areaRef":"rsp4vDVsUvmSJPmQA74L8g=="},"content":{"description":"Where is it?  This climb is right of \"\n\nLying on the Ground\n\n\". Follow a shallow grove on the left side of the \"Pigeon Pile Pinnacle\" that is about four feet wide and has two cracks (one on the right and one on the left side of the grove).  The groove goes straight up for about 40 feet, then angles right.\n\nThe hardest part to this climb is figuring out the pro right off the deck.  You have a flaring crack on your left that bottoms out, and a spooky flake up high on your right with a thin crack.  I did find a good nut placement at about the 10' mark on the right, and ultimately placed a TCU in the spooky flake crack.  The crux is moving past the flake.  Continue up the grove angling right until you get near the top of the pinnacle.  Near the top there is another large block on the left side of the crack that is dubiously attached to the wall.  It is probably best not to mess with it.\n\nThe belay bolts for\n\nPigeon Pile Pinnacle\n\ncan be used for the belay anchor (on the right of this exposed perch).  The pinnacle itself is a Leaning Tower of Pisa in its own right (leaning out and away from the main cliff that is). I belayed my partner from the top, and then we rapped down.\n\nI'm giving this climb one star for the spook factor.  Be careful.","protection":"Medium nuts, small cams (I never used anything bigger than 1\", but it looks like you could use a #3 Camalot high on the route), and four slings.","location":""},"__v":0},{"_id":"Y74g++OoW2Kvhb9OqTcnQA==","name":"Death of Innocents (aka Chick Filet)","yds":"5.11b","grades":{"yds":"5.11b","french":"6c"},"fa":"Alan Nelson, 1998","type":{"sport":true},"safety":"UNSPECIFIED","metadata":{"lnglat":{"type":"Point","coordinates":[-105.21673,39.76833]},"left_right_index":16,"mp_id":"105752119","mp_crag_id":"105744735","climb_id":"Y74g++OoW2Kvhb9OqTcnQA==","areaRef":"rsp4vDVsUvmSJPmQA74L8g=="},"content":{"description":"Immediately right of\n\nHenry Spies the Line\n\nis a shallow dihedral with a trad crack (5.8/9) and a bolted face just right of the dihedral. This presently unnamed route starts in an improbable tooth-like undercling and delivers a hard crux right off the ground. Swim past this staying largely on the arete with foray onto the face on the right. It has good climbing and good stone, and it is worth the fight to solve the start. A word of warning, the starting knee-lock is probably not worth the pain - there are other answers.","protection":"5 bolts and a 2 bolt anchor","location":""},"__v":0},{"_id":"G3adp6gsUuCNY4bJwxHKPg==","name":"D's Dry Dream","yds":"5.10a","grades":{"yds":"5.10a","french":"6a"},"fa":"Unknown????","type":{"sport":true},"safety":"UNSPECIFIED","metadata":{"lnglat":{"type":"Point","coordinates":[-105.21673,39.76833]},"left_right_index":22,"mp_id":"105749812","mp_crag_id":"105744735","climb_id":"G3adp6gsUuCNY4bJwxHKPg==","areaRef":"rsp4vDVsUvmSJPmQA74L8g=="},"content":{"description":"Someone, please own up to the FA of this excellent route!\n\nD's Dry Dream begins in a deep, left-facing dihedral and breaks out right to a fine, well-featured face at 40 feet or so. This is a really fun route that can be done with most of the moves at 5.9 or below. It may get a 5.10 rating no matter how the route is done for the one move that enters the face. Start in the dihedral by climbing on the right side only and the route has a pair of 5.10 cruxes; stem the start and the route stays 5.8 or 5.9 up to the transition point that breaks out right. Both ways are a kick.\n\nThis is a fun route and well worth hitting while on the hill. Two stars for the good rock, fun climbing, thoughtful moves, and being well-protected.","protection":"QDs only. This 65 foot route needs 7 draws and something for the double bolt anchor at the top.","location":""},"__v":0},{"_id":"N4Hz29kAVdaaEO02cuP+YA==","name":"Crack","yds":"5.8+","grades":{"yds":"5.8+","french":"5b"},"fa":"Dan Hare, Tom Kohlmann?","type":{"trad":true,"tr":true},"safety":"PG","metadata":{"lnglat":{"type":"Point","coordinates":[-105.21673,39.76833]},"left_right_index":1,"mp_id":"111382667","mp_crag_id":"105744735","climb_id":"N4Hz29kAVdaaEO02cuP+YA==","areaRef":"rsp4vDVsUvmSJPmQA74L8g=="},"content":{"description":"This is an obvious line to the right of\n\nMind Mantel Arete\n\nthat draws the eye of those who seek routes to keep one climbing newer terrain. Interestingly, someone, perhaps Dan or Tom, got to it first and added an anchor for your convenience. Good crack technique makes this easier than 5.9.\n\nThe start involves a few moves with trickier gear placement as one spot is too tight for a #2 Camalot and the next tends to umbrella out a #0.75 Camalot. A key footjam or two can make the next section more secure. Some may complain that the #2 Camalot spot squeezes out a handjam, but you can do both. At the mini-roof, you have choices. Going left gets you a big ledge, but pro gets scarce for a bit. Face climbing more directly over the mini-roof appears less probable but is no harder. Forcing oneself right may be more awkward. Gain the next ledge. An okay #1 Camalot can be placed below the fractured plate. A yellow Alien helps protect the final bit to the two bolt anchor with links.","protection":"A rack that worked: #0.75, #3.5 (old size), #3, #2, tiny cam?, #1, yellow Alien, and a two bolt anchor with Mussy hooks.","location":"This is to the right of\n\nMind Mantel Arete\n\nand left of\n\nHigh Plains Whimper\n\ngoing up a right-leaning crack."},"__v":0},{"_id":"ZINVuSLLVV6Ob+na0rS5ew==","name":"Corner","yds":"5.8","grades":{"yds":"5.8","french":"5b"},"fa":"hmmm, probably a lizard","type":{"trad":true,"tr":true},"safety":"UNSPECIFIED","metadata":{"lnglat":{"type":"Point","coordinates":[-105.21673,39.76833]},"left_right_index":3,"mp_id":"111382678","mp_crag_id":"105744735","climb_id":"ZINVuSLLVV6Ob+na0rS5ew==","areaRef":"rsp4vDVsUvmSJPmQA74L8g=="},"content":{"description":"This is a line starting just to the right of\n\nHigh Plains Whimper\n\nand joins it at the top. Perhaps one could consider it a variation, but it's mostly independent.\n\nStart to the right of\n\nHigh Plains Whimper\n\nby ~15' in a dihedral of sorts. Beware of a left hand jam that could catch your thumb if you slip. Fight a bush or two (during the greener months). One can find a nice hold on the left wall to make this reasonable. Join\n\nHigh Plains Whimper\n\nnear the top bolt. Finish at a two bolt anchor with chains.","protection":"TR or a light rack to a #3 Camalot, quickdraw, and two bolt anchor.","location":"This is right of\n\nHigh Plains Whimper\n\n."},"__v":0},{"_id":"y3vgl2QSVNmF3Mg+KZD/eg==","name":"69.5 Crack","yds":"5.8","grades":{"yds":"5.8","french":"5b"},"fa":"FRA:  Randy & Belen Carmichael, Pete Cogan 6/1/2005.","type":{"trad":true},"safety":"UNSPECIFIED","metadata":{"lnglat":{"type":"Point","coordinates":[-105.21673,39.76833]},"left_right_index":4,"mp_id":"105763890","mp_crag_id":"105744735","climb_id":"y3vgl2QSVNmF3Mg+KZD/eg==","areaRef":"rsp4vDVsUvmSJPmQA74L8g=="},"content":{"description":"This is a bottom feeder's delight.\n\nThis crack is just left of\n\nTable Top\n\n.  A blocky start leads to a hand/finger crack that angels from right to left.  The grade is around 5.8 if you keep your feet in the crack but may be a little easier if you use a wide left foot stem off the left wall.\n\nWe didn't set out to find a new route, but between my poor route finding skills and the guide which is a \"little blurry\" in the Table Top Area, this route found us and we were pleasantly surprised.\n\nAfter climbing this route, you can easily setup a toprope on\n\nTable Top\n\nto maximize your mileage.","protection":"Light standard rack up to a #3 Camalot.  At the top set your own anchor, or use an old bolt above\n\nTable Top\n\nto set a directional and use the\n\nTable Top\n\nbolt anchors.","location":""},"__v":0}],"children":[],"ancestors":"1db1e8ba-a40e-587c-88a4-64f5ea814b8e,ab48aed5-2e8d-54bb-b099-6140fe1f098f,b34b81ad-639b-5002-8b62-fcc081599499,054defef-ef8b-511a-8dd3-3f5a56ac32eb,aeca78bc-356c-52f9-9224-f99003be0bf2","pathTokens":["USA","Colorado","Golden","North Table Mountain/Golden Cliffs","Table Top Area"],"gradeContext":"US","aggregate":{"byGrade":[{"count":5,"label":"5.7"},{"count":1,"label":"5.11c"},{"count":2,"label":"5.6"},{"count":2,"label":"5.10b"},{"count":5,"label":"5.8"},{"count":3,"label":"5.10a"},{"count":1,"label":"5.10c/d"},{"count":1,"label":"5.11a"},{"count":1,"label":"5.11+"},{"count":1,"label":"5.9-"},{"count":1,"label":"5.10"},{"count":1,"label":"5.9"},{"count":2,"label":"5.8+"},{"count":1,"label":"5.11b"}],"byDiscipline":{"trad":{"total":14,"bands":{"unknown":0,"beginner":13,"intermediate":1,"advanced":0,"expert":0}},"sport":{"total":13,"bands":{"unknown":0,"beginner":2,"intermediate":7,"advanced":4,"expert":0}},"tr":{"total":8,"bands":{"unknown":0,"beginner":6,"intermediate":2,"advanced":0,"expert":0}}},"byGradeBand":{"unknown":0,"beginner":15,"intermediate":8,"advanced":4,"expert":0}},"metadata":{"isBoulder":false,"isDestination":false,"leaf":true,"lnglat":{"type":"Point","coordinates":[-105.21673,39.76833]},"bbox":[-105.21731500963489,39.76788033981813,-105.21614499036511,39.768779660181856],"left_right_index":-1,"ext_id":"105744735","area_id":"rsp4vDVsUvmSJPmQA74L8g=="},"content":{"description":""},"density":0,"totalClimbs":27,"__v":1,"createdAt":"2022-11-07T05:57:04.928Z","updatedAt":"2022-11-25T11:17:58.519Z"}