{"_id":"63689de0e80bff5a994fa4fc","area_name":"Guppy, The","shortCode":"","climbs":[{"_id":"ybqBnv5+XjStJRHOhkxZWA==","name":"Spinner Bait","yds":"5.11d","grades":{"yds":"5.11d","french":"7a"},"fa":"Luke Childers","type":{"sport":true},"safety":"UNSPECIFIED","metadata":{"lnglat":{"type":"Point","coordinates":[-105.41518,39.73976]},"left_right_index":0,"mp_id":"106650270","mp_crag_id":"106650267","climb_id":"ybqBnv5+XjStJRHOhkxZWA==","areaRef":"FbbhLdVeVXe7mJJ5I1V2iQ=="},"content":{"description":"\"Spinner Bait\" takes the leftmost, overhung corner and arete.  Once one climbs past the 1st few moves on questionable stone the line becomes interesting, powerful, and enjoyable.\n\nStill a very new line as of this date of posting, so be careful of possible loose rock, and all belayers are advised to where a helmet while belaying on this feature.","protection":"7 bolts and 2 ring anchors.  Belayers should where a helmet.  Most of the draws are going to stay fixed.  I plan to put quick links up next time I'm out, so please don't take the draws that are on the wall.  Thank you.","location":"This feature is located up hill and in between \"The Primo Wall\" and \"The Crystal Tower.\"\n\nThe best approach will depend on what time of the year it is.  You cross the river in different places during the winter but spring, summer, and early fall one would use the Tyrolean traverse located by \"The Armory.\"\n\n\"Spinner Bait\" takes the leftmost over hung corner and arete."},"__v":0},{"_id":"TvCZ76XaW+SKF0P1j6/P8A==","name":"My Significant Other","yds":"5.13d","grades":{"yds":"5.13d","french":"8b"},"fa":"Jay Samuelson : Equipped by Henry Maxfield and Jay Samuelson, 2010","type":{"sport":true},"safety":"UNSPECIFIED","metadata":{"lnglat":{"type":"Point","coordinates":[-105.41518,39.73976]},"left_right_index":1,"mp_id":"108795406","mp_crag_id":"106650267","climb_id":"TvCZ76XaW+SKF0P1j6/P8A==","areaRef":"FbbhLdVeVXe7mJJ5I1V2iQ=="},"content":{"description":"Squeeze, crimp, and slap your way up the right side arete. Underclings, gastons, slopers, and crimps await your fingers with steeper-than-it-looks angles to keep it interesting. Continue all the way along the arete and up over the nose - reaching the mouth of the Guppy for a thank-god, fish-hook jug.","protection":"5 bolts to a 2 bolt anchor on the west face with rings.","location":"Climb the arete on the right side of the Guppy formation."},"__v":0}],"children":[],"ancestors":"1db1e8ba-a40e-587c-88a4-64f5ea814b8e,ab48aed5-2e8d-54bb-b099-6140fe1f098f,b34b81ad-639b-5002-8b62-fcc081599499,8af5df63-9dd1-5fb2-9ef1-c3c3860494f5,15b6e12d-d55e-5577-bb98-927923557689","pathTokens":["USA","Colorado","Golden","Clear Creek Canyon","Guppy, The"],"gradeContext":"US","aggregate":{"byGrade":[{"count":1,"label":"5.11d"},{"count":1,"label":"5.13d"}],"byDiscipline":{"sport":{"total":2,"bands":{"unknown":0,"beginner":0,"intermediate":0,"advanced":1,"expert":1}}},"byGradeBand":{"unknown":0,"beginner":0,"intermediate":0,"advanced":1,"expert":1}},"metadata":{"isBoulder":false,"isDestination":false,"leaf":true,"lnglat":{"type":"Point","coordinates":[-105.41518,39.73976]},"bbox":[-105.41576476703811,39.73931033981813,-105.41459523296191,39.74020966018185],"left_right_index":-1,"ext_id":"106650267","area_id":"FbbhLdVeVXe7mJJ5I1V2iQ==","polygon":{"type":"Polygon","coordinates":[[[-105.41576476703811,39.73931033981813],[-105.41459523296191,39.73931033981813],[-105.41459523296191,39.74020966018185],[-105.41576476703811,39.74020966018185],[-105.41576476703811,39.73931033981813]]]}},"content":{"description":""},"density":0,"totalClimbs":2,"__v":1,"createdAt":"2022-11-07T05:57:03.987Z","updatedAt":"2024-01-20T01:01:17.931Z"}