{"_id":"63689de0e80bff5a994fa536","area_name":"Wabble of Wowdy Webels Wall","shortCode":"","climbs":[{"_id":"F08p4JR9WYWSTexkfB43OA==","name":"Fight the Oppressors","yds":"5.11a","grades":{"yds":"5.11a","french":"6c"},"fa":"Mark Anderson, 2017","type":{"sport":true},"safety":"UNSPECIFIED","metadata":{"lnglat":{"type":"Point","coordinates":[-105.4159,39.73279]},"left_right_index":0,"mp_id":"121190751","mp_crag_id":"121190643","climb_id":"F08p4JR9WYWSTexkfB43OA==","areaRef":"YlHiR4lhVrmmj5dX/VdYGA=="},"content":{"description":"This is a very short route up an overhanging arete. There are great holds for clipping the bolts separated by thinner or more dynamic moves. It is almost like a long, roped boulder problem - super fun!","protection":"Three bolts to a two bolt anchor with small steel 'biners.","location":"This arete forms the right edge of the wall."},"__v":0}],"children":[],"ancestors":"1db1e8ba-a40e-587c-88a4-64f5ea814b8e,ab48aed5-2e8d-54bb-b099-6140fe1f098f,b34b81ad-639b-5002-8b62-fcc081599499,8af5df63-9dd1-5fb2-9ef1-c3c3860494f5,95c81f65-df18-54a0-9a90-2c754307192b,6251e247-8961-56b9-a68f-9757fd575818","pathTokens":["USA","Colorado","Golden","Clear Creek Canyon","Aqueduct, The","Wabble of Wowdy Webels Wall"],"gradeContext":"US","aggregate":{"byGrade":[{"count":1,"label":"5.11a"}],"byDiscipline":{"sport":{"total":1,"bands":{"unknown":0,"beginner":0,"intermediate":0,"advanced":1,"expert":0}}},"byGradeBand":{"unknown":0,"beginner":0,"intermediate":0,"advanced":1,"expert":0}},"metadata":{"isBoulder":false,"isDestination":false,"leaf":true,"lnglat":{"type":"Point","coordinates":[-105.4159,39.73279]},"bbox":[-105.4164847079062,39.73234033981814,-105.41531529209377,39.73323966018186],"left_right_index":-1,"ext_id":"121190643","area_id":"YlHiR4lhVrmmj5dX/VdYGA=="},"content":{"description":""},"density":0,"totalClimbs":1,"__v":1,"createdAt":"2022-11-07T05:57:04.427Z","updatedAt":"2022-11-25T11:17:57.253Z"}