{"_id":"63689de0e80bff5a994fa4ff","area_name":"Garden Wall, The","shortCode":"","climbs":[{"_id":"00OEQa0qUUOA5z0lpxRssQ==","name":"Shady Girl","yds":"5.10c","grades":{"yds":"5.10c","french":"6b"},"fa":"Richard M. Wright, Koko Kosila, Summer, 2005","type":{"sport":true},"safety":"UNSPECIFIED","metadata":{"lnglat":{"type":"Point","coordinates":[-105.31219,39.73726]},"left_right_index":4,"mp_id":"105765171","mp_crag_id":"105746928","climb_id":"00OEQa0qUUOA5z0lpxRssQ==","areaRef":"JxTDNLD0XWWtJpDXtCKj0w=="},"content":{"description":"This is the right of two routes sharing an anchor and on the right side of the crag. Easy moves off the deck lead to a tricky sequence moving around the arete. It has good quality rock and fun climbing. While this may appear overbolted in the lower section, the climbing is still committing between clips 3 and 5. Overall, the climbing seemed far more tricky than it appeared from the ground. Don't be fooled, there is still a difficult move guarding the slab above.","protection":"10 bolts and something for the double bolt anchor at the top.","location":""},"__v":0},{"_id":"ZfeaHC98WZmo5E5zcg/caw==","name":"Shady Baby","yds":"5.9+","grades":{"yds":"5.9+","french":"5c"},"fa":"Dave Rogers, LP","type":{"trad":true,"tr":true},"safety":"PG","metadata":{"lnglat":{"type":"Point","coordinates":[-105.31219,39.73726]},"left_right_index":5,"mp_id":"107845790","mp_crag_id":"105746928","climb_id":"ZfeaHC98WZmo5E5zcg/caw==","areaRef":"JxTDNLD0XWWtJpDXtCKj0w=="},"content":{"description":"This is another line that is just to the right of\n\nShady Girl\n\nat the Garden Wall.  This obvious line called out to be cleaned and climbed.  It's partially clean at this point.  A brush would be useful.  It is probably safer as a TR than a lead.\n\nStart about 6 feet to the right of\n\nShady Girl\n\n.  Follow a dihedral.  The crux is likely exiting the tight dihedral on marginal gear (PG-13 or R).  A decent #2 RP protects the exit from this dihedral.  Higher up, you can finish left of a large, questionable block by clipping the last 3 bolts of\n\nShady Girl\n\nor right on moderate face if on TR.\n\nRappel off the anchors for\n\nShady Girl\n\n.\n\nJust to clarify, the block sitting up ~3/4'rds the way up is too big to just launch with the road just below.  It's fairly easy to avoid climbing right or left.\n\nFWIW, this would be more challenging to lead for a shorter climber.","protection":"TR or a possible rack of red Alien, #0.75 Camalot, green Alien, #1 BD (marginal) or a knifeblade, #2 RP, #0.5 Camalot, blue Alien, yellow Alien, 3 bolts.","location":"This ascends a dihedral about 6 feet to the right of\n\nShady Girl\n\n."},"__v":0},{"_id":"bJ1JgtfhXPiiH5T1MuBhUA==","name":"Shady Boy","yds":"5.10c","grades":{"yds":"5.10c","french":"6b"},"fa":"Richard M. Wright, Koko Kosila, Summer 2005","type":{"sport":true},"safety":"UNSPECIFIED","metadata":{"lnglat":{"type":"Point","coordinates":[-105.31219,39.73726]},"left_right_index":2,"mp_id":"105765168","mp_crag_id":"105746928","climb_id":"bJ1JgtfhXPiiH5T1MuBhUA==","areaRef":"JxTDNLD0XWWtJpDXtCKj0w=="},"content":{"description":"This is the left of two routes sharing an anchor and on the right side of the crag. A tricky sequence passing the first three clips leads to straightforward slab climbing above. The stone is solid and the climbing fun, if not overly difficult.","protection":"10 bolts and something for the double bolt anchor at the top.","location":""},"__v":0},{"_id":"PqxDMLGyUFGsBgGGKUaPsg==","name":"Shady Affair","yds":"5.11b","grades":{"yds":"5.11b","french":"6c"},"fa":"Kevin Capps","type":{"sport":true},"safety":"UNSPECIFIED","metadata":{"lnglat":{"type":"Point","coordinates":[-105.31219,39.73726]},"left_right_index":3,"mp_id":"109865759","mp_crag_id":"105746928","climb_id":"PqxDMLGyUFGsBgGGKUaPsg==","areaRef":"JxTDNLD0XWWtJpDXtCKj0w=="},"content":{"description":"This variation to\n\nShady Girl\n\nhas some powerful and reachy moves to start. The crux comes low, but the drastic change to a techy slab above is no walk in the park. Stick clipping the first two bolts might increase your confidence to go get it.","protection":"10 bolts to a shared 2 bolt anchor with\n\nShady Girl\n\n.","location":"This is the middle bolted line on the main wall."},"__v":0},{"_id":"h/LeH2VzW0q/6RhuL3plZA==","name":"Lockjaw","yds":"5.12b","grades":{"yds":"5.12b","french":"7b"},"fa":"Vaino Kodas","type":{"sport":true},"safety":"UNSPECIFIED","metadata":{"lnglat":{"type":"Point","coordinates":[-105.31219,39.73726]},"left_right_index":0,"mp_id":"112012341","mp_crag_id":"105746928","climb_id":"h/LeH2VzW0q/6RhuL3plZA==","areaRef":"JxTDNLD0XWWtJpDXtCKj0w=="},"content":{"description":"Just right of a large, right-facing corner, climb a deceptive slab to bolt 3. Lean left, clip bolt 4, then unclip 3 to prevent rope drag up higher. Climb left and up through adequately solid but appallingly chossy looking rock to reach a golden panel of rock. Decipher the fingery sequence to reach bolt 9, take a deep breath, and try not to flub the move onto the obvious ledge on the left. Climb a few more feet up a slab, and clip two bolts with chains.","protection":"9 bolts plus two for the anchor.","location":"A collection of \"historic\" debris at the base will mark the start and explain the \"Tetanus Garden\" name of the crag."},"__v":0},{"_id":"KP1mH1BOW+608CPfyes4pg==","name":"Cobra","yds":"5.12a","grades":{"yds":"5.12a","french":"7a+"},"fa":"Kevin Capps, 2013","type":{"sport":true},"safety":"UNSPECIFIED","metadata":{"lnglat":{"type":"Point","coordinates":[-105.31219,39.73726]},"left_right_index":1,"mp_id":"112013747","mp_crag_id":"105746928","climb_id":"KP1mH1BOW+608CPfyes4pg==","areaRef":"JxTDNLD0XWWtJpDXtCKj0w=="},"content":{"description":"Cobra is a fun climb that is much better than it looks! Make some techy moves in the overhanging dihedral to gain a slab above. Bring a brush, since this thing rarely gets climbed, especially now that it's closed for birds half the year.","protection":"Bolts.","location":"This is in the prominent dihedral to the left of the \"Shady routes\"."},"__v":0}],"children":[],"ancestors":"1db1e8ba-a40e-587c-88a4-64f5ea814b8e,ab48aed5-2e8d-54bb-b099-6140fe1f098f,b34b81ad-639b-5002-8b62-fcc081599499,8af5df63-9dd1-5fb2-9ef1-c3c3860494f5,2714c334-b0f4-5d65-ad26-90d7b422a3d3","pathTokens":["USA","Colorado","Golden","Clear Creek Canyon","Garden Wall, The"],"gradeContext":"US","aggregate":{"byGrade":[{"count":2,"label":"5.10c"},{"count":1,"label":"5.9+"},{"count":1,"label":"5.11b"},{"count":1,"label":"5.12b"},{"count":1,"label":"5.12a"}],"byDiscipline":{"trad":{"total":1,"bands":{"unknown":0,"beginner":0,"intermediate":1,"advanced":0,"expert":0}},"sport":{"total":5,"bands":{"unknown":0,"beginner":0,"intermediate":2,"advanced":3,"expert":0}},"tr":{"total":1,"bands":{"unknown":0,"beginner":0,"intermediate":1,"advanced":0,"expert":0}}},"byGradeBand":{"unknown":0,"beginner":0,"intermediate":3,"advanced":3,"expert":0}},"metadata":{"isBoulder":false,"isDestination":false,"leaf":true,"lnglat":{"type":"Point","coordinates":[-105.31219,39.73726]},"bbox":[-105.3127747458263,39.736810339818135,-105.31160525417368,39.737709660181864],"left_right_index":-1,"ext_id":"105746928","area_id":"JxTDNLD0XWWtJpDXtCKj0w==","polygon":{"type":"Polygon","coordinates":[[[-105.3127747458263,39.736810339818135],[-105.31160525417368,39.736810339818135],[-105.31160525417368,39.737709660181864],[-105.3127747458263,39.737709660181864],[-105.3127747458263,39.736810339818135]]]}},"content":{"description":""},"density":0,"totalClimbs":6,"__v":1,"createdAt":"2022-11-07T05:57:03.987Z","updatedAt":"2024-02-19T18:32:49.289Z"}