{"_id":"63689de0e80bff5a994fa554","area_name":"Floyd Hill Open Space","shortCode":"","climbs":[],"children":["63689de0e80bff5a994fa555"],"ancestors":"1db1e8ba-a40e-587c-88a4-64f5ea814b8e,ab48aed5-2e8d-54bb-b099-6140fe1f098f,b34b81ad-639b-5002-8b62-fcc081599499,8af5df63-9dd1-5fb2-9ef1-c3c3860494f5,1de754f8-6d8a-5c18-b6ea-794fc033fbad,65c31cbf-f01a-5d4d-844f-35466448666a","pathTokens":["USA","Colorado","Golden","Clear Creek Canyon","Clear Creek Canyon Bouldering","Floyd Hill Open Space"],"gradeContext":"US","aggregate":{"byGrade":[{"count":1,"label":"V1-2"},{"count":1,"label":"V2"}],"byDiscipline":{"bouldering":{"total":2,"bands":{"unknown":0,"beginner":0,"intermediate":2,"advanced":0,"expert":0}}},"byGradeBand":{"unknown":0,"beginner":0,"intermediate":2,"advanced":0,"expert":0}},"metadata":{"isBoulder":false,"isDestination":false,"leaf":false,"lnglat":{"type":"Point","coordinates":[-105.41237,39.722575]},"bbox":[-105.41295462132416,39.722120339818126,-105.41178537867583,39.72302966018186],"left_right_index":-1,"ext_id":"","area_id":"ZcMcv/AaXU2ETzVGZEhmag==","polygon":{"type":"Polygon","coordinates":[[[-105.41178537867583,39.722120339818126],[-105.41295462132416,39.722120339818126],[-105.41295462132416,39.72302966018186],[-105.41178537867583,39.72302966018186],[-105.41178537867583,39.722120339818126]]]}},"content":{"description":""},"density":0.4,"totalClimbs":2,"__v":1,"createdAt":"2022-11-07T05:57:04.433Z","updatedAt":"2024-01-15T16:53:44.216Z"}