{"_id":"63689de0e80bff5a994fa4eb","area_name":"New Economy Cliff","shortCode":"","climbs":[{"_id":"77Lw8HhGWmi88C4yHQDjOw==","name":"Undervalued","yds":"5.10b","grades":{"yds":"5.10b","french":"6a+"},"fa":"D'Antonio, V. Kodas, May, 2000","type":{"sport":true},"safety":"UNSPECIFIED","metadata":{"lnglat":{"type":"Point","coordinates":[-105.34674,39.74135]},"left_right_index":7,"mp_id":"105758494","mp_crag_id":"105745966","climb_id":"77Lw8HhGWmi88C4yHQDjOw==","areaRef":"5b3BeOmqVOm5zzMKDdPLIQ=="},"content":{"description":"Immediately right of\n\nLeading Indicators\n\nis fine warm up route that starts in a shallow corner system. This ascends on a system of big edges and corners to a slab-ramp shortly below the anchor. The climbing was interesting and well-protected, and the rock was essentially bomb-proof. It runs out a bit after the last clip, so watch the footwork.","protection":"Seven or eight draws and a rope.","location":"This is the rightmost of the 6 bolted lines in this left sector of the cliff."},"__v":0},{"_id":"dU4xJdgJX3WniThLaBVCAA==","name":"Tumbling Stocks","yds":"5.12a","grades":{"yds":"5.12a","french":"7a+"},"fa":"Kodas, D'Antonio, 2000","type":{"sport":true},"safety":"UNSPECIFIED","metadata":{"lnglat":{"type":"Point","coordinates":[-105.34674,39.74135]},"left_right_index":9,"mp_id":"105856516","mp_crag_id":"105745966","climb_id":"dU4xJdgJX3WniThLaBVCAA==","areaRef":"5b3BeOmqVOm5zzMKDdPLIQ=="},"content":{"description":"Just left of High Tech Sector, there is a flat spot at the base of the cliff.  Above this, there are four short routes.  Tumbling Stocks is the 2nd from the left of these.  It features interesting mantles onto sloping, smooth ledges.  Though it is fairly continuous, there are two crux sections, the first around the 3rd bolt and the second at a short, left-facing corner near the end of the pitch.  Docked a star because the 2nd crux can be avoided by moving about 2' left.","protection":"7 bolts.","location":""},"__v":0},{"_id":"/1RjtvKBXb2o0q7MDx6UqA==","name":"Selling Short","yds":"5.11b","grades":{"yds":"5.11b","french":"6c"},"fa":"V. Kodas, B. D'Antonio, 2000","type":{"sport":true},"safety":"UNSPECIFIED","metadata":{"lnglat":{"type":"Point","coordinates":[-105.34674,39.74135]},"left_right_index":11,"mp_id":"105856519","mp_crag_id":"105745966","climb_id":"/1RjtvKBXb2o0q7MDx6UqA==","areaRef":"5b3BeOmqVOm5zzMKDdPLIQ=="},"content":{"description":"Just left of High Tech Sector, there is a flat spot at the base of the cliff.  Above this, there are four short routes and one slightly longer route.  Selling Short is the second from the right of these.  There is short crux between bolts two and three, pulling decent holds over a bulge.  Seemed easier than\n\nConsumer Confidence\n\n.","protection":"4 bolts.","location":"This is the second from the right in this group of five closely spaced routes."},"__v":0},{"_id":"ENxPi+iMUBS+1uR+SL6Wsw==","name":"On The Margin","yds":"5.10c","grades":{"yds":"5.10c","french":"6b"},"fa":"Kodas, D'Antonio 2000","type":{"sport":true},"safety":"UNSPECIFIED","metadata":{"lnglat":{"type":"Point","coordinates":[-105.34674,39.74135]},"left_right_index":8,"mp_id":"105856530","mp_crag_id":"105745966","climb_id":"ENxPi+iMUBS+1uR+SL6Wsw==","areaRef":"5b3BeOmqVOm5zzMKDdPLIQ=="},"content":{"description":"Just left of High Tech Sector, there is a flat spot at the base of the cliff.  Above this, there are four short routes and one slightly longer one on the right.  On the Margin is the leftmost of these.  I haven't done it, I'm just adding it for completeness.\n\nEds. note, there is a long reach crux around the 4th bolt.","protection":"5 bolts.","location":"This is the leftmost route of these five closely spaced routes in this right section of the cliff."},"__v":0},{"_id":"4APESIhcX1OlTiEFP8g55Q==","name":"On Line Trading","yds":"5.12a","grades":{"yds":"5.12a","french":"7a+"},"fa":"Bob D. and company?","type":{"sport":true},"safety":"UNSPECIFIED","metadata":{"lnglat":{"type":"Point","coordinates":[-105.34674,39.74135]},"left_right_index":1,"mp_id":"107758070","mp_crag_id":"105745966","climb_id":"4APESIhcX1OlTiEFP8g55Q==","areaRef":"5b3BeOmqVOm5zzMKDdPLIQ=="},"content":{"description":"This is burly for the first three bolts, then you gain a ledge with some easier climbing and a punchy little ending.","protection":"Per\n\nJohn RB\n\n: 5 bolts to rusty chains.","location":"This is the leftmost bolted line."},"__v":0},{"_id":"Vc7HM5RsXvu5pjbH0HUYBA==","name":"Market Meltdown","yds":"5.10c","grades":{"yds":"5.10c","french":"6b"},"fa":"Bob D'Antonio and Vaino Kodas","type":{"sport":true},"safety":"UNSPECIFIED","metadata":{"lnglat":{"type":"Point","coordinates":[-105.34674,39.74135]},"left_right_index":5,"mp_id":"105757963","mp_crag_id":"105745966","climb_id":"Vc7HM5RsXvu5pjbH0HUYBA==","areaRef":"5b3BeOmqVOm5zzMKDdPLIQ=="},"content":{"description":"Market Meltdown is located on the left side of the cliff just left of white dyke. Climb up a short crack and follow a line of bolts up a steep wall. Excellent face moves lead to a stance below a roof. Crank over the roof and dance your way to the anchor. Excellent climbing on good stone.","protection":"Nine bolts to a two-bolt anchor.","location":""},"__v":0},{"_id":"k6eiUwAtV7KEAWMa2DCSDg==","name":"Leading Indicators","yds":"5.12c","grades":{"yds":"5.12c","french":"7b+"},"fa":"Vaino Kodas and Bob D'Antonio","type":{"sport":true},"safety":"UNSPECIFIED","metadata":{"lnglat":{"type":"Point","coordinates":[-105.34674,39.74135]},"left_right_index":6,"mp_id":"105758029","mp_crag_id":"105745966","climb_id":"k6eiUwAtV7KEAWMa2DCSDg==","areaRef":"5b3BeOmqVOm5zzMKDdPLIQ=="},"content":{"description":"Just right of Market Meltdown and a white dyke is a steep smooth face. This is Leading Indicators. Crank up the steep face past several, hard crimp moves. Reach a good rest after the third bolt and take it. After resting, follow the line of bolts up the steep wall on good holds to the anchor. Excellent technical climbing on good rock.","protection":"Nine bolts to a two-bolt anchor.","location":""},"__v":0},{"_id":"8aLjEmpWVpmB/qjKjLMsAQ==","name":"Interest Rate","yds":"5.12a/b","grades":{"yds":"5.12a/b","french":"7b"},"fa":"Vaino Kodas and Bob D'Antonio","type":{"sport":true},"safety":"UNSPECIFIED","metadata":{"lnglat":{"type":"Point","coordinates":[-105.34674,39.74135]},"left_right_index":14,"mp_id":"105756775","mp_crag_id":"105745966","climb_id":"8aLjEmpWVpmB/qjKjLMsAQ==","areaRef":"5b3BeOmqVOm5zzMKDdPLIQ=="},"content":{"description":"Just right of High Return, follow steep rock up seam/crack to a ledge. Regroup, then fire up steep wall with difficult moves to the anchor.","protection":"Eight bolts to a two-bolt anchor.","location":""},"__v":0},{"_id":"GtLRxt2wU3+0P0KZCH0Igg==","name":"Inflation","yds":"5.12b","grades":{"yds":"5.12b","french":"7b"},"fa":"Vaino Kodas and Bob D'Antonio","type":{"sport":true},"safety":"UNSPECIFIED","metadata":{"lnglat":{"type":"Point","coordinates":[-105.34674,39.74135]},"left_right_index":4,"mp_id":"105758266","mp_crag_id":"105745966","climb_id":"GtLRxt2wU3+0P0KZCH0Igg==","areaRef":"5b3BeOmqVOm5zzMKDdPLIQ=="},"content":{"description":"Inflation starts just left of Market Meltdown on the left-side of the cliff. It is the fourth route on the right when looking left to right. Climb up past the first bolt using devious holds. Follow the line of bolts up a short corner to below a steep-imposing headwall. Make a series of hard moves (crux) up the headwall to the anchor. Great climb on excellent rock.","protection":"10 bolts lead to a 2-bolt anchor.","location":""},"__v":0},{"_id":"xycJ+mlcUq20cwKEsGqCNQ==","name":"High Tech Sector","yds":"5.10b/c","grades":{"yds":"5.10b/c","french":"6b"},"fa":"unknown","type":{"sport":true},"safety":"UNSPECIFIED","metadata":{"lnglat":{"type":"Point","coordinates":[-105.34674,39.74135]},"left_right_index":12,"mp_id":"109492886","mp_crag_id":"105745966","climb_id":"xycJ+mlcUq20cwKEsGqCNQ==","areaRef":"5b3BeOmqVOm5zzMKDdPLIQ=="},"content":{"description":"This is not my route, but I enjoyed climbing it. It has lots of variation: ginger start with a steep (not overhung) finish. See what you think.","protection":"11 bolts and 2 bolt anchor.","location":"Before crossing river, identify the large, white, right-facing dihedral: this route is just just left of that.  If approaching from the left, you'll be hiking uphill and come to a small alcove/roof with 4 obvious routes and then this route. It's maybe 5 feet right of\n\nSelling Short\n\nand climbs the narrow band of rock between the roof and the corner."},"__v":0},{"_id":"9DRQ04FtVhecbiEtnzKFcw==","name":"High Return","yds":"5.12a","grades":{"yds":"5.12a","french":"7a+"},"fa":"Bob D. and company?","type":{"sport":true},"safety":"UNSPECIFIED","metadata":{"lnglat":{"type":"Point","coordinates":[-105.34674,39.74135]},"left_right_index":13,"mp_id":"107758079","mp_crag_id":"105745966","climb_id":"9DRQ04FtVhecbiEtnzKFcw==","areaRef":"5b3BeOmqVOm5zzMKDdPLIQ=="},"content":{"description":"This may be the chossiest route at New Economy, so you know it's bad.","protection":"Bolts.","location":"Just left of\n\nInterest Rate\n\n, start in the dark, exfoliating rock."},"__v":0},{"_id":"7quvG7+UVimS16WnzUTisg==","name":"Consumer Confidence","yds":"5.11c","grades":{"yds":"5.11c","french":"6c+"},"fa":"V. Kodas, B. D'Antonio, 2000","type":{"sport":true},"safety":"UNSPECIFIED","metadata":{"lnglat":{"type":"Point","coordinates":[-105.34674,39.74135]},"left_right_index":10,"mp_id":"105856523","mp_crag_id":"105745966","climb_id":"7quvG7+UVimS16WnzUTisg==","areaRef":"5b3BeOmqVOm5zzMKDdPLIQ=="},"content":{"description":"Just left of High Tech Sector, there is a flat spot at the base of the cliff.  Above this, there are four short routes.  Consumer Confidence is the\n\n3rd\n\nfrom the right of these.  The business is getting from bolt 2 to bolt four, laying away past a bulge, but I thought the hardest single move was clipping the third bolt.","protection":"5 bolts.","location":"This is the middle route of the 5 in this section of the cliff."},"__v":0},{"_id":"UWdVadMjXBiMwwf7bDRsqQ==","name":"Buy Low, Sell High","yds":"5.11+","grades":{"yds":"5.11+","french":"7a"},"fa":"Vaino Kodas and Bob D'Antonio","type":{"sport":true},"safety":"UNSPECIFIED","metadata":{"lnglat":{"type":"Point","coordinates":[-105.34674,39.74135]},"left_right_index":3,"mp_id":"105756745","mp_crag_id":"105745966","climb_id":"UWdVadMjXBiMwwf7bDRsqQ==","areaRef":"5b3BeOmqVOm5zzMKDdPLIQ=="},"content":{"description":"Just right of Buy Gold is a line of bolts leading to a steep headwall on the left side of a blunt arete. This is Buy Low, Sell High. Climb the steep slab up a short left-facing corner past several bolts. Reach a ledge below a steep headwall. Makes several long reaches climbing close to the arete. Power past the crux reaching a ledge and the anchors.","protection":"11 bolts\n\nto a two-bolt anchor.","location":""},"__v":0},{"_id":"ZORD47x9Ure7/hme2kbQZw==","name":"Buy Gold","yds":"5.11+","grades":{"yds":"5.11+","french":"7a"},"fa":"Bob D'Antonio, Nick Morrel, and Vaino Kodas","type":{"sport":true},"safety":"UNSPECIFIED","metadata":{"lnglat":{"type":"Point","coordinates":[-105.34674,39.74135]},"left_right_index":2,"mp_id":"107745864","mp_crag_id":"105745966","climb_id":"ZORD47x9Ure7/hme2kbQZw==","areaRef":"5b3BeOmqVOm5zzMKDdPLIQ=="},"content":{"description":"This has an awkward start further left than you think it should be, but ascend jugs and flakes with increasing ease to a ledge at 50 feet.  The climb really starts once you launch into the headwall.  It has nice edges and sidepulls through three bolts then easier climbing for a couple more bolts to the anchors.","protection":"11 bolts.","location":"This is the furthest left route on the lower New Economy Cliff."},"__v":0}],"children":[],"ancestors":"1db1e8ba-a40e-587c-88a4-64f5ea814b8e,ab48aed5-2e8d-54bb-b099-6140fe1f098f,b34b81ad-639b-5002-8b62-fcc081599499,8af5df63-9dd1-5fb2-9ef1-c3c3860494f5,e5bdc178-e9aa-54e9-b9cf-330a0dd3cb21","pathTokens":["USA","Colorado","Golden","Clear Creek Canyon","New Economy Cliff"],"gradeContext":"US","aggregate":{"byGrade":[{"count":1,"label":"5.10b"},{"count":3,"label":"5.12a"},{"count":1,"label":"5.11b"},{"count":2,"label":"5.10c"},{"count":1,"label":"5.12c"},{"count":1,"label":"5.12a/b"},{"count":1,"label":"5.12b"},{"count":1,"label":"5.10b/c"},{"count":1,"label":"5.11c"},{"count":2,"label":"5.11+"}],"byDiscipline":{"sport":{"total":14,"bands":{"unknown":0,"beginner":0,"intermediate":4,"advanced":10,"expert":0}}},"byGradeBand":{"unknown":0,"beginner":0,"intermediate":4,"advanced":10,"expert":0}},"metadata":{"isBoulder":false,"isDestination":false,"leaf":true,"lnglat":{"type":"Point","coordinates":[-105.34674,39.74135]},"bbox":[-105.34732478053017,39.74090033981813,-105.34615521946982,39.74179966018185],"left_right_index":-1,"ext_id":"105745966","area_id":"5b3BeOmqVOm5zzMKDdPLIQ==","polygon":{"type":"Polygon","coordinates":[[[-105.34732478053017,39.74090033981813],[-105.34615521946982,39.74090033981813],[-105.34615521946982,39.74179966018185],[-105.34732478053017,39.74179966018185],[-105.34732478053017,39.74090033981813]]]}},"content":{"description":""},"density":0,"totalClimbs":14,"__v":1,"createdAt":"2022-11-07T05:57:03.395Z","updatedAt":"2024-01-20T01:01:17.777Z"}