{"_id":"63689de0e80bff5a994fa52a","area_name":"Capitalist Crag","shortCode":"","climbs":[],"children":["63689de0e80bff5a994fa52b","63689de0e80bff5a994fa52c"],"ancestors":"1db1e8ba-a40e-587c-88a4-64f5ea814b8e,ab48aed5-2e8d-54bb-b099-6140fe1f098f,b34b81ad-639b-5002-8b62-fcc081599499,8af5df63-9dd1-5fb2-9ef1-c3c3860494f5,42b749b2-38ea-544c-934d-9290b94173bb","pathTokens":["USA","Colorado","Golden","Clear Creek Canyon","Capitalist Crag"],"gradeContext":"US","aggregate":{"byGrade":[{"count":2,"label":"5.10c"},{"count":1,"label":"5.13c"},{"count":5,"label":"5.10a"},{"count":1,"label":"5.12a"},{"count":1,"label":"5.11c"},{"count":2,"label":"5.11b"},{"count":2,"label":"5.13a"},{"count":1,"label":"5.9"},{"count":2,"label":"5.11a"},{"count":1,"label":"5.11-"},{"count":1,"label":"5.11+"},{"count":1,"label":"5.8"},{"count":1,"label":"5.9+"},{"count":1,"label":"5.10a/b"}],"byDiscipline":{"trad":{"total":3,"bands":{"unknown":0,"beginner":1,"intermediate":2,"advanced":0,"expert":0}},"sport":{"total":20,"bands":{"unknown":0,"beginner":0,"intermediate":9,"advanced":8,"expert":3}},"tr":{"total":2,"bands":{"unknown":0,"beginner":0,"intermediate":1,"advanced":1,"expert":0}}},"byGradeBand":{"unknown":0,"beginner":1,"intermediate":10,"advanced":8,"expert":3}},"metadata":{"isBoulder":false,"isDestination":false,"leaf":false,"lnglat":{"type":"Point","coordinates":[-105.32770500000001,39.73981]},"bbox":[-105.3284347702625,39.73903033981814,-105.32697523533776,39.74058966018187],"left_right_index":-1,"ext_id":"","area_id":"QrdJsjjqVEyTTZKQuUFzuw=="},"content":{"description":""},"density":4.4,"totalClimbs":22,"__v":1,"createdAt":"2022-11-07T05:57:04.425Z","updatedAt":"2022-11-25T11:26:27.347Z"}