{"_id":"63689de0e80bff5a994fa4e6","area_name":"Upper Wall","shortCode":"","climbs":[{"_id":"y2c5dk93W9eqxtjBEaOxww==","name":"Valley Girls (Crack right)","yds":"5.7+","grades":{"yds":"5.7+","french":"5a"},"fa":"Jay Eggleston?","type":{"trad":true,"tr":true},"safety":"UNSPECIFIED","metadata":{"lnglat":{"type":"Point","coordinates":[-105.34597,39.74389]},"left_right_index":4,"mp_id":"118978709","mp_crag_id":"108070782","climb_id":"y2c5dk93W9eqxtjBEaOxww==","areaRef":"60oLdRZ/Vgi36ET8MNPCUg=="},"content":{"description":"This route is fun if you want something else fairly easy at the wall. The hardest part is at the beginning when you move into the layback finger crack that ascends to the right. You can stem here and use a jug on\n\nValley Boys\n\nto get through the difficulties  Above, the crack ends and you have two choices: you can either go straight up some suspect rock with great looking holds or continue to the right and go up a small corner. The two options meet on a small ledge, and fairly easy rock takes you to the top. There is some loose rock on the route and at the top. I cleaned some of it.","protection":"A standard rack with extra cams smaller than a #0.5 Camalot. I placed a #4 Camalot near the top, but it is not necessary to have one. Anchor to a tree at the top, and walk off to the left (west).","location":"The start is at the same location as\n\nValley Boys\n\nnear the left center of the wall. The arching finger crack near the bottom is easy to see."},"__v":0},{"_id":"pPcPicllWBWUWWhthBVRPA==","name":"Valley Boys","yds":"5.7","grades":{"yds":"5.7","french":"5a"},"fa":"James Dickson","type":{"trad":true},"safety":"UNSPECIFIED","metadata":{"lnglat":{"type":"Point","coordinates":[-105.34597,39.74389]},"left_right_index":3,"mp_id":"108403825","mp_crag_id":"108070782","climb_id":"pPcPicllWBWUWWhthBVRPA==","areaRef":"60oLdRZ/Vgi36ET8MNPCUg=="},"content":{"description":"This is an obvious line connecting cracks up the middle of the crag.  It's easier than it looks, but it has a decent amount of fragile and detached flakes, so tug carefully.\n\nMove up below a funky, proboscis-like bulge.  Pass it on the left.  Continue through another short crack.  Pay attention to the flakes as you tug from here to the top.\n\nThere is a tall boulder and tree a bit further back to use for an anchor.  We went to the\n\nTetherly Designs\n\nline to rap off, but it is decently exposed.  You may be able to walk off to the right.\n\nFor me, the abundance loose features made it hard to give it a star.","protection":"The line can be protected with a rack to a #1 Camalot.  For the anchor, an old size #3.5 and #4 Camalot and a tree can be used.  Lots of slings help, perhaps 30+'.  Be careful about having slings go over some of the loose blocks if you use the tree.","location":"This goes up a set of discontinuous cracks up the middle of the crag."},"__v":0},{"_id":"MJBXA+S0V2i2uXR9vMY18g==","name":"Tower Dogs","yds":"5.10b","grades":{"yds":"5.10b","french":"6a+"},"fa":"James Dickson","type":{"trad":true,"sport":true},"safety":"UNSPECIFIED","metadata":{"lnglat":{"type":"Point","coordinates":[-105.34597,39.74389]},"left_right_index":7,"mp_id":"108392515","mp_crag_id":"108070782","climb_id":"MJBXA+S0V2i2uXR9vMY18g==","areaRef":"60oLdRZ/Vgi36ET8MNPCUg=="},"content":{"description":"This is the far right route with fixed gear on the crag.\n\nJam up the narrowing crack that angles to the right of the 1st bolt.  Pull onto the face.  Make a balancy mantle move to the second bolt.  The obvious line seems to utilize a triangular, seemingly solid hold that makes one not want to put one's face in front as you load it.  Be careful with that top block above the anchor.  It seems to be just sitting there.\n\nThe rating I gave may reflect the left shoulder discomfort I've had of late.","protection":"3 bolts, a few cams from wide hands to fingers, and a 2 bolt anchor.\n\nPer\n\nJay Eggleston\n\n: there are now biners at the anchor for lowering.","location":"This is on the far right side of the crag.  The topo photo unfortunately does not show the starting crack."},"__v":0},{"_id":"pog4aBC7Vt6TxBfzcTQFmw==","name":"Tetherly Designs","yds":"5.10-","grades":{"yds":"5.10-","french":"6a"},"fa":"Lincoln Tetherly","type":{"trad":true,"sport":true},"safety":"UNSPECIFIED","metadata":{"lnglat":{"type":"Point","coordinates":[-105.34597,39.74389]},"left_right_index":5,"mp_id":"108392496","mp_crag_id":"108070782","climb_id":"pog4aBC7Vt6TxBfzcTQFmw==","areaRef":"60oLdRZ/Vgi36ET8MNPCUg=="},"content":{"description":"This is a pleasant route up the middle of the crag that suddenly gets tricky at the top.\n\nYou can start from the left in a wide crack or scamper around from the right past a stack of rocks (cairn?) to the cleft below the 1st bolt.  A #3 Camalot-size piece can ease the mind to clip the 1st bolt, although it isn't too tough.  Move right onto the face.  Angle left to a ledge.  Clip the bolt and get small cams in the crack.  At the top, the feet get iffy and a high left step is in order.  The 2 bolt anchor is to the right.\n\nIf for some reason you want to chimney left of the 1st bolt, you can get a #4 Camalot in that slot before the 2nd bolt.\n\nThe rating I gave may reflect the left shoulder discomfort I've had of late.","protection":"2 bolts, optional #2 & #3 Camalots, #1 TCU, and a red Alien fit the crack.\n\nPer\n\nJay Eggleston\n\n: there are now biners at the anchor for lowering.","location":"This ascends an inset face in the middle of the crag."},"__v":0},{"_id":"3mYR0QRTVxucb7YwtAvN4A==","name":"Streaking","yds":"5.10","grades":{"yds":"5.10","french":"6b"},"fa":"Jay Eggleston","type":{"tr":true},"safety":"UNSPECIFIED","metadata":{"lnglat":{"type":"Point","coordinates":[-105.34597,39.74389]},"left_right_index":9,"mp_id":"119026328","mp_crag_id":"108070782","climb_id":"3mYR0QRTVxucb7YwtAvN4A==","areaRef":"60oLdRZ/Vgi36ET8MNPCUg=="},"content":{"description":"This route is okay if you want something to play on, but it is not stellar for the crag. It starts off fairly easy, and then you run into the small roof with the crux. The holds are small here for both hands and feet. Moving past here to the top, you zig-zag left and right on easier rock.","protection":"None, this is a toprope route. Anchor with nuts and cams to a #2 Camalot.","location":"The climb is on the far right side of the rock just to the right of a left-facing dihedral. It goes up a small pinnacle to a very small roof where the crux is. Standing on the pinnacle is a good rest before the crux."},"__v":0},{"_id":"Q/knsMbkVpitawwWyJymZQ==","name":"Streakers","yds":"5.10","grades":{"yds":"5.10","french":"6b"},"fa":"Jonathan Garlough (Chinos)","type":{"trad":true,"sport":true},"safety":"PG","metadata":{"lnglat":{"type":"Point","coordinates":[-105.34597,39.74389]},"left_right_index":2,"mp_id":"108403797","mp_crag_id":"108070782","climb_id":"Q/knsMbkVpitawwWyJymZQ==","areaRef":"60oLdRZ/Vgi36ET8MNPCUg=="},"content":{"description":"This is the leftmost bolted line at the Upper Wall at The Real Hidden Valley.  Apparently it is called Streakers.  It climbs a bit oddly as the obvious line of holds lie a bit to the right of the bolts.\n\nMove up and left towards the 1st bolt.  You can get yellow & orange TCUs before the bolt.  Continue up and right of the bolts on bigger features.  The crux is at the top.  You may find a line perhaps 11+ if you stay more belly-to-the-bolts.  There is no fixed anchor.  There is a tall boulder under which you can get a #3.5 and #4 Camalot.  There is a tree back from the edge that can be slung with 20+ feet of sling.  Be careful not to have your slings go over the various loose blocks up there.","protection":"4 bolts, orange & yellow TCUs, #3.5 & #4 Camalot for the anchors, and probably 30 feet of slings.","location":"This is the 2nd leftmost bolted line up at this crag.  It ascends a steepening slab."},"__v":0},{"_id":"L7IoFG5ZXBmv7+sG+tKM0A==","name":"Slot","yds":"5.6","grades":{"yds":"5.6","french":"4c"},"fa":"unknown","type":{"trad":true,"tr":true},"safety":"UNSPECIFIED","metadata":{"lnglat":{"type":"Point","coordinates":[-105.34597,39.74389]},"left_right_index":0,"mp_id":"118960221","mp_crag_id":"108070782","climb_id":"L7IoFG5ZXBmv7+sG+tKM0A==","areaRef":"60oLdRZ/Vgi36ET8MNPCUg=="},"content":{"description":"This is a crack on the far left side of the crag. The climb starts with face moves similar to those on\n\nPrissy Prancin’\n\n(basically the same moves) and continues up the crack to the top. No section is much harder than any other, but there is some loose rock near the top. The whole climb protects well.","protection":"A standard rack up to a #3 Camalot. Anchor to a tree at the top, and walk off to the left (west).","location":"The start is right behind a dead, burnt tree on the left side of the rock."},"__v":0},{"_id":"E+liQgg2VkWNiUI1LnUn7A==","name":"Prissy Prancin'","yds":"5.8+","grades":{"yds":"5.8+","french":"5b"},"fa":"Jonathan Garlough","type":{"trad":true},"safety":"PG","metadata":{"lnglat":{"type":"Point","coordinates":[-105.34597,39.74389]},"left_right_index":1,"mp_id":"108500717","mp_crag_id":"108070782","climb_id":"E+liQgg2VkWNiUI1LnUn7A==","areaRef":"60oLdRZ/Vgi36ET8MNPCUg=="},"content":{"description":"This climb starts just left of the streak on\n\nStreakers\n\n. Pull over a steep bulge down low on protruding holds. Continue up the face with decent gear. Pull through the steep and exciting orange face at the top. Find a tree to rap.","protection":"Standard rack.","location":"It is left of\n\nStreakers\n\n."},"__v":0},{"_id":"S6Kh+gz7XV2ng/TUlKzJSw==","name":"Lengthy Line","yds":"5.7","grades":{"yds":"5.7","french":"5a"},"fa":"Jay Eggleston","type":{"trad":true,"tr":true},"safety":"UNSPECIFIED","metadata":{"lnglat":{"type":"Point","coordinates":[-105.34597,39.74389]},"left_right_index":10,"mp_id":"119185230","mp_crag_id":"108070782","climb_id":"S6Kh+gz7XV2ng/TUlKzJSw==","areaRef":"60oLdRZ/Vgi36ET8MNPCUg=="},"content":{"description":"This line is amusing and is another easy trad line at the crag. It climbs the obvious crack line on the far right side of the crag. There is a fun lieback crack near the beginning which is the crux area. Be aware of loose flakes in this area. I cleaned most of the looseness. Above, there is a small overhang with a crack through it. It looks hard but is not. After this area, you are on the ledge where the other routes at the crag end. You could bail here (there are good cracks for an anchor). Above, you continue up a chimney/slot to trees on top.","protection":"A standard rack up to a #3 Camalot. There are no fixed anchors. It’s easy to anchor to a tree at the top.  Walk off to the left (west).","location":"This is a crack on the far right side of the wall starting on the left side of a block like pillar which can be used in the climb."},"__v":0},{"_id":"WKk3RSY8XzKb6MGKRIJLaQ==","name":"Better than Streaking","yds":"5.8-","grades":{"yds":"5.8-","french":"5b"},"fa":"Jay Eggleston","type":{"trad":true},"safety":"UNSPECIFIED","metadata":{"lnglat":{"type":"Point","coordinates":[-105.34597,39.74389]},"left_right_index":8,"mp_id":"119026437","mp_crag_id":"108070782","climb_id":"WKk3RSY8XzKb6MGKRIJLaQ==","areaRef":"60oLdRZ/Vgi36ET8MNPCUg=="},"content":{"description":"This is a fun, left-facing dihedral with interesting climbing and holds. The hardest part is near the bottom where you move left of a small roof. There are good holds here, but you must look hard for the easiest passage. Above, the climbing and protection are good, and the moves are fun.","protection":"A standard rack up to a #2 Camalot. Get a gear anchor at the top.","location":"On the right side of the crag, this is the best and perhaps only, dihedral. There are two small roofs where the climb is located. A small pillar is just to the right."},"__v":0},{"_id":"I0FnVJLVX/GHTsA3ipJQcQ==","name":"Battle of the Bulge","yds":"5.11d","grades":{"yds":"5.11d","french":"7a"},"fa":"John Garlough (Chinos)","type":{"trad":true,"sport":true},"safety":"UNSPECIFIED","metadata":{"lnglat":{"type":"Point","coordinates":[-105.34597,39.74389]},"left_right_index":6,"mp_id":"108403832","mp_crag_id":"108070782","climb_id":"I0FnVJLVX/GHTsA3ipJQcQ==","areaRef":"60oLdRZ/Vgi36ET8MNPCUg=="},"content":{"description":"This is the second bolted line from the right at the Upper Wall of the Real Hidden Valley.  It is a good route, but those under 5'10\" may find avoiding the initial roof to be more enjoyable.\n\nA stick clip may be useful for the 1st bolt.  Pull over the initial roof (crux) to the right of the 1st bolt.  Taller folks may find the pull easier.  You can get yellow and orange TCUs in a horizontal.  Drift right getting a good flake to the right of the 2nd bolt.  Find curiously good holds that keep appearing to finish at the bolt anchor.\n\nThe crux is somewhat reminiscent of the cruxes of\n\nRush Hour\n\nand\n\nAnimal Riots Activist\n\n.\n\nNote, a shorter climber may find it better to traverse in from the left after clipping the 1st bolt for\n\nTetherly Designs\n\n.\n\nThe rating I gave may reflect the left shoulder discomfort I've had of late.","protection":"3 bolts, yellow and orange TCUs, and a 2 bolt anchor with links and biners.","location":"This is the 2nd bolted line from the right at the crag."},"__v":0}],"children":[],"ancestors":"1db1e8ba-a40e-587c-88a4-64f5ea814b8e,ab48aed5-2e8d-54bb-b099-6140fe1f098f,b34b81ad-639b-5002-8b62-fcc081599499,8af5df63-9dd1-5fb2-9ef1-c3c3860494f5,5ac76ccf-acb4-5c5a-b75c-a2b77cfaab1f,eb4a0b75-167f-5608-b7e8-44fc30d3c252","pathTokens":["USA","Colorado","Golden","Clear Creek Canyon","Real Hidden Valley","Upper Wall"],"gradeContext":"US","aggregate":{"byGrade":[{"count":1,"label":"5.7+"},{"count":2,"label":"5.7"},{"count":1,"label":"5.10b"},{"count":1,"label":"5.10-"},{"count":2,"label":"5.10"},{"count":1,"label":"5.6"},{"count":1,"label":"5.8+"},{"count":1,"label":"5.8-"},{"count":1,"label":"5.11d"}],"byDiscipline":{"trad":{"total":10,"bands":{"unknown":0,"beginner":6,"intermediate":3,"advanced":1,"expert":0}},"sport":{"total":4,"bands":{"unknown":0,"beginner":0,"intermediate":3,"advanced":1,"expert":0}},"tr":{"total":4,"bands":{"unknown":0,"beginner":3,"intermediate":1,"advanced":0,"expert":0}}},"byGradeBand":{"unknown":0,"beginner":6,"intermediate":4,"advanced":1,"expert":0}},"metadata":{"isBoulder":false,"isDestination":false,"leaf":true,"lnglat":{"type":"Point","coordinates":[-105.34597,39.74389]},"bbox":[-105.34655480208578,39.74344033981814,-105.3453851979142,39.74433966018187],"left_right_index":-1,"ext_id":"108070782","area_id":"60oLdRZ/Vgi36ET8MNPCUg==","polygon":{"type":"Polygon","coordinates":[[[-105.34655480208578,39.74344033981814],[-105.3453851979142,39.74344033981814],[-105.3453851979142,39.74433966018187],[-105.34655480208578,39.74433966018187],[-105.34655480208578,39.74344033981814]]]}},"content":{"description":""},"density":0,"totalClimbs":11,"__v":1,"createdAt":"2022-11-07T05:57:03.395Z","updatedAt":"2024-01-20T01:01:17.226Z"}