{"_id":"63689de0e80bff5a994fa55b","area_name":"Broken Ship, The","shortCode":"","climbs":[{"_id":"980soK/qUbyNitYUIAKKwA==","name":"The Finest Hour","yds":"V4-5","grades":{"yds":"V4-5","font":"6B+","vscale":"V4-5"},"fa":"Chris Deuto","type":{"bouldering":true},"safety":"UNSPECIFIED","metadata":{"lnglat":{"type":"Point","coordinates":[-105.41606,39.7388]},"left_right_index":0,"mp_id":"118621595","mp_crag_id":"118621550","climb_id":"980soK/qUbyNitYUIAKKwA==","areaRef":"j3Ukw6wDU4i0IOKuELGsaA=="},"content":{"description":"The Finest Hour is an absolutely incredible and extremely tall highball following a perfect line of holds up the middle of the Broken Ship. Begin on the ledge right in the middle of the boulder, and fire up a beautiful path of amazingly consistent lockoffs between incut crimps. No move is harder than another, though the crux is probably the move to the lip - 30 feet off the deck.","protection":"Many pads or none. The landing is fairly good.","location":"On the Broken Ship, it is the obvious line right up the middle of the tall face following a white streak."},"__v":0}],"children":[],"ancestors":"1db1e8ba-a40e-587c-88a4-64f5ea814b8e,ab48aed5-2e8d-54bb-b099-6140fe1f098f,b34b81ad-639b-5002-8b62-fcc081599499,8af5df63-9dd1-5fb2-9ef1-c3c3860494f5,1de754f8-6d8a-5c18-b6ea-794fc033fbad,3e69eb7e-5258-5797-8bb3-a4042c0dc120,8f7524c3-ac03-5388-b420-e2ae10b1ac68","pathTokens":["USA","Colorado","Golden","Clear Creek Canyon","Clear Creek Canyon Bouldering","Army Of The Dead","Broken Ship, The"],"gradeContext":"US","aggregate":{"byGrade":[{"count":1,"label":"V4-5"}],"byDiscipline":{"boulder":{"total":1,"bands":{"unknown":0,"beginner":0,"intermediate":0,"advanced":1,"expert":0}}},"byGradeBand":{"unknown":0,"beginner":0,"intermediate":0,"advanced":1,"expert":0}},"metadata":{"isBoulder":false,"isDestination":false,"leaf":true,"lnglat":{"type":"Point","coordinates":[-105.41606,39.7388]},"bbox":[-105.41664475889245,39.73835033981814,-105.41547524110754,39.73924966018186],"left_right_index":-1,"ext_id":"118621550","area_id":"j3Ukw6wDU4i0IOKuELGsaA=="},"content":{"description":""},"density":0,"totalClimbs":1,"__v":1,"createdAt":"2022-11-07T05:57:04.915Z","updatedAt":"2022-11-25T11:17:57.781Z"}